Component: ARM Compiler 5.06 update 7 (build 960) Tool: armlink [4d3601]

==============================================================================

Section Cross References

    startup_stm32f407xx.o(RESET) refers to startup_stm32f407xx.o(STACK) for __initial_sp
    startup_stm32f407xx.o(RESET) refers to startup_stm32f407xx.o(.text) for Reset_Handler
    startup_stm32f407xx.o(RESET) refers to stm32f4xx_it.o(i.NMI_Handler) for NMI_Handler
    startup_stm32f407xx.o(RESET) refers to stm32f4xx_it.o(i.HardFault_Handler) for HardFault_Handler
    startup_stm32f407xx.o(RESET) refers to stm32f4xx_it.o(i.MemManage_Handler) for MemManage_Handler
    startup_stm32f407xx.o(RESET) refers to stm32f4xx_it.o(i.BusFault_Handler) for BusFault_Handler
    startup_stm32f407xx.o(RESET) refers to stm32f4xx_it.o(i.UsageFault_Handler) for UsageFault_Handler
    startup_stm32f407xx.o(RESET) refers to stm32f4xx_it.o(i.SVC_Handler) for SVC_Handler
    startup_stm32f407xx.o(RESET) refers to stm32f4xx_it.o(i.DebugMon_Handler) for DebugMon_Handler
    startup_stm32f407xx.o(RESET) refers to stm32f4xx_it.o(i.PendSV_Handler) for PendSV_Handler
    startup_stm32f407xx.o(RESET) refers to stm32f4xx_it.o(i.SysTick_Handler) for SysTick_Handler
    startup_stm32f407xx.o(RESET) refers to stm32f4xx_it.o(i.DMA1_Stream2_IRQHandler) for DMA1_Stream2_IRQHandler
    startup_stm32f407xx.o(RESET) refers to stm32f4xx_it.o(i.DMA1_Stream4_IRQHandler) for DMA1_Stream4_IRQHandler
    startup_stm32f407xx.o(RESET) refers to stm32f4xx_it.o(i.ADC_IRQHandler) for ADC_IRQHandler
    startup_stm32f407xx.o(RESET) refers to stm32f4xx_it.o(i.TIM1_BRK_TIM9_IRQHandler) for TIM1_BRK_TIM9_IRQHandler
    startup_stm32f407xx.o(RESET) refers to stm32f4xx_it.o(i.TIM3_IRQHandler) for TIM3_IRQHandler
    startup_stm32f407xx.o(RESET) refers to stm32f4xx_it.o(i.TIM5_IRQHandler) for TIM5_IRQHandler
    startup_stm32f407xx.o(RESET) refers to stm32f4xx_it.o(i.UART4_IRQHandler) for UART4_IRQHandler
    startup_stm32f407xx.o(RESET) refers to stm32f4xx_it.o(i.DMA2_Stream0_IRQHandler) for DMA2_Stream0_IRQHandler
    startup_stm32f407xx.o(RESET) refers to stm32f4xx_it.o(i.DMA2_Stream2_IRQHandler) for DMA2_Stream2_IRQHandler
    startup_stm32f407xx.o(RESET) refers to stm32f4xx_it.o(i.USART6_IRQHandler) for USART6_IRQHandler
    startup_stm32f407xx.o(.text) refers to system_stm32f4xx.o(i.SystemInit) for SystemInit
    startup_stm32f407xx.o(.text) refers to entry.o(.ARM.Collect$$$$00000000) for __main
    main.o(i.HAL_ADC_ConvCpltCallback) refers to adc_measure.o(i.ADC_DMA_ConvCpltCallback) for ADC_DMA_ConvCpltCallback
    main.o(i.SystemClock_Config) refers to memseta.o(.text) for __aeabi_memclr4
    main.o(i.SystemClock_Config) refers to stm32f4xx_hal_rcc.o(i.HAL_RCC_OscConfig) for HAL_RCC_OscConfig
    main.o(i.SystemClock_Config) refers to stm32f4xx_hal_rcc.o(i.HAL_RCC_ClockConfig) for HAL_RCC_ClockConfig
    main.o(i.main) refers to stm32f4xx_hal.o(i.HAL_Init) for HAL_Init
    main.o(i.main) refers to main.o(i.SystemClock_Config) for SystemClock_Config
    main.o(i.main) refers to gpio.o(i.MX_GPIO_Init) for MX_GPIO_Init
    main.o(i.main) refers to dma.o(i.MX_DMA_Init) for MX_DMA_Init
    main.o(i.main) refers to tim.o(i.MX_TIM2_Init) for MX_TIM2_Init
    main.o(i.main) refers to tim.o(i.MX_TIM4_Init) for MX_TIM4_Init
    main.o(i.main) refers to adc.o(i.MX_ADC1_Init) for MX_ADC1_Init
    main.o(i.main) refers to adc.o(i.MX_ADC2_Init) for MX_ADC2_Init
    main.o(i.main) refers to adc.o(i.MX_ADC3_Init) for MX_ADC3_Init
    main.o(i.main) refers to i2c.o(i.MX_I2C1_Init) for MX_I2C1_Init
    main.o(i.main) refers to i2c.o(i.MX_I2C3_Init) for MX_I2C3_Init
    main.o(i.main) refers to usart.o(i.MX_USART6_UART_Init) for MX_USART6_UART_Init
    main.o(i.main) refers to tim.o(i.MX_TIM5_Init) for MX_TIM5_Init
    main.o(i.main) refers to tim.o(i.MX_TIM3_Init) for MX_TIM3_Init
    main.o(i.main) refers to usart.o(i.MX_UART4_Init) for MX_UART4_Init
    main.o(i.main) refers to tim.o(i.MX_TIM9_Init) for MX_TIM9_Init
    main.o(i.main) refers to lcd_init.o(i.LCD_Init) for LCD_Init
    main.o(i.main) refers to lcd.o(i.LCD_Fill) for LCD_Fill
    main.o(i.main) refers to jy60.o(i.JY60DMA_Init) for JY60DMA_Init
    main.o(i.main) refers to adc_measure.o(i.ADC_Measure_Init) for ADC_Measure_Init
    main.o(i.main) refers to lcd.o(i.LCD_ShowString) for LCD_ShowString
    main.o(i.main) refers to as5600.o(i.AS5600_Init) for AS5600_Init
    main.o(i.main) refers to stm32f4xx_hal_tim.o(i.HAL_TIM_Base_Start_IT) for HAL_TIM_Base_Start_IT
    main.o(i.main) refers to adc_measure.o(i.ADC_Calibrate_Current_Sensors) for ADC_Calibrate_Current_Sensors
    main.o(i.main) refers to simplefoc.o(i.FOC_Init) for FOC_Init
    main.o(i.main) refers to simplefoc.o(i.FOC_AttachDefaultHAL) for FOC_AttachDefaultHAL
    main.o(i.main) refers to simplefoc.o(i.FOC_AttachMotor2HAL) for FOC_AttachMotor2HAL
    main.o(i.main) refers to simplefoc.o(i.FOC_SetVoltageLimit) for FOC_SetVoltageLimit
[...]
    i.MX_TIM4_Init                           0x08004864   Section        0  tim.o(i.MX_TIM4_Init)
    i.MX_TIM5_Init                           0x08004910   Section        0  tim.o(i.MX_TIM5_Init)
    i.MX_TIM9_Init                           0x08004978   Section        0  tim.o(i.MX_TIM9_Init)
    i.MX_UART4_Init                          0x080049c4   Section        0  usart.o(i.MX_UART4_Init)
    i.MX_USART6_UART_Init                    0x080049fc   Section        0  usart.o(i.MX_USART6_UART_Init)
    i.MemManage_Handler                      0x08004a34   Section        0  stm32f4xx_it.o(i.MemManage_Handler)
    i.NMI_Handler                            0x08004a36   Section        0  stm32f4xx_it.o(i.NMI_Handler)
    i.PendSV_Handler                         0x08004a38   Section        0  stm32f4xx_it.o(i.PendSV_Handler)
    i.SVC_Handler                            0x08004a3a   Section        0  stm32f4xx_it.o(i.SVC_Handler)
    i.SysTick_Handler                        0x08004a3c   Section        0  stm32f4xx_it.o(i.SysTick_Handler)
    i.SystemClock_Config                     0x08004a40   Section        0  main.o(i.SystemClock_Config)
    i.SystemInit                             0x08004ad4   Section        0  system_stm32f4xx.o(i.SystemInit)
    i.TIM1_BRK_TIM9_IRQHandler               0x08004ae4   Section        0  stm32f4xx_it.o(i.TIM1_BRK_TIM9_IRQHandler)
    i.TIM3_IRQHandler                        0x08004af0   Section        0  stm32f4xx_it.o(i.TIM3_IRQHandler)
    i.TIM5_IRQHandler                        0x08004afc   Section        0  stm32f4xx_it.o(i.TIM5_IRQHandler)
    i.TIM_Base_SetConfig                     0x08004b08   Section        0  stm32f4xx_hal_tim.o(i.TIM_Base_SetConfig)
    i.TIM_CCxChannelCmd                      0x08004bd8   Section        0  stm32f4xx_hal_tim.o(i.TIM_CCxChannelCmd)
    i.TIM_ETR_SetConfig                      0x08004bf2   Section        0  stm32f4xx_hal_tim.o(i.TIM_ETR_SetConfig)
    i.TIM_ITRx_SetConfig                     0x08004c06   Section        0  stm32f4xx_hal_tim.o(i.TIM_ITRx_SetConfig)
    TIM_ITRx_SetConfig                       0x08004c07   Thumb Code    16  stm32f4xx_hal_tim.o(i.TIM_ITRx_SetConfig)
    i.TIM_OC1_SetConfig                      0x08004c18   Section        0  stm32f4xx_hal_tim.o(i.TIM_OC1_SetConfig)
    TIM_OC1_SetConfig                        0x08004c19   Thumb Code    88  stm32f4xx_hal_tim.o(i.TIM_OC1_SetConfig)
    i.TIM_OC2_SetConfig                      0x08004c78   Section        0  stm32f4xx_hal_tim.o(i.TIM_OC2_SetConfig)
    i.TIM_OC3_SetConfig                      0x08004ce4   Section        0  stm32f4xx_hal_tim.o(i.TIM_OC3_SetConfig)
    TIM_OC3_SetConfig                        0x08004ce5   Thumb Code    96  stm32f4xx_hal_tim.o(i.TIM_OC3_SetConfig)
    i.TIM_OC4_SetConfig                      0x08004d4c   Section        0  stm32f4xx_hal_tim.o(i.TIM_OC4_SetConfig)
    TIM_OC4_SetConfig                        0x08004d4d   Thumb Code    70  stm32f4xx_hal_tim.o(i.TIM_OC4_SetConfig)
    i.TIM_TI1_ConfigInputStage               0x08004d9c   Section        0  stm32f4xx_hal_tim.o(i.TIM_TI1_ConfigInputStage)
    TIM_TI1_ConfigInputStage                 0x08004d9d   Thumb Code    34  stm32f4xx_hal_tim.o(i.TIM_TI1_ConfigInputStage)
    i.TIM_TI2_ConfigInputStage               0x08004dbe   Section        0  stm32f4xx_hal_tim.o(i.TIM_TI2_ConfigInputStage)
    TIM_TI2_ConfigInputStage                 0x08004dbf   Thumb Code    36  stm32f4xx_hal_tim.o(i.TIM_TI2_ConfigInputStage)
    i.UART4_IRQHandler                       0x08004de4   Section        0  stm32f4xx_it.o(i.UART4_IRQHandler)
    i.UART_DMAAbortOnError                   0x08004df0   Section        0  stm32f4xx_hal_uart.o(i.UART_DMAAbortOnError)
    UART_DMAAbortOnError                     0x08004df1   Thumb Code    14  stm32f4xx_hal_uart.o(i.UART_DMAAbortOnError)
    i.UART_DMAError                          0x08004dfe   Section        0  stm32f4xx_hal_uart.o(i.UART_DMAError)
    UART_DMAError                            0x08004dff   Thumb Code    74  stm32f4xx_hal_uart.o(i.UART_DMAError)
    i.UART_DMAReceiveCplt                    0x08004e48   Section        0  stm32f4xx_hal_uart.o(i.UART_DMAReceiveCplt)
    UART_DMAReceiveCplt                      0x08004e49   Thumb Code   134  stm32f4xx_hal_uart.o(i.UART_DMAReceiveCplt)
    i.UART_DMARxHalfCplt                     0x08004ece   Section        0  stm32f4xx_hal_uart.o(i.UART_DMARxHalfCplt)
    UART_DMARxHalfCplt                       0x08004ecf   Thumb Code    30  stm32f4xx_hal_uart.o(i.UART_DMARxHalfCplt)
    i.UART_EndRxTransfer                     0x08004eec   Section        0  stm32f4xx_hal_uart.o(i.UART_EndRxTransfer)
    UART_EndRxTransfer                       0x08004eed   Thumb Code    78  stm32f4xx_hal_uart.o(i.UART_EndRxTransfer)
    i.UART_EndTxTransfer                     0x08004f3a   Section        0  stm32f4xx_hal_uart.o(i.UART_EndTxTransfer)
    UART_EndTxTransfer                       0x08004f3b   Thumb Code    28  stm32f4xx_hal_uart.o(i.UART_EndTxTransfer)
    i.UART_Receive_IT                        0x08004f56   Section        0  stm32f4xx_hal_uart.o(i.UART_Receive_IT)
    UART_Receive_IT                          0x08004f57   Thumb Code   194  stm32f4xx_hal_uart.o(i.UART_Receive_IT)
    i.UART_SetConfig                         0x08005018   Section        0  stm32f4xx_hal_uart.o(i.UART_SetConfig)
    UART_SetConfig                           0x08005019   Thumb Code   258  stm32f4xx_hal_uart.o(i.UART_SetConfig)
    i.UART_Start_Receive_DMA                 0x08005124   Section        0  stm32f4xx_hal_uart.o(i.UART_Start_Receive_DMA)
    i.UART_WaitOnFlagUntilTimeout            0x080051c4   Section        0  stm32f4xx_hal_uart.o(i.UART_WaitOnFlagUntilTimeout)
    UART_WaitOnFlagUntilTimeout              0x080051c5   Thumb Code   114  stm32f4xx_hal_uart.o(i.UART_WaitOnFlagUntilTimeout)
    i.USART6_IRQHandler                      0x08005238   Section        0  stm32f4xx_it.o(i.USART6_IRQHandler)
    i.UsageFault_Handler                     0x08005244   Section        0  stm32f4xx_it.o(i.UsageFault_Handler)
    i.__0printf                              0x08005248   Section        0  printfa.o(i.__0printf)
    i.__NVIC_SetPriority                     0x08005268   Section        0  stm32f4xx_hal_cortex.o(i.__NVIC_SetPriority)
    __NVIC_SetPriority                       0x08005269   Thumb Code    32  stm32f4xx_hal_cortex.o(i.__NVIC_SetPriority)
    i.__hardfp_fmaxf                         0x08005288   Section        0  fmaxf.o(i.__hardfp_fmaxf)
    i.__hardfp_fminf                         0x080052d0   Section        0  fminf.o(i.__hardfp_fminf)
    i.__hardfp_fmodf                         0x08005318   Section        0  fmodf.o(i.__hardfp_fmodf)
    i.__mathlib_flt_invalid                  0x080053c8   Section        0  funder.o(i.__mathlib_flt_invalid)
    i.__scatterload_copy                     0x080053d8   Section       14  handlers.o(i.__scatterload_copy)
    i.__scatterload_null                     0x080053e6   Section        2  handlers.o(i.__scatterload_null)
    i.__scatterload_zeroinit                 0x080053e8   Section       14  handlers.o(i.__scatterload_zeroinit)
    i.__set_errno                            0x080053f8   Section        0  errno.o(i.__set_errno)
    i._fp_digits                             0x08005404   Section        0  printfa.o(i._fp_digits)
    _fp_digits                               0x08005405   Thumb Code   366  printfa.o(i._fp_digits)
    i._printf_core                           0x08005588   Section        0  printfa.o(i._printf_core)
    _printf_core                             0x08005589   Thumb Code  1704  printfa.o(i._printf_core)
    i._printf_post_padding                   0x08005c3c   Section        0  printfa.o(i._printf_post_padding)
    _printf_post_padding                     0x08005c3d   Thumb Code    36  printfa.o(i._printf_post_padding)
    i._printf_pre_padding                    0x08005c60   Section        0  printfa.o(i._printf_pre_padding)
    _printf_pre_padding                      0x08005c61   Thumb Code    46  printfa.o(i._printf_pre_padding)
    i.adc_to_current                         0x08005c90   Section        0  adc_measure.o(i.adc_to_current)
    adc_to_current                           0x08005c91   Thumb Code    26  adc_measure.o(i.adc_to_current)
    i.default_board_get_bus_voltage          0x08005cb0   Section        0  simplefoc.o(i.default_board_get_bus_voltage)
    default_board_get_bus_voltage            0x08005cb1   Thumb Code     6  simplefoc.o(i.default_board_get_bus_voltage)
    i.default_board_get_velocity             0x08005cb8   Section        0  simplefoc.o(i.default_board_get_velocity)
    default_board_get_velocity               0x08005cb9   Thumb Code     6  simplefoc.o(i.default_board_get_velocity)
    i.default_board_read_angle               0x08005cc4   Section        0  simplefoc.o(i.default_board_read_angle)
    default_board_read_angle                 0x08005cc5   Thumb Code     6  simplefoc.o(i.default_board_read_angle)
    i.default_board_read_currents            0x08005cd0   Section        0  simplefoc.o(i.default_board_read_currents)
    default_board_read_currents              0x08005cd1   Thumb Code    52  simplefoc.o(i.default_board_read_currents)
    i.default_board_set_voltages             0x08005d04   Section        0  simplefoc.o(i.default_board_set_voltages)
    default_board_set_voltages               0x08005d05   Thumb Code   206  simplefoc.o(i.default_board_set_voltages)
    i.fputc                                  0x08005ddc   Section        0  serial.o(i.fputc)
    i.key_currentLoop                        0x08005df4   Section        0  key.o(i.key_currentLoop)
    i.main                                   0x08005ebc   Section        0  main.o(i.main)
    i.motor2_get_bus_voltage                 0x08006048   Section        0  simplefoc.o(i.motor2_get_bus_voltage)
    motor2_get_bus_voltage                   0x08006049   Thumb Code     6  simplefoc.o(i.motor2_get_bus_voltage)
    i.motor2_get_velocity                    0x08006050   Section        0  simplefoc.o(i.motor2_get_velocity)
    motor2_get_velocity                      0x08006051   Thumb Code     6  simplefoc.o(i.motor2_get_velocity)
    i.motor2_read_angle                      0x0800605c   Section        0  simplefoc.o(i.motor2_read_angle)
    motor2_read_angle                        0x0800605d   Thumb Code     6  simplefoc.o(i.motor2_read_angle)
    i.motor2_read_currents                   0x08006068   Section        0  simplefoc.o(i.motor2_read_currents)
    motor2_read_currents                     0x08006069   Thumb Code    64  simplefoc.o(i.motor2_read_currents)
    i.motor2_set_voltages                    0x080060a8   Section        0  simplefoc.o(i.motor2_set_voltages)
    motor2_set_voltages                      0x080060a9   Thumb Code   206  simplefoc.o(i.motor2_set_voltages)
    i.vofa_currentLoop_Allmotor              0x08006180   Section        0  vofa.o(i.vofa_currentLoop_Allmotor)
    .constdata                               0x080062c0   Section        8  stm32f4xx_hal_dma.o(.constdata)
    flagBitshiftOffset                       0x080062c0   Data           8  stm32f4xx_hal_dma.o(.constdata)
    .constdata                               0x080062c8   Section       16  system_stm32f4xx.o(.constdata)
    .constdata                               0x080062d8   Section        8  system_stm32f4xx.o(.constdata)
    .constdata                               0x080062e0   Section    13564  lcd.o(.constdata)
    .constdata                               0x080097dc   Section       40  simplefoc.o(.constdata)
    .data                                    0x20000000   Section       12  stm32f4xx_hal.o(.data)
    .data                                    0x2000000c   Section        4  system_stm32f4xx.o(.data)
    .data                                    0x20000010   Section       60  adc_measure.o(.data)
    motor1_current_filter_inited             0x20000010   Data           1  adc_measure.o(.data)
    motor2_current_filter_inited             0x20000011   Data           1  adc_measure.o(.data)
    adc2_conv_complete                       0x20000012   Data           1  adc_measure.o(.data)
    adc3_conv_complete                       0x20000013   Data           1  adc_measure.o(.data)
    motor1_adc_latched_a                     0x20000014   Data           2  adc_measure.o(.data)
    motor1_adc_latched_b                     0x20000016   Data           2  adc_measure.o(.data)
    motor2_adc_latched_a                     0x20000018   Data           2  adc_measure.o(.data)
    motor2_adc_latched_b                     0x2000001a   Data           2  adc_measure.o(.data)
    motor1_adc_offset_a                      0x2000001c   Data           2  adc_measure.o(.data)
    motor1_adc_offset_b                      0x2000001e   Data           2  adc_measure.o(.data)
    motor2_adc_offset_a                      0x20000020   Data           2  adc_measure.o(.data)
    motor2_adc_offset_b                      0x20000022   Data           2  adc_measure.o(.data)
    motor1_current_a_filtered                0x2000002c   Data           4  adc_measure.o(.data)
    motor1_current_b_filtered                0x20000030   Data           4  adc_measure.o(.data)
    motor1_current_a_filtered_2              0x20000034   Data           4  adc_measure.o(.data)
    motor1_current_b_filtered_2              0x20000038   Data           4  adc_measure.o(.data)
    motor2_current_a_filtered                0x2000003c   Data           4  adc_measure.o(.data)
    motor2_current_b_filtered                0x20000040   Data           4  adc_measure.o(.data)
    motor2_current_a_filtered_2              0x20000044   Data           4  adc_measure.o(.data)
    motor2_current_b_filtered_2              0x20000048   Data           4  adc_measure.o(.data)
    .data                                    0x2000004c   Section        8  jy60.o(.data)
    s_frame_idx                              0x2000004c   Data           1  jy60.o(.data)
    s_accel_scale                            0x20000050   Data           4  jy60.o(.data)
    .data                                    0x20000054   Section       28  key.o(.data)
    last_time                                0x20000060   Data           4  key.o(.data)
    last_time                                0x20000064   Data           4  key.o(.data)
    last_time                                0x20000068   Data           4  key.o(.data)
    .data                                    0x20000070   Section        1  blance.o(.data)
    encoder_toggle                           0x20000070   Data           1  blance.o(.data)
    .data                                    0x20000074   Section        4  stdout.o(.data)
    .data                                    0x20000078   Section        4  errno.o(.data)
    _errno                                   0x20000078   Data           4  errno.o(.data)
    .bss                                     0x2000007c   Section      544  main.o(.bss)
    .bss                                     0x2000029c   Section      408  adc.o(.bss)
    .bss                                     0x20000434   Section      168  i2c.o(.bss)
    .bss                                     0x200004dc   Section      360  tim.o(.bss)
    .bss                                     0x20000644   Section      336  usart.o(.bss)
    .bss                                     0x20000794   Section       16  as5600.o(.bss)
    s_instances                              0x20000794   Data          16  as5600.o(.bss)
    .bss                                     0x200007a4   Section      307  jy60.o(.bss)
    s_rx_buf                                 0x200007a4   Data         256  jy60.o(.bss)
    s_data                                   0x200008a4   Data          40  jy60.o(.bss)
    s_frame_buf                              0x200008cc   Data          11  jy60.o(.bss)
    .bss                                     0x200008d8   Section       40  blance.o(.bss)
    STACK                                    0x20000900   Section     1024  startup_stm32f407xx.o(STACK)

    Global Symbols

    Symbol Name                              Value     Ov Type        Size  Object(Section)

    BuildAttributes$$THM_ISAv4$E$P$D$K$B$S$7EM$VFPi3$EXTD16$VFPS$VFMA$PE$A:L22UL41UL21$X:L11$S22US41US21$IEEE1$IW$USESV6$~STKCKD$USESV7$~SHL$OTIME$ROPI$IEEEX$EBA8$MICROLIB$REQ8$PRES8$EABIv2 0x00000000   Number         0  anon$$obj.o ABSOLUTE
    __ARM_use_no_argv                        0x00000000   Number         0  main.o ABSOLUTE
    _printf_a                                0x00000000   Number         0  stubs.o ABSOLUTE
    _printf_c                                0x00000000   Number         0  stubs.o ABSOLUTE
    _printf_charcount                        0x00000000   Number         0  stubs.o ABSOLUTE
    _printf_d                                0x00000000   Number         0  stubs.o ABSOLUTE
    _printf_e                                0x00000000   Number         0  stubs.o ABSOLUTE
    _printf_f                                0x00000000   Number         0  stubs.o ABSOLUTE
    _printf_flags                            0x00000000   Number         0  stubs.o ABSOLUTE
    _printf_fp_dec                           0x00000000   Number         0  stubs.o ABSOLUTE
    _printf_fp_hex                           0x00000000   Number         0  stubs.o ABSOLUTE
    _printf_g                                0x00000000   Number         0  stubs.o ABSOLUTE
    _printf_i                                0x00000000   Number         0  stubs.o ABSOLUTE
    _printf_int_dec                          0x00000000   Number         0  stubs.o ABSOLUTE
    _printf_l                                0x00000000   Number         0  stubs.o ABSOLUTE
    _printf_lc                               0x00000000   Number         0  stubs.o ABSOLUTE
    _printf_ll                               0x00000000   Number         0  stubs.o ABSOLUTE
    _printf_lld                              0x00000000   Number         0  stubs.o ABSOLUTE
    _printf_lli                              0x00000000   Number         0  stubs.o ABSOLUTE
    _printf_llo                              0x00000000   Number         0  stubs.o ABSOLUTE
    _printf_llu                              0x00000000   Number         0  stubs.o ABSOLUTE
    _printf_llx                              0x00000000   Number         0  stubs.o ABSOLUTE
    _printf_longlong_dec                     0x00000000   Number         0  stubs.o ABSOLUTE
    _printf_longlong_hex                     0x00000000   Number         0  stubs.o ABSOLUTE
    _printf_longlong_oct                     0x00000000   Number         0  stubs.o ABSOLUTE
    _printf_ls                               0x00000000   Number         0  stubs.o ABSOLUTE
    _printf_mbtowc                           0x00000000   Number         0  stubs.o ABSOLUTE
    _printf_n                                0x00000000   Number         0  stubs.o ABSOLUTE
    _printf_o                                0x00000000   Number         0  stubs.o ABSOLUTE
    _printf_p                                0x00000000   Number         0  stubs.o ABSOLUTE
    _printf_percent                          0x00000000   Number         0  stubs.o ABSOLUTE
    _printf_pre_padding                      0x00000000   Number         0  stubs.o ABSOLUTE
    _printf_return_value                     0x00000000   Number         0  stubs.o ABSOLUTE
    _printf_s                                0x00000000   Number         0  stubs.o ABSOLUTE
    _printf_sizespec                         0x00000000   Number         0  stubs.o ABSOLUTE
    _printf_str                              0x00000000   Number         0  stubs.o ABSOLUTE
    _printf_truncate_signed                  0x00000000   Number         0  stubs.o ABSOLUTE
    _printf_truncate_unsigned                0x00000000   Number         0  stubs.o ABSOLUTE
    _printf_u                                0x00000000   Number         0  stubs.o ABSOLUTE
    _printf_wc                               0x00000000   Number         0  stubs.o ABSOLUTE
    _printf_wctomb                           0x00000000   Number         0  stubs.o ABSOLUTE
    _printf_widthprec                        0x00000000   Number         0  stubs.o ABSOLUTE
    _printf_x                                0x00000000   Number         0  stubs.o ABSOLUTE
    __arm_fini_                               - Undefined Weak Reference
    __cpp_initialize__aeabi_                  - Undefined Weak Reference
    __cxa_finalize                            - Undefined Weak Reference
    __decompress                              - Undefined Weak Reference
    _clock_init                               - Undefined Weak Reference
    _microlib_exit                            - Undefined Weak Reference
    __Vectors_Size                           0x00000188   Number         0  startup_stm32f407xx.o ABSOLUTE
    __Vectors                                0x08000000   Data           4  startup_stm32f407xx.o(RESET)
    __Vectors_End                            0x08000188   Data           0  startup_stm32f407xx.o(RESET)
    __main                                   0x08000189   Thumb Code     0  entry.o(.ARM.Collect$$$$00000000)
    _main_stk                                0x08000189   Thumb Code     0  entry2.o(.ARM.Collect$$$$00000001)
    _main_scatterload                        0x0800018d   Thumb Code     0  entry5.o(.ARM.Collect$$$$00000004)
    __main_after_scatterload                 0x08000191   Thumb Code     0  entry5.o(.ARM.Collect$$$$00000004)
    _main_clock                              0x08000191   Thumb Code     0  entry7b.o(.ARM.Collect$$$$00000008)
    _main_cpp_init                           0x08000191   Thumb Code     0  entry8b.o(.ARM.Collect$$$$0000000A)
    _main_init                               0x08000191   Thumb Code     0  entry9a.o(.ARM.Collect$$$$0000000B)
    __rt_lib_shutdown_fini                   0x08000199   Thumb Code     0  entry12b.o(.ARM.Collect$$$$0000000E)
    __rt_final_cpp                           0x0800019d   Thumb Code     0  entry10a.o(.ARM.Collect$$$$0000000F)
    __rt_final_exit                          0x0800019d   Thumb Code     0  entry11a.o(.ARM.Collect$$$$00000011)
    Reset_Handler                            0x080001a1   Thumb Code     8  startup_stm32f407xx.o(.text)
    CAN1_RX0_IRQHandler                      0x080001bb   Thumb Code     0  startup_stm32f407xx.o(.text)
    CAN1_RX1_IRQHandler                      0x080001bb   Thumb Code     0  startup_stm32f407xx.o(.text)
    CAN1_SCE_IRQHandler                      0x080001bb   Thumb Code     0  startup_stm32f407xx.o(.text)
    CAN1_TX_IRQHandler                       0x080001bb   Thumb Code     0  startup_stm32f407xx.o(.text)
    CAN2_RX0_IRQHandler                      0x080001bb   Thumb Code     0  startup_stm32f407xx.o(.text)
    CAN2_RX1_IRQHandler                      0x080001bb   Thumb Code     0  startup_stm32f407xx.o(.text)
    CAN2_SCE_IRQHandler                      0x080001bb   Thumb Code     0  startup_stm32f407xx.o(.text)
    CAN2_TX_IRQHandler                       0x080001bb   Thumb Code     0  startup_stm32f407xx.o(.text)
    DCMI_IRQHandler                          0x080001bb   Thumb Code     0  startup_stm32f407xx.o(.text)
    DMA1_Stream0_IRQHandler                  0x080001bb   Thumb Code     0  startup_stm32f407xx.o(.text)
    DMA1_Stream1_IRQHandler                  0x080001bb   Thumb Code     0  startup_stm32f407xx.o(.text)
    DMA1_Stream3_IRQHandler                  0x080001bb   Thumb Code     0  startup_stm32f407xx.o(.text)
    DMA1_Stream5_IRQHandler                  0x080001bb   Thumb Code     0  startup_stm32f407xx.o(.text)
    DMA1_Stream6_IRQHandler                  0x080001bb   Thumb Code     0  startup_stm32f407xx.o(.text)
    DMA1_Stream7_IRQHandler                  0x080001bb   Thumb Code     0  startup_stm32f407xx.o(.text)
    DMA2_Stream1_IRQHandler                  0x080001bb   Thumb Code     0  startup_stm32f407xx.o(.text)
    DMA2_Stream3_IRQHandler                  0x080001bb   Thumb Code     0  startup_stm32f407xx.o(.text)
    DMA2_Stream4_IRQHandler                  0x080001bb   Thumb Code     0  startup_stm32f407xx.o(.text)
    DMA2_Stream5_IRQHandler                  0x080001bb   Thumb Code     0  startup_stm32f407xx.o(.text)
    DMA2_Stream6_IRQHandler                  0x080001bb   Thumb Code     0  startup_stm32f407xx.o(.text)
    DMA2_Stream7_IRQHandler                  0x080001bb   Thumb Code     0  startup_stm32f407xx.o(.text)
    ETH_IRQHandler                           0x080001bb   Thumb Code     0  startup_stm32f407xx.o(.text)
    ETH_WKUP_IRQHandler                      0x080001bb   Thumb Code     0  startup_stm32f407xx.o(.text)
    EXTI0_IRQHandler                         0x080001bb   Thumb Code     0  startup_stm32f407xx.o(.text)
    EXTI15_10_IRQHandler                     0x080001bb   Thumb Code     0  startup_stm32f407xx.o(.text)
    EXTI1_IRQHandler                         0x080001bb   Thumb Code     0  startup_stm32f407xx.o(.text)
    EXTI2_IRQHandler                         0x080001bb   Thumb Code     0  startup_stm32f407xx.o(.text)
    EXTI3_IRQHandler                         0x080001bb   Thumb Code     0  startup_stm32f407xx.o(.text)
    EXTI4_IRQHandler                         0x080001bb   Thumb Code     0  startup_stm32f407xx.o(.text)
    EXTI9_5_IRQHandler                       0x080001bb   Thumb Code     0  startup_stm32f407xx.o(.text)
    FLASH_IRQHandler                         0x080001bb   Thumb Code     0  startup_stm32f407xx.o(.text)
    FMC_IRQHandler                           0x080001bb   Thumb Code     0  startup_stm32f407xx.o(.text)
    FPU_IRQHandler                           0x080001bb   Thumb Code     0  startup_stm32f407xx.o(.text)
    HASH_RNG_IRQHandler                      0x080001bb   Thumb Code     0  startup_stm32f407xx.o(.text)
    I2C1_ER_IRQHandler                       0x080001bb   Thumb Code     0  startup_stm32f407xx.o(.text)
    I2C1_EV_IRQHandler                       0x080001bb   Thumb Code     0  startup_stm32f407xx.o(.text)
    I2C2_ER_IRQHandler                       0x080001bb   Thumb Code     0  startup_stm32f407xx.o(.text)
    I2C2_EV_IRQHandler                       0x080001bb   Thumb Code     0  startup_stm32f407xx.o(.text)
    I2C3_ER_IRQHandler                       0x080001bb   Thumb Code     0  startup_stm32f407xx.o(.text)
    I2C3_EV_IRQHandler                       0x080001bb   Thumb Code     0  startup_stm32f407xx.o(.text)
    OTG_FS_IRQHandler                        0x080001bb   Thumb Code     0  startup_stm32f407xx.o(.text)
    OTG_FS_WKUP_IRQHandler                   0x080001bb   Thumb Code     0  startup_stm32f407xx.o(.text)
    OTG_HS_EP1_IN_IRQHandler                 0x080001bb   Thumb Code     0  startup_stm32f407xx.o(.text)
    OTG_HS_EP1_OUT_IRQHandler                0x080001bb   Thumb Code     0  startup_stm32f407xx.o(.text)
    OTG_HS_IRQHandler                        0x080001bb   Thumb Code     0  startup_stm32f407xx.o(.text)
    OTG_HS_WKUP_IRQHandler                   0x080001bb   Thumb Code     0  startup_stm32f407xx.o(.text)
    PVD_IRQHandler                           0x080001bb   Thumb Code     0  startup_stm32f407xx.o(.text)
    RCC_IRQHandler                           0x080001bb   Thumb Code     0  startup_stm32f407xx.o(.text)
    RTC_Alarm_IRQHandler                     0x080001bb   Thumb Code     0  startup_stm32f407xx.o(.text)
    RTC_WKUP_IRQHandler                      0x080001bb   Thumb Code     0  startup_stm32f407xx.o(.text)
    SDIO_IRQHandler                          0x080001bb   Thumb Code     0  startup_stm32f407xx.o(.text)
    SPI1_IRQHandler                          0x080001bb   Thumb Code     0  startup_stm32f407xx.o(.text)
    SPI2_IRQHandler                          0x080001bb   Thumb Code     0  startup_stm32f407xx.o(.text)
    SPI3_IRQHandler                          0x080001bb   Thumb Code     0  startup_stm32f407xx.o(.text)
    TAMP_STAMP_IRQHandler                    0x080001bb   Thumb Code     0  startup_stm32f407xx.o(.text)
    TIM1_CC_IRQHandler                       0x080001bb   Thumb Code     0  startup_stm32f407xx.o(.text)
    TIM1_TRG_COM_TIM11_IRQHandler            0x080001bb   Thumb Code     0  startup_stm32f407xx.o(.text)
    TIM1_UP_TIM10_IRQHandler                 0x080001bb   Thumb Code     0  startup_stm32f407xx.o(.text)
    TIM2_IRQHandler                          0x080001bb   Thumb Code     0  startup_stm32f407xx.o(.text)
    TIM4_IRQHandler                          0x080001bb   Thumb Code     0  startup_stm32f407xx.o(.text)
    TIM6_DAC_IRQHandler                      0x080001bb   Thumb Code     0  startup_stm32f407xx.o(.text)
    TIM7_IRQHandler                          0x080001bb   Thumb Code     0  startup_stm32f407xx.o(.text)
    TIM8_BRK_TIM12_IRQHandler                0x080001bb   Thumb Code     0  startup_stm32f407xx.o(.text)
    TIM8_CC_IRQHandler                       0x080001bb   Thumb Code     0  startup_stm32f407xx.o(.text)
    TIM8_TRG_COM_TIM14_IRQHandler            0x080001bb   Thumb Code     0  startup_stm32f407xx.o(.text)
    TIM8_UP_TIM13_IRQHandler                 0x080001bb   Thumb Code     0  startup_stm32f407xx.o(.text)
    UART5_IRQHandler                         0x080001bb   Thumb Code     0  startup_stm32f407xx.o(.text)
    USART1_IRQHandler                        0x080001bb   Thumb Code     0  startup_stm32f407xx.o(.text)
    USART2_IRQHandler                        0x080001bb   Thumb Code     0  startup_stm32f407xx.o(.text)
    USART3_IRQHandler                        0x080001bb   Thumb Code     0  startup_stm32f407xx.o(.text)
    WWDG_IRQHandler                          0x080001bb   Thumb Code     0  startup_stm32f407xx.o(.text)
    __aeabi_uldivmod                         0x080001c5   Thumb Code    98  uldiv.o(.text)
    __aeabi_memcpy                           0x08000227   Thumb Code    36  memcpya.o(.text)
    __aeabi_memcpy4                          0x08000227   Thumb Code     0  memcpya.o(.text)
    __aeabi_memcpy8                          0x08000227   Thumb Code     0  memcpya.o(.text)
    __aeabi_memset                           0x0800024b   Thumb Code    14  memseta.o(.text)
    __aeabi_memset4                          0x0800024b   Thumb Code     0  memseta.o(.text)
    __aeabi_memset8                          0x0800024b   Thumb Code     0  memseta.o(.text)
    __aeabi_memclr                           0x08000259   Thumb Code     4  memseta.o(.text)
    __aeabi_memclr4                          0x08000259   Thumb Code     0  memseta.o(.text)
    __aeabi_memclr8                          0x08000259   Thumb Code     0  memseta.o(.text)
    _memset$wrapper                          0x0800025d   Thumb Code    18  memseta.o(.text)
    __aeabi_f2d                              0x0800026f   Thumb Code    38  f2d.o(.text)
    __aeabi_uidiv                            0x08000295   Thumb Code     0  uidiv.o(.text)
    __aeabi_uidivmod                         0x08000295   Thumb Code    44  uidiv.o(.text)
    __aeabi_llsl                             0x080002c1   Thumb Code    30  llshl.o(.text)
    _ll_shift_l                              0x080002c1   Thumb Code     0  llshl.o(.text)
    __aeabi_llsr                             0x080002df   Thumb Code    32  llushr.o(.text)
    _ll_ushift_r                             0x080002df   Thumb Code     0  llushr.o(.text)
    __I$use$fp                               0x080002ff   Thumb Code     0  iusefp.o(.text)
    _frem                                    0x080002ff   Thumb Code    82  frem.o(.text)
    __aeabi_dadd                             0x08000351   Thumb Code   322  dadd.o(.text)
    __aeabi_dsub                             0x08000493   Thumb Code     6  dadd.o(.text)
    __aeabi_drsub                            0x08000499   Thumb Code     6  dadd.o(.text)
    __aeabi_dmul                             0x0800049f   Thumb Code   228  dmul.o(.text)
    __aeabi_ddiv                             0x08000583   Thumb Code   222  ddiv.o(.text)
    __aeabi_d2ulz                            0x08000661   Thumb Code    48  dfixul.o(.text)
    __aeabi_cdrcmple                         0x08000691   Thumb Code    48  cdrcmple.o(.text)
    __ARM_fcmp4                              0x080006c1   Thumb Code    54  fcmp4.o(.text)
    _fcmp4                                   0x080006c1   Thumb Code     0  fcmp4.o(.text)
    __scatterload                            0x080006f9   Thumb Code    28  init.o(.text)
    __scatterload_rt2                        0x080006f9   Thumb Code     0  init.o(.text)
    __aeabi_lasr                             0x0800071d   Thumb Code    36  llsshr.o(.text)
    _ll_sshift_r                             0x0800071d   Thumb Code     0  llsshr.o(.text)
    _float_round                             0x08000741   Thumb Code    18  fepilogue.o(.text)
    _float_epilogue                          0x08000753   Thumb Code    92  fepilogue.o(.text)
    _double_round                            0x080007af   Thumb Code    30  depilogue.o(.text)
    _double_epilogue                         0x080007cd   Thumb Code   156  depilogue.o(.text)
    arm_cos_f32                              0x08000869   Thumb Code   152  arm_cos_f32.o(.text.arm_cos_f32)
    arm_sin_f32                              0x08000901   Thumb Code   144  arm_sin_f32.o(.text.arm_sin_f32)
    ADC_Calibrate_Current_Sensors            0x08000991   Thumb Code   146  adc_measure.o(i.ADC_Calibrate_Current_Sensors)
    ADC_DMA_ConvCpltCallback                 0x08000ac1   Thumb Code   350  adc_measure.o(i.ADC_DMA_ConvCpltCallback)
    ADC_Get_Phase_Current_A                  0x08000c35   Thumb Code    22  adc_measure.o(i.ADC_Get_Phase_Current_A)
    ADC_Get_Phase_Current_A_Motor2           0x08000c51   Thumb Code    22  adc_measure.o(i.ADC_Get_Phase_Current_A_Motor2)
    ADC_Get_Phase_Current_B                  0x08000c6d   Thumb Code    22  adc_measure.o(i.ADC_Get_Phase_Current_B)
    ADC_Get_Phase_Current_B_Motor2           0x08000c89   Thumb Code    22  adc_measure.o(i.ADC_Get_Phase_Current_B_Motor2)
    ADC_IRQHandler                           0x08000ca5   Thumb Code    24  stm32f4xx_it.o(i.ADC_IRQHandler)
    ADC_Measure_Init                         0x08000df1   Thumb Code   204  adc_measure.o(i.ADC_Measure_Init)
    AS5600_GetAngleRad                       0x08000ed5   Thumb Code    14  as5600.o(i.AS5600_GetAngleRad)
    AS5600_GetVelRad                         0x08000ee9   Thumb Code    14  as5600.o(i.AS5600_GetVelRad)
    AS5600_Init                              0x08000efd   Thumb Code    76  as5600.o(i.AS5600_Init)
    AS5600_Process                           0x08000f4d   Thumb Code    76  as5600.o(i.AS5600_Process)
    BusFault_Handler                         0x08000f99   Thumb Code     2  stm32f4xx_it.o(i.BusFault_Handler)
    DMA1_Stream2_IRQHandler                  0x08000f9d   Thumb Code     6  stm32f4xx_it.o(i.DMA1_Stream2_IRQHandler)
    DMA1_Stream4_IRQHandler                  0x08000fa9   Thumb Code     6  stm32f4xx_it.o(i.DMA1_Stream4_IRQHandler)
    DMA2_Stream0_IRQHandler                  0x08000fb5   Thumb Code     6  stm32f4xx_it.o(i.DMA2_Stream0_IRQHandler)
    DMA2_Stream2_IRQHandler                  0x08000fc1   Thumb Code     6  stm32f4xx_it.o(i.DMA2_Stream2_IRQHandler)
    DebugMon_Handler                         0x08001071   Thumb Code     2  stm32f4xx_it.o(i.DebugMon_Handler)
    Error_Handler                            0x08001073   Thumb Code     4  main.o(i.Error_Handler)
    FOC_AttachDefaultHAL                     0x08001079   Thumb Code    30  simplefoc.o(i.FOC_AttachDefaultHAL)
    FOC_AttachMotor2HAL                      0x0800109d   Thumb Code    30  simplefoc.o(i.FOC_AttachMotor2HAL)
    FOC_CalibrateDirection                   0x080010c1   Thumb Code   286  simplefoc.o(i.FOC_CalibrateDirection)
    FOC_CalibrateZeroOffset                  0x080011ed   Thumb Code   390  simplefoc.o(i.FOC_CalibrateZeroOffset)
    FOC_Clarke                               0x08001385   Thumb Code    26  simplefoc.o(i.FOC_Clarke)
    FOC_GetCurrent_D                         0x08001435   Thumb Code    14  simplefoc.o(i.FOC_GetCurrent_D)
    FOC_GetCurrent_Q                         0x08001449   Thumb Code    14  simplefoc.o(i.FOC_GetCurrent_Q)
    FOC_Init                                 0x0800145d   Thumb Code   200  simplefoc.o(i.FOC_Init)
    FOC_InvPark                              0x08001545   Thumb Code    26  simplefoc.o(i.FOC_InvPark)
    FOC_NormalizeAngle                       0x08001561   Thumb Code    40  simplefoc.o(i.FOC_NormalizeAngle)
    FOC_PID_Init                             0x08001595   Thumb Code    26  simplefoc.o(i.FOC_PID_Init)
    FOC_PID_Reset                            0x080015b5   Thumb Code    18  simplefoc.o(i.FOC_PID_Reset)
    FOC_PID_Update                           0x080015cd   Thumb Code   170  simplefoc.o(i.FOC_PID_Update)
    FOC_Park                                 0x08001681   Thumb Code    26  simplefoc.o(i.FOC_Park)
    FOC_SVPWM                                0x0800169d   Thumb Code   220  simplefoc.o(i.FOC_SVPWM)
    FOC_SetCurrentLimit                      0x08001781   Thumb Code    24  simplefoc.o(i.FOC_SetCurrentLimit)
    FOC_SetHAL                               0x08001799   Thumb Code    18  simplefoc.o(i.FOC_SetHAL)
    FOC_SetMode                              0x080017ab   Thumb Code     8  simplefoc.o(i.FOC_SetMode)
    FOC_SetTarget                            0x080017b3   Thumb Code    10  simplefoc.o(i.FOC_SetTarget)
    FOC_SetVoltageLimit                      0x080017bd   Thumb Code    28  simplefoc.o(i.FOC_SetVoltageLimit)
    FOC_UpdateCurrentLoop                    0x080017d9   Thumb Code   600  simplefoc.o(i.FOC_UpdateCurrentLoop)
    HAL_ADCEx_InjectedConvCpltCallback       0x08001a41   Thumb Code     2  stm32f4xx_hal_adc_ex.o(i.HAL_ADCEx_InjectedConvCpltCallback)
    HAL_ADC_ConfigChannel                    0x08001a45   Thumb Code   316  stm32f4xx_hal_adc.o(i.HAL_ADC_ConfigChannel)
    HAL_ADC_ConvCpltCallback                 0x08001b91   Thumb Code     4  main.o(i.HAL_ADC_ConvCpltCallback)
    HAL_ADC_ConvHalfCpltCallback             0x08001b95   Thumb Code     2  stm32f4xx_hal_adc.o(i.HAL_ADC_ConvHalfCpltCallback)
    HAL_ADC_ErrorCallback                    0x08001b97   Thumb Code     2  stm32f4xx_hal_adc.o(i.HAL_ADC_ErrorCallback)
    HAL_ADC_IRQHandler                       0x08001b99   Thumb Code   302  stm32f4xx_hal_adc.o(i.HAL_ADC_IRQHandler)
    HAL_ADC_Init                             0x08001cc7   Thumb Code    84  stm32f4xx_hal_adc.o(i.HAL_ADC_Init)
    HAL_ADC_LevelOutOfWindowCallback         0x08001d1b   Thumb Code     2  stm32f4xx_hal_adc.o(i.HAL_ADC_LevelOutOfWindowCallback)
    HAL_ADC_MspInit                          0x08001d1d   Thumb Code   338  adc.o(i.HAL_ADC_MspInit)
    HAL_ADC_Start_DMA                        0x08001e95   Thumb Code   306  stm32f4xx_hal_adc.o(i.HAL_ADC_Start_DMA)
    HAL_ADC_Stop_DMA                         0x08001fed   Thumb Code   108  stm32f4xx_hal_adc.o(i.HAL_ADC_Stop_DMA)
    HAL_DMA_Abort                            0x08002059   Thumb Code   146  stm32f4xx_hal_dma.o(i.HAL_DMA_Abort)
    HAL_DMA_Abort_IT                         0x080020eb   Thumb Code    36  stm32f4xx_hal_dma.o(i.HAL_DMA_Abort_IT)
    HAL_DMA_IRQHandler                       0x08002111   Thumb Code   412  stm32f4xx_hal_dma.o(i.HAL_DMA_IRQHandler)
    HAL_DMA_Init                             0x080022b1   Thumb Code   206  stm32f4xx_hal_dma.o(i.HAL_DMA_Init)
    HAL_DMA_Start_IT                         0x08002385   Thumb Code   110  stm32f4xx_hal_dma.o(i.HAL_DMA_Start_IT)
    HAL_Delay                                0x080023f5   Thumb Code    32  stm32f4xx_hal.o(i.HAL_Delay)
    HAL_GPIO_Init                            0x08002419   Thumb Code   450  stm32f4xx_hal_gpio.o(i.HAL_GPIO_Init)
    HAL_GPIO_ReadPin                         0x08002609   Thumb Code    10  stm32f4xx_hal_gpio.o(i.HAL_GPIO_ReadPin)
    HAL_GPIO_WritePin                        0x08002613   Thumb Code    10  stm32f4xx_hal_gpio.o(i.HAL_GPIO_WritePin)
    HAL_GetTick                              0x0800261d   Thumb Code     6  stm32f4xx_hal.o(i.HAL_GetTick)
    HAL_I2C_GetState                         0x08002629   Thumb Code     6  stm32f4xx_hal_i2c.o(i.HAL_I2C_GetState)
    HAL_I2C_Init                             0x08002631   Thumb Code   376  stm32f4xx_hal_i2c.o(i.HAL_I2C_Init)
    HAL_I2C_Mem_Read_IT                      0x080027b9   Thumb Code   212  stm32f4xx_hal_i2c.o(i.HAL_I2C_Mem_Read_IT)
    HAL_I2C_MspInit                          0x08002895   Thumb Code   208  i2c.o(i.HAL_I2C_MspInit)
    HAL_IncTick                              0x0800297d   Thumb Code    12  stm32f4xx_hal.o(i.HAL_IncTick)
    HAL_Init                                 0x0800298d   Thumb Code    48  stm32f4xx_hal.o(i.HAL_Init)
    HAL_InitTick                             0x080029c1   Thumb Code    54  stm32f4xx_hal.o(i.HAL_InitTick)
    HAL_MspInit                              0x08002a01   Thumb Code    42  stm32f4xx_hal_msp.o(i.HAL_MspInit)
    HAL_NVIC_EnableIRQ                       0x08002a31   Thumb Code    26  stm32f4xx_hal_cortex.o(i.HAL_NVIC_EnableIRQ)
    HAL_NVIC_SetPriority                     0x08002a4d   Thumb Code    60  stm32f4xx_hal_cortex.o(i.HAL_NVIC_SetPriority)
    HAL_NVIC_SetPriorityGrouping             0x08002a8d   Thumb Code    26  stm32f4xx_hal_cortex.o(i.HAL_NVIC_SetPriorityGrouping)
    HAL_RCC_ClockConfig                      0x08002ab1   Thumb Code   288  stm32f4xx_hal_rcc.o(i.HAL_RCC_ClockConfig)
    HAL_RCC_GetPCLK1Freq                     0x08002be5   Thumb Code    20  stm32f4xx_hal_rcc.o(i.HAL_RCC_GetPCLK1Freq)
    HAL_RCC_GetPCLK2Freq                     0x08002c05   Thumb Code    20  stm32f4xx_hal_rcc.o(i.HAL_RCC_GetPCLK2Freq)
    HAL_RCC_GetSysClockFreq                  0x08002c25   Thumb Code    88  stm32f4xx_hal_rcc.o(i.HAL_RCC_GetSysClockFreq)
    HAL_RCC_OscConfig                        0x08002c85   Thumb Code   856  stm32f4xx_hal_rcc.o(i.HAL_RCC_OscConfig)
    HAL_SYSTICK_Config                       0x08002ff1   Thumb Code    40  stm32f4xx_hal_cortex.o(i.HAL_SYSTICK_Config)
    HAL_TIMEx_BreakCallback                  0x08003019   Thumb Code     2  stm32f4xx_hal_tim_ex.o(i.HAL_TIMEx_BreakCallback)
    HAL_TIMEx_CommutCallback                 0x0800301b   Thumb Code     2  stm32f4xx_hal_tim_ex.o(i.HAL_TIMEx_CommutCallback)
    HAL_TIMEx_MasterConfigSynchronization    0x0800301d   Thumb Code   116  stm32f4xx_hal_tim_ex.o(i.HAL_TIMEx_MasterConfigSynchronization)
    HAL_TIM_Base_Init                        0x080030ad   Thumb Code    90  stm32f4xx_hal_tim.o(i.HAL_TIM_Base_Init)
    HAL_TIM_Base_MspInit                     0x08003109   Thumb Code   126  tim.o(i.HAL_TIM_Base_MspInit)
    HAL_TIM_Base_Start_IT                    0x08003199   Thumb Code   100  stm32f4xx_hal_tim.o(i.HAL_TIM_Base_Start_IT)
    HAL_TIM_ConfigClockSource                0x08003219   Thumb Code   220  stm32f4xx_hal_tim.o(i.HAL_TIM_ConfigClockSource)
    HAL_TIM_IC_CaptureCallback               0x080032f5   Thumb Code     2  stm32f4xx_hal_tim.o(i.HAL_TIM_IC_CaptureCallback)
    HAL_TIM_IRQHandler                       0x080032f7   Thumb Code   304  stm32f4xx_hal_tim.o(i.HAL_TIM_IRQHandler)
    HAL_TIM_MspPostInit                      0x08003429   Thumb Code   140  tim.o(i.HAL_TIM_MspPostInit)
    HAL_TIM_OC_DelayElapsedCallback          0x080034c9   Thumb Code     2  stm32f4xx_hal_tim.o(i.HAL_TIM_OC_DelayElapsedCallback)
    HAL_TIM_PWM_ConfigChannel                0x080034cb   Thumb Code   204  stm32f4xx_hal_tim.o(i.HAL_TIM_PWM_ConfigChannel)
    HAL_TIM_PWM_Init                         0x08003597   Thumb Code    90  stm32f4xx_hal_tim.o(i.HAL_TIM_PWM_Init)
    HAL_TIM_PWM_MspInit                      0x080035f1   Thumb Code    52  tim.o(i.HAL_TIM_PWM_MspInit)
    HAL_TIM_PWM_PulseFinishedCallback        0x0800362d   Thumb Code     2  stm32f4xx_hal_tim.o(i.HAL_TIM_PWM_PulseFinishedCallback)
    HAL_TIM_PWM_Start                        0x08003631   Thumb Code   172  stm32f4xx_hal_tim.o(i.HAL_TIM_PWM_Start)
    HAL_TIM_PeriodElapsedCallback            0x080036f9   Thumb Code   108  blance.o(i.HAL_TIM_PeriodElapsedCallback)
    HAL_TIM_TriggerCallback                  0x0800378d   Thumb Code     2  stm32f4xx_hal_tim.o(i.HAL_TIM_TriggerCallback)
    HAL_UARTEx_ReceiveToIdle_DMA             0x0800378f   Thumb Code    74  stm32f4xx_hal_uart.o(i.HAL_UARTEx_ReceiveToIdle_DMA)
    HAL_UARTEx_RxEventCallback               0x080037d9   Thumb Code    60  jy60.o(i.HAL_UARTEx_RxEventCallback)
    HAL_UART_ErrorCallback                   0x0800381d   Thumb Code     2  stm32f4xx_hal_uart.o(i.HAL_UART_ErrorCallback)
    HAL_UART_IRQHandler                      0x08003821   Thumb Code   636  stm32f4xx_hal_uart.o(i.HAL_UART_IRQHandler)
    HAL_UART_Init                            0x08003aa1   Thumb Code   100  stm32f4xx_hal_uart.o(i.HAL_UART_Init)
    HAL_UART_MspInit                         0x08003b05   Thumb Code   290  usart.o(i.HAL_UART_MspInit)
    HAL_UART_RxCpltCallback                  0x08003c41   Thumb Code     2  stm32f4xx_hal_uart.o(i.HAL_UART_RxCpltCallback)
    HAL_UART_RxHalfCpltCallback              0x08003c43   Thumb Code     2  stm32f4xx_hal_uart.o(i.HAL_UART_RxHalfCpltCallback)
    HAL_UART_Transmit                        0x08003c45   Thumb Code   160  stm32f4xx_hal_uart.o(i.HAL_UART_Transmit)
    HAL_UART_TxCpltCallback                  0x08003ce5   Thumb Code     2  stm32f4xx_hal_uart.o(i.HAL_UART_TxCpltCallback)
    HardFault_Handler                        0x08003ce7   Thumb Code     2  stm32f4xx_it.o(i.HardFault_Handler)
    JY60DMA_GetAccelX                        0x08003ce9   Thumb Code     8  jy60.o(i.JY60DMA_GetAccelX)
    JY60DMA_GetAccelY                        0x08003cf5   Thumb Code     8  jy60.o(i.JY60DMA_GetAccelY)
    JY60DMA_Init                             0x08003d01   Thumb Code    38  jy60.o(i.JY60DMA_Init)
    LCD_Address_Set                          0x08003ec1   Thumb Code   116  lcd.o(i.LCD_Address_Set)
    LCD_DrawPoint                            0x08003f35   Thumb Code    34  lcd.o(i.LCD_DrawPoint)
    LCD_Fill                                 0x08003f57   Thumb Code   124  lcd.o(i.LCD_Fill)
    LCD_GPIO_Init                            0x08003fd5   Thumb Code   116  lcd_init.o(i.LCD_GPIO_Init)
    LCD_Init                                 0x08004051   Thumb Code   540  lcd_init.o(i.LCD_Init)
    LCD_ShowChar                             0x08004271   Thumb Code   302  lcd.o(i.LCD_ShowChar)
    LCD_ShowString                           0x080043b1   Thumb Code    58  lcd.o(i.LCD_ShowString)
    LCD_WR_DATA                              0x080043eb   Thumb Code    20  lcd_init.o(i.LCD_WR_DATA)
    LCD_WR_DATA8                             0x080043ff   Thumb Code     4  lcd_init.o(i.LCD_WR_DATA8)
    LCD_WR_REG                               0x08004405   Thumb Code    36  lcd_init.o(i.LCD_WR_REG)
    LCD_Writ_Bus                             0x0800442d   Thumb Code    82  lcd_init.o(i.LCD_Writ_Bus)
    MX_ADC1_Init                             0x08004485   Thumb Code    88  adc.o(i.MX_ADC1_Init)
    MX_ADC2_Init                             0x080044e9   Thumb Code   116  adc.o(i.MX_ADC2_Init)
    MX_ADC3_Init                             0x08004565   Thumb Code   120  adc.o(i.MX_ADC3_Init)
    MX_DMA_Init                              0x080045e5   Thumb Code   104  dma.o(i.MX_DMA_Init)
    MX_GPIO_Init                             0x08004651   Thumb Code   118  gpio.o(i.MX_GPIO_Init)
    MX_I2C1_Init                             0x080046d1   Thumb Code    50  i2c.o(i.MX_I2C1_Init)
    MX_I2C3_Init                             0x08004711   Thumb Code    50  i2c.o(i.MX_I2C3_Init)
    MX_TIM2_Init                             0x08004751   Thumb Code   166  tim.o(i.MX_TIM2_Init)
    MX_TIM3_Init                             0x080047fd   Thumb Code    94  tim.o(i.MX_TIM3_Init)
    MX_TIM4_Init                             0x08004865   Thumb Code   164  tim.o(i.MX_TIM4_Init)
    MX_TIM5_Init                             0x08004911   Thumb Code    96  tim.o(i.MX_TIM5_Init)
    MX_TIM9_Init                             0x08004979   Thumb Code    66  tim.o(i.MX_TIM9_Init)
    MX_UART4_Init                            0x080049c5   Thumb Code    48  usart.o(i.MX_UART4_Init)
    MX_USART6_UART_Init                      0x080049fd   Thumb Code    48  usart.o(i.MX_USART6_UART_Init)
    MemManage_Handler                        0x08004a35   Thumb Code     2  stm32f4xx_it.o(i.MemManage_Handler)
    NMI_Handler                              0x08004a37   Thumb Code     2  stm32f4xx_it.o(i.NMI_Handler)
    PendSV_Handler                           0x08004a39   Thumb Code     2  stm32f4xx_it.o(i.PendSV_Handler)
    SVC_Handler                              0x08004a3b   Thumb Code     2  stm32f4xx_it.o(i.SVC_Handler)
    SysTick_Handler                          0x08004a3d   Thumb Code     4  stm32f4xx_it.o(i.SysTick_Handler)
    SystemClock_Config                       0x08004a41   Thumb Code   138  main.o(i.SystemClock_Config)
    SystemInit                               0x08004ad5   Thumb Code    12  system_stm32f4xx.o(i.SystemInit)
    TIM1_BRK_TIM9_IRQHandler                 0x08004ae5   Thumb Code     6  stm32f4xx_it.o(i.TIM1_BRK_TIM9_IRQHandler)
    TIM3_IRQHandler                          0x08004af1   Thumb Code     6  stm32f4xx_it.o(i.TIM3_IRQHandler)
    TIM5_IRQHandler                          0x08004afd   Thumb Code     6  stm32f4xx_it.o(i.TIM5_IRQHandler)
    TIM_Base_SetConfig                       0x08004b09   Thumb Code   164  stm32f4xx_hal_tim.o(i.TIM_Base_SetConfig)
    TIM_CCxChannelCmd                        0x08004bd9   Thumb Code    26  stm32f4xx_hal_tim.o(i.TIM_CCxChannelCmd)
    TIM_ETR_SetConfig                        0x08004bf3   Thumb Code    20  stm32f4xx_hal_tim.o(i.TIM_ETR_SetConfig)
    TIM_OC2_SetConfig                        0x08004c79   Thumb Code    98  stm32f4xx_hal_tim.o(i.TIM_OC2_SetConfig)
    UART4_IRQHandler                         0x08004de5   Thumb Code     6  stm32f4xx_it.o(i.UART4_IRQHandler)
    UART_Start_Receive_DMA                   0x08005125   Thumb Code   146  stm32f4xx_hal_uart.o(i.UART_Start_Receive_DMA)
    USART6_IRQHandler                        0x08005239   Thumb Code     6  stm32f4xx_it.o(i.USART6_IRQHandler)
    UsageFault_Handler                       0x08005245   Thumb Code     2  stm32f4xx_it.o(i.UsageFault_Handler)
    __0printf                                0x08005249   Thumb Code    22  printfa.o(i.__0printf)
    __1printf                                0x08005249   Thumb Code     0  printfa.o(i.__0printf)
    __2printf                                0x08005249   Thumb Code     0  printfa.o(i.__0printf)
    __c89printf                              0x08005249   Thumb Code     0  printfa.o(i.__0printf)
    printf                                   0x08005249   Thumb Code     0  printfa.o(i.__0printf)
    __hardfp_fmaxf                           0x08005289   Thumb Code    72  fmaxf.o(i.__hardfp_fmaxf)
    __hardfp_fminf                           0x080052d1   Thumb Code    72  fminf.o(i.__hardfp_fminf)
    __hardfp_fmodf                           0x08005319   Thumb Code   176  fmodf.o(i.__hardfp_fmodf)
    __mathlib_flt_invalid                    0x080053c9   Thumb Code    10  funder.o(i.__mathlib_flt_invalid)
    __scatterload_copy                       0x080053d9   Thumb Code    14  handlers.o(i.__scatterload_copy)
    __scatterload_null                       0x080053e7   Thumb Code     2  handlers.o(i.__scatterload_null)
    __scatterload_zeroinit                   0x080053e9   Thumb Code    14  handlers.o(i.__scatterload_zeroinit)
    __set_errno                              0x080053f9   Thumb Code     6  errno.o(i.__set_errno)
    fputc                                    0x08005ddd   Thumb Code    18  serial.o(i.fputc)
    key_currentLoop                          0x08005df5   Thumb Code   164  key.o(i.key_currentLoop)
    main                                     0x08005ebd   Thumb Code   310  main.o(i.main)
    vofa_currentLoop_Allmotor                0x08006181   Thumb Code   240  vofa.o(i.vofa_currentLoop_Allmotor)
    AHBPrescTable                            0x080062c8   Data          16  system_stm32f4xx.o(.constdata)
    APBPrescTable                            0x080062d8   Data           8  system_stm32f4xx.o(.constdata)
    ascii_1206                               0x080062e0   Data        1140  lcd.o(.constdata)
    ascii_1608                               0x08006754   Data        1520  lcd.o(.constdata)
    ascii_2412                               0x08006d44   Data        4560  lcd.o(.constdata)
    ascii_3216                               0x08007f14   Data        6080  lcd.o(.constdata)
    tfont12                                  0x080096d4   Data          26  lcd.o(.constdata)
    tfont16                                  0x080096ee   Data          34  lcd.o(.constdata)
    tfont24                                  0x08009710   Data          74  lcd.o(.constdata)
    tfont32                                  0x0800975a   Data         130  lcd.o(.constdata)
    sinTable_f32                             0x08009804   Data        2052  arm_common_tables.o(.rodata.sinTable_f32)
    Region$$Table$$Base                      0x0800a008   Number         0  anon$$obj.o(Region$$Table)
    Region$$Table$$Limit                     0x0800a028   Number         0  anon$$obj.o(Region$$Table)
    uwTickFreq                               0x20000000   Data           1  stm32f4xx_hal.o(.data)
    uwTickPrio                               0x20000004   Data           4  stm32f4xx_hal.o(.data)
    uwTick                                   0x20000008   Data           4  stm32f4xx_hal.o(.data)
    SystemCoreClock                          0x2000000c   Data           4  system_stm32f4xx.o(.data)
    adc2_dma_buffer                          0x20000024   Data           4  adc_measure.o(.data)
    adc3_dma_buffer                          0x20000028   Data           4  adc_measure.o(.data)
    iq_target                                0x20000054   Data           4  key.o(.data)
    vel_target                               0x20000058   Data           4  key.o(.data)
    open_loop_voltage                        0x2000005c   Data           4  key.o(.data)
    Key                                      0x2000006c   Data           4  key.o(.data)
    __stdout                                 0x20000074   Data           4  stdout.o(.data)
    motor1                                   0x2000007c   Data         228  main.o(.bss)
    motor2                                   0x20000160   Data         228  main.o(.bss)
    as5600_l                                 0x20000244   Data          44  main.o(.bss)
    as5600_r                                 0x20000270   Data          44  main.o(.bss)
    hadc1                                    0x2000029c   Data          72  adc.o(.bss)
    hadc2                                    0x200002e4   Data          72  adc.o(.bss)
    hadc3                                    0x2000032c   Data          72  adc.o(.bss)
    hdma_adc2                                0x20000374   Data          96  adc.o(.bss)
    hdma_adc3                                0x200003d4   Data          96  adc.o(.bss)
    hi2c1                                    0x20000434   Data          84  i2c.o(.bss)
    hi2c3                                    0x20000488   Data          84  i2c.o(.bss)
    htim2                                    0x200004dc   Data          72  tim.o(.bss)
    htim3                                    0x20000524   Data          72  tim.o(.bss)
    htim4                                    0x2000056c   Data          72  tim.o(.bss)
    htim5                                    0x200005b4   Data          72  tim.o(.bss)
    htim9                                    0x200005fc   Data          72  tim.o(.bss)
    huart4                                   0x20000644   Data          72  usart.o(.bss)
    huart6                                   0x2000068c   Data          72  usart.o(.bss)
    hdma_uart4_rx                            0x200006d4   Data          96  usart.o(.bss)
    hdma_uart4_tx                            0x20000734   Data          96  usart.o(.bss)
    imu                                      0x200008d8   Data          40  blance.o(.bss)
    __initial_sp                             0x20000d00   Data           0  startup_stm32f407xx.o(STACK)



==============================================================================

Memory Map of the image

  Image Entry point : 0x08000189

  Load Region LR_IROM1 (Base: 0x08000000, Size: 0x0000a0a4, Max: 0x00100000, ABSOLUTE)

    Execution Region ER_IROM1 (Exec base: 0x08000000, Load base: 0x08000000, Size: 0x0000a028, Max: 0x00100000, ABSOLUTE)

    Exec Addr    Load Addr    Size         Type   Attr      Idx    E Section Name        Object

    0x08000000   0x08000000   0x00000188   Data   RO            3    RESET               startup_stm32f407xx.o
    0x08000188   0x08000188   0x00000000   Code   RO         5130  * .ARM.Collect$$$$00000000  mc_w.l(entry.o)
    0x08000188   0x08000188   0x00000004   Code   RO         5418    .ARM.Collect$$$$00000001  mc_w.l(entry2.o)
    0x0800018c   0x0800018c   0x00000004   Code   RO         5421    .ARM.Collect$$$$00000004  mc_w.l(entry5.o)
    0x08000190   0x08000190   0x00000000   Code   RO         5423    .ARM.Collect$$$$00000008  mc_w.l(entry7b.o)
    0x08000190   0x08000190   0x00000000   Code   RO         5425    .ARM.Collect$$$$0000000A  mc_w.l(entry8b.o)
    0x08000190   0x08000190   0x00000008   Code   RO         5426    .ARM.Collect$$$$0000000B  mc_w.l(entry9a.o)
    0x08000198   0x08000198   0x00000004   Code   RO         5433    .ARM.Collect$$$$0000000E  mc_w.l(entry12b.o)
    0x0800019c   0x0800019c   0x00000000   Code   RO         5428    .ARM.Collect$$$$0000000F  mc_w.l(entry10a.o)
    0x0800019c   0x0800019c   0x00000000   Code   RO         5430    .ARM.Collect$$$$00000011  mc_w.l(entry11a.o)
    0x0800019c   0x0800019c   0x00000004   Code   RO         5419    .ARM.Collect$$$$00002712  mc_w.l(entry2.o)
    0x080001a0   0x080001a0   0x00000024   Code   RO            4    .text               startup_stm32f407xx.o
    0x080001c4   0x080001c4   0x00000062   Code   RO         5133    .text               mc_w.l(uldiv.o)
    0x08000226   0x08000226   0x00000024   Code   RO         5135    .text               mc_w.l(memcpya.o)
    0x0800024a   0x0800024a   0x00000024   Code   RO         5137    .text               mc_w.l(memseta.o)
    0x0800026e   0x0800026e   0x00000026   Code   RO         5402    .text               mf_w.l(f2d.o)
    0x08000294   0x08000294   0x0000002c   Code   RO         5435    .text               mc_w.l(uidiv.o)
    0x080002c0   0x080002c0   0x0000001e   Code   RO         5437    .text               mc_w.l(llshl.o)
    0x080002de   0x080002de   0x00000020   Code   RO         5439    .text               mc_w.l(llushr.o)
    0x080002fe   0x080002fe   0x00000000   Code   RO         5448    .text               mc_w.l(iusefp.o)
    0x080002fe   0x080002fe   0x00000052   Code   RO         5449    .text               mf_w.l(frem.o)
    0x08000350   0x08000350   0x0000014e   Code   RO         5451    .text               mf_w.l(dadd.o)
    0x0800049e   0x0800049e   0x000000e4   Code   RO         5453    .text               mf_w.l(dmul.o)
    0x08000582   0x08000582   0x000000de   Code   RO         5455    .text               mf_w.l(ddiv.o)
    0x08000660   0x08000660   0x00000030   Code   RO         5457    .text               mf_w.l(dfixul.o)
    0x08000690   0x08000690   0x00000030   Code   RO         5459    .text               mf_w.l(cdrcmple.o)
    0x080006c0   0x080006c0   0x00000036   Code   RO         5461    .text               mf_w.l(fcmp4.o)
    0x080006f6   0x080006f6   0x00000002   PAD
    0x080006f8   0x080006f8   0x00000024   Code   RO         5463    .text               mc_w.l(init.o)
    0x0800071c   0x0800071c   0x00000024   Code   RO         5465    .text               mc_w.l(llsshr.o)
    0x08000740   0x08000740   0x0000006e   Code   RO         5467    .text               mf_w.l(fepilogue.o)
    0x080007ae   0x080007ae   0x000000ba   Code   RO         5469    .text               mf_w.l(depilogue.o)
    0x08000868   0x08000868   0x00000098   Code   RO         4973    .text.arm_cos_f32   arm_cortexM4lf_math.lib(arm_cos_f32.o)
    0x08000900   0x08000900   0x00000090   Code   RO         4982    .text.arm_sin_f32   arm_cortexM4lf_math.lib(arm_sin_f32.o)
    0x08000990   0x08000990   0x000000a0   Code   RO         3934    i.ADC_Calibrate_Current_Sensors  adc_measure.o
    0x08000a30   0x08000a30   0x0000006e   Code   RO          680    i.ADC_DMAConvCplt   stm32f4xx_hal_adc.o
    0x08000a9e   0x08000a9e   0x00000016   Code   RO          681    i.ADC_DMAError      stm32f4xx_hal_adc.o
    0x08000ab4   0x08000ab4   0x0000000a   Code   RO          682    i.ADC_DMAHalfConvCplt  stm32f4xx_hal_adc.o
    0x08000abe   0x08000abe   0x00000002   PAD
    0x08000ac0   0x08000ac0   0x00000174   Code   RO         3937    i.ADC_DMA_ConvCpltCallback  adc_measure.o
    0x08000c34   0x08000c34   0x0000001c   Code   RO         3938    i.ADC_Get_Phase_Current_A  adc_measure.o
    0x08000c50   0x08000c50   0x0000001c   Code   RO         3939    i.ADC_Get_Phase_Current_A_Motor2  adc_measure.o
    0x08000c6c   0x08000c6c   0x0000001c   Code   RO         3940    i.ADC_Get_Phase_Current_B  adc_measure.o
    0x08000c88   0x08000c88   0x0000001c   Code   RO         3941    i.ADC_Get_Phase_Current_B_Motor2  adc_measure.o
    0x08000ca4   0x08000ca4   0x00000024   Code   RO          520    i.ADC_IRQHandler    stm32f4xx_it.o
    0x08000cc8   0x08000cc8   0x00000128   Code   RO          683    i.ADC_Init          stm32f4xx_hal_adc.o
    0x08000df0   0x08000df0   0x000000e4   Code   RO         3944    i.ADC_Measure_Init  adc_measure.o
    0x08000ed4   0x08000ed4   0x00000014   Code   RO         4038    i.AS5600_GetAngleRad  as5600.o
    0x08000ee8   0x08000ee8   0x00000014   Code   RO         4042    i.AS5600_GetVelRad  as5600.o
    0x08000efc   0x08000efc   0x00000050   Code   RO         4043    i.AS5600_Init       as5600.o
    0x08000f4c   0x08000f4c   0x0000004c   Code   RO         4045    i.AS5600_Process    as5600.o
    0x08000f98   0x08000f98   0x00000002   Code   RO          521    i.BusFault_Handler  stm32f4xx_it.o
    0x08000f9a   0x08000f9a   0x00000002   PAD
    0x08000f9c   0x08000f9c   0x0000000c   Code   RO          522    i.DMA1_Stream2_IRQHandler  stm32f4xx_it.o
    0x08000fa8   0x08000fa8   0x0000000c   Code   RO          523    i.DMA1_Stream4_IRQHandler  stm32f4xx_it.o
    0x08000fb4   0x08000fb4   0x0000000c   Code   RO          524    i.DMA2_Stream0_IRQHandler  stm32f4xx_it.o
    0x08000fc0   0x08000fc0   0x0000000c   Code   RO          525    i.DMA2_Stream2_IRQHandler  stm32f4xx_it.o
    0x08000fcc   0x08000fcc   0x00000028   Code   RO         1414    i.DMA_CalcBaseAndBitshift  stm32f4xx_hal_dma.o
    0x08000ff4   0x08000ff4   0x00000054   Code   RO         1415    i.DMA_CheckFifoParam  stm32f4xx_hal_dma.o
    0x08001048   0x08001048   0x00000028   Code   RO         1416    i.DMA_SetConfig     stm32f4xx_hal_dma.o
    0x08001070   0x08001070   0x00000002   Code   RO          526    i.DebugMon_Handler  stm32f4xx_it.o
    0x08001072   0x08001072   0x00000004   Code   RO           13    i.Error_Handler     main.o
    0x08001076   0x08001076   0x00000002   PAD
    0x08001078   0x08001078   0x00000024   Code   RO         4710    i.FOC_AttachDefaultHAL  simplefoc.o
    0x0800109c   0x0800109c   0x00000024   Code   RO         4711    i.FOC_AttachMotor2HAL  simplefoc.o
    0x080010c0   0x080010c0   0x0000012c   Code   RO         4712    i.FOC_CalibrateDirection  simplefoc.o
    0x080011ec   0x080011ec   0x00000198   Code   RO         4713    i.FOC_CalibrateZeroOffset  simplefoc.o
    0x08001384   0x08001384   0x00000024   Code   RO         4714    i.FOC_Clarke        simplefoc.o
    0x080013a8   0x080013a8   0x0000008a   Code   RO         4716    i.FOC_CurrentControl  simplefoc.o
    0x08001432   0x08001432   0x00000002   PAD
    0x08001434   0x08001434   0x00000014   Code   RO         4718    i.FOC_GetCurrent_D  simplefoc.o
    0x08001448   0x08001448   0x00000014   Code   RO         4719    i.FOC_GetCurrent_Q  simplefoc.o
    0x0800145c   0x0800145c   0x000000e8   Code   RO         4721    i.FOC_Init          simplefoc.o
    0x08001544   0x08001544   0x0000001a   Code   RO         4722    i.FOC_InvPark       simplefoc.o
    0x0800155e   0x0800155e   0x00000002   PAD
    0x08001560   0x08001560   0x00000034   Code   RO         4723    i.FOC_NormalizeAngle  simplefoc.o
    0x08001594   0x08001594   0x00000020   Code   RO         4724    i.FOC_PID_Init      simplefoc.o
    0x080015b4   0x080015b4   0x00000018   Code   RO         4725    i.FOC_PID_Reset     simplefoc.o
    0x080015cc   0x080015cc   0x000000b4   Code   RO         4726    i.FOC_PID_Update    simplefoc.o
    0x08001680   0x08001680   0x0000001a   Code   RO         4727    i.FOC_Park          simplefoc.o
    0x0800169a   0x0800169a   0x00000002   PAD
    0x0800169c   0x0800169c   0x000000e4   Code   RO         4728    i.FOC_SVPWM         simplefoc.o
    0x08001780   0x08001780   0x00000018   Code   RO         4729    i.FOC_SetCurrentLimit  simplefoc.o
    0x08001798   0x08001798   0x00000012   Code   RO         4730    i.FOC_SetHAL        simplefoc.o
    0x080017aa   0x080017aa   0x00000008   Code   RO         4731    i.FOC_SetMode       simplefoc.o
    0x080017b2   0x080017b2   0x0000000a   Code   RO         4735    i.FOC_SetTarget     simplefoc.o
    0x080017bc   0x080017bc   0x0000001c   Code   RO         4736    i.FOC_SetVoltageLimit  simplefoc.o
    0x080017d8   0x080017d8   0x00000268   Code   RO         4737    i.FOC_UpdateCurrentLoop  simplefoc.o
    0x08001a40   0x08001a40   0x00000002   Code   RO          854    i.HAL_ADCEx_InjectedConvCpltCallback  stm32f4xx_hal_adc_ex.o
    0x08001a42   0x08001a42   0x00000002   PAD
    0x08001a44   0x08001a44   0x0000014c   Code   RO          685    i.HAL_ADC_ConfigChannel  stm32f4xx_hal_adc.o
    0x08001b90   0x08001b90   0x00000004   Code   RO           14    i.HAL_ADC_ConvCpltCallback  main.o
    0x08001b94   0x08001b94   0x00000002   Code   RO          687    i.HAL_ADC_ConvHalfCpltCallback  stm32f4xx_hal_adc.o
    0x08001b96   0x08001b96   0x00000002   Code   RO          689    i.HAL_ADC_ErrorCallback  stm32f4xx_hal_adc.o
    0x08001b98   0x08001b98   0x0000012e   Code   RO          693    i.HAL_ADC_IRQHandler  stm32f4xx_hal_adc.o
    0x08001cc6   0x08001cc6   0x00000054   Code   RO          694    i.HAL_ADC_Init      stm32f4xx_hal_adc.o
    0x08001d1a   0x08001d1a   0x00000002   Code   RO          695    i.HAL_ADC_LevelOutOfWindowCallback  stm32f4xx_hal_adc.o
    0x08001d1c   0x08001d1c   0x00000178   Code   RO          263    i.HAL_ADC_MspInit   adc.o
    0x08001e94   0x08001e94   0x00000158   Code   RO          701    i.HAL_ADC_Start_DMA  stm32f4xx_hal_adc.o
    0x08001fec   0x08001fec   0x0000006c   Code   RO          704    i.HAL_ADC_Stop_DMA  stm32f4xx_hal_adc.o
    0x08002058   0x08002058   0x00000092   Code   RO         1417    i.HAL_DMA_Abort     stm32f4xx_hal_dma.o
    0x080020ea   0x080020ea   0x00000024   Code   RO         1418    i.HAL_DMA_Abort_IT  stm32f4xx_hal_dma.o
    0x0800210e   0x0800210e   0x00000002   PAD
    0x08002110   0x08002110   0x000001a0   Code   RO         1422    i.HAL_DMA_IRQHandler  stm32f4xx_hal_dma.o
    0x080022b0   0x080022b0   0x000000d4   Code   RO         1423    i.HAL_DMA_Init      stm32f4xx_hal_dma.o
    0x08002384   0x08002384   0x0000006e   Code   RO         1427    i.HAL_DMA_Start_IT  stm32f4xx_hal_dma.o
    0x080023f2   0x080023f2   0x00000002   PAD
    0x080023f4   0x080023f4   0x00000024   Code   RO         1854    i.HAL_Delay         stm32f4xx_hal.o
    0x08002418   0x08002418   0x000001f0   Code   RO         1310    i.HAL_GPIO_Init     stm32f4xx_hal_gpio.o
    0x08002608   0x08002608   0x0000000a   Code   RO         1312    i.HAL_GPIO_ReadPin  stm32f4xx_hal_gpio.o
    0x08002612   0x08002612   0x0000000a   Code   RO         1314    i.HAL_GPIO_WritePin  stm32f4xx_hal_gpio.o
    0x0800261c   0x0800261c   0x0000000c   Code   RO         1860    i.HAL_GetTick       stm32f4xx_hal.o
    0x08002628   0x08002628   0x00000006   Code   RO         2115    i.HAL_I2C_GetState  stm32f4xx_hal_i2c.o
    0x0800262e   0x0800262e   0x00000002   PAD
    0x08002630   0x08002630   0x00000188   Code   RO         2116    i.HAL_I2C_Init      stm32f4xx_hal_i2c.o
    0x080027b8   0x080027b8   0x000000dc   Code   RO         2136    i.HAL_I2C_Mem_Read_IT  stm32f4xx_hal_i2c.o
    0x08002894   0x08002894   0x000000e8   Code   RO          341    i.HAL_I2C_MspInit   i2c.o
    0x0800297c   0x0800297c   0x00000010   Code   RO         1866    i.HAL_IncTick       stm32f4xx_hal.o
    0x0800298c   0x0800298c   0x00000034   Code   RO         1867    i.HAL_Init          stm32f4xx_hal.o
    0x080029c0   0x080029c0   0x00000040   Code   RO         1868    i.HAL_InitTick      stm32f4xx_hal.o
    0x08002a00   0x08002a00   0x00000030   Code   RO          656    i.HAL_MspInit       stm32f4xx_hal_msp.o
    0x08002a30   0x08002a30   0x0000001a   Code   RO         1702    i.HAL_NVIC_EnableIRQ  stm32f4xx_hal_cortex.o
    0x08002a4a   0x08002a4a   0x00000002   PAD
    0x08002a4c   0x08002a4c   0x00000040   Code   RO         1708    i.HAL_NVIC_SetPriority  stm32f4xx_hal_cortex.o
    0x08002a8c   0x08002a8c   0x00000024   Code   RO         1709    i.HAL_NVIC_SetPriorityGrouping  stm32f4xx_hal_cortex.o
    0x08002ab0   0x08002ab0   0x00000134   Code   RO          956    i.HAL_RCC_ClockConfig  stm32f4xx_hal_rcc.o
    0x08002be4   0x08002be4   0x00000020   Code   RO          963    i.HAL_RCC_GetPCLK1Freq  stm32f4xx_hal_rcc.o
    0x08002c04   0x08002c04   0x00000020   Code   RO          964    i.HAL_RCC_GetPCLK2Freq  stm32f4xx_hal_rcc.o
    0x08002c24   0x08002c24   0x00000060   Code   RO          965    i.HAL_RCC_GetSysClockFreq  stm32f4xx_hal_rcc.o
    0x08002c84   0x08002c84   0x0000036c   Code   RO          968    i.HAL_RCC_OscConfig  stm32f4xx_hal_rcc.o
    0x08002ff0   0x08002ff0   0x00000028   Code   RO         1713    i.HAL_SYSTICK_Config  stm32f4xx_hal_cortex.o
    0x08003018   0x08003018   0x00000002   Code   RO         3266    i.HAL_TIMEx_BreakCallback  stm32f4xx_hal_tim_ex.o
    0x0800301a   0x0800301a   0x00000002   Code   RO         3267    i.HAL_TIMEx_CommutCallback  stm32f4xx_hal_tim_ex.o
    0x0800301c   0x0800301c   0x00000090   Code   RO         3285    i.HAL_TIMEx_MasterConfigSynchronization  stm32f4xx_hal_tim_ex.o
    0x080030ac   0x080030ac   0x0000005a   Code   RO         2562    i.HAL_TIM_Base_Init  stm32f4xx_hal_tim.o
    0x08003106   0x08003106   0x00000002   PAD
    0x08003108   0x08003108   0x00000090   Code   RO          389    i.HAL_TIM_Base_MspInit  tim.o
    0x08003198   0x08003198   0x00000080   Code   RO         2567    i.HAL_TIM_Base_Start_IT  stm32f4xx_hal_tim.o
    0x08003218   0x08003218   0x000000dc   Code   RO         2571    i.HAL_TIM_ConfigClockSource  stm32f4xx_hal_tim.o
    0x080032f4   0x080032f4   0x00000002   Code   RO         2596    i.HAL_TIM_IC_CaptureCallback  stm32f4xx_hal_tim.o
    0x080032f6   0x080032f6   0x00000130   Code   RO         2610    i.HAL_TIM_IRQHandler  stm32f4xx_hal_tim.o
    0x08003426   0x08003426   0x00000002   PAD
    0x08003428   0x08003428   0x000000a0   Code   RO          390    i.HAL_TIM_MspPostInit  tim.o
    0x080034c8   0x080034c8   0x00000002   Code   RO         2613    i.HAL_TIM_OC_DelayElapsedCallback  stm32f4xx_hal_tim.o
    0x080034ca   0x080034ca   0x000000cc   Code   RO         2634    i.HAL_TIM_PWM_ConfigChannel  stm32f4xx_hal_tim.o
    0x08003596   0x08003596   0x0000005a   Code   RO         2637    i.HAL_TIM_PWM_Init  stm32f4xx_hal_tim.o
    0x080035f0   0x080035f0   0x0000003c   Code   RO          392    i.HAL_TIM_PWM_MspInit  tim.o
    0x0800362c   0x0800362c   0x00000002   Code   RO         2640    i.HAL_TIM_PWM_PulseFinishedCallback  stm32f4xx_hal_tim.o
    0x0800362e   0x0800362e   0x00000002   PAD
    0x08003630   0x08003630   0x000000c8   Code   RO         2642    i.HAL_TIM_PWM_Start  stm32f4xx_hal_tim.o
    0x080036f8   0x080036f8   0x00000094   Code   RO         4598    i.HAL_TIM_PeriodElapsedCallback  blance.o
    0x0800378c   0x0800378c   0x00000002   Code   RO         2653    i.HAL_TIM_TriggerCallback  stm32f4xx_hal_tim.o
    0x0800378e   0x0800378e   0x0000004a   Code   RO         3543    i.HAL_UARTEx_ReceiveToIdle_DMA  stm32f4xx_hal_uart.o
    0x080037d8   0x080037d8   0x00000044   Code   RO         4144    i.HAL_UARTEx_RxEventCallback  jy60.o
    0x0800381c   0x0800381c   0x00000002   Code   RO         3559    i.HAL_UART_ErrorCallback  stm32f4xx_hal_uart.o
    0x0800381e   0x0800381e   0x00000002   PAD
    0x08003820   0x08003820   0x00000280   Code   RO         3562    i.HAL_UART_IRQHandler  stm32f4xx_hal_uart.o
    0x08003aa0   0x08003aa0   0x00000064   Code   RO         3563    i.HAL_UART_Init     stm32f4xx_hal_uart.o
    0x08003b04   0x08003b04   0x0000013c   Code   RO          473    i.HAL_UART_MspInit  usart.o
    0x08003c40   0x08003c40   0x00000002   Code   RO         3569    i.HAL_UART_RxCpltCallback  stm32f4xx_hal_uart.o
    0x08003c42   0x08003c42   0x00000002   Code   RO         3570    i.HAL_UART_RxHalfCpltCallback  stm32f4xx_hal_uart.o
    0x08003c44   0x08003c44   0x000000a0   Code   RO         3571    i.HAL_UART_Transmit  stm32f4xx_hal_uart.o
    0x08003ce4   0x08003ce4   0x00000002   Code   RO         3574    i.HAL_UART_TxCpltCallback  stm32f4xx_hal_uart.o
    0x08003ce6   0x08003ce6   0x00000002   Code   RO          527    i.HardFault_Handler  stm32f4xx_it.o
    0x08003ce8   0x08003ce8   0x0000000c   Code   RO         4146    i.JY60DMA_GetAccelX  jy60.o
    0x08003cf4   0x08003cf4   0x0000000c   Code   RO         4147    i.JY60DMA_GetAccelY  jy60.o
    0x08003d00   0x08003d00   0x00000034   Code   RO         4159    i.JY60DMA_Init      jy60.o
    0x08003d34   0x08003d34   0x0000018c   Code   RO         4160    i.JY60DMA_ParseByte  jy60.o
    0x08003ec0   0x08003ec0   0x00000074   Code   RO         4350    i.LCD_Address_Set   lcd.o
    0x08003f34   0x08003f34   0x00000022   Code   RO         4355    i.LCD_DrawPoint     lcd.o
    0x08003f56   0x08003f56   0x0000007c   Code   RO         4357    i.LCD_Fill          lcd.o
    0x08003fd2   0x08003fd2   0x00000002   PAD
    0x08003fd4   0x08003fd4   0x0000007c   Code   RO         4509    i.LCD_GPIO_Init     lcd_init.o
    0x08004050   0x08004050   0x00000220   Code   RO         4510    i.LCD_Init          lcd_init.o
    0x08004270   0x08004270   0x00000140   Code   RO         4358    i.LCD_ShowChar      lcd.o
    0x080043b0   0x080043b0   0x0000003a   Code   RO         4369    i.LCD_ShowString    lcd.o
    0x080043ea   0x080043ea   0x00000014   Code   RO         4511    i.LCD_WR_DATA       lcd_init.o
    0x080043fe   0x080043fe   0x00000004   Code   RO         4512    i.LCD_WR_DATA8      lcd_init.o
    0x08004402   0x08004402   0x00000002   PAD
    0x08004404   0x08004404   0x00000028   Code   RO         4513    i.LCD_WR_REG        lcd_init.o
    0x0800442c   0x0800442c   0x00000058   Code   RO         4514    i.LCD_Writ_Bus      lcd_init.o
    0x08004484   0x08004484   0x00000064   Code   RO          264    i.MX_ADC1_Init      adc.o
    0x080044e8   0x080044e8   0x0000007c   Code   RO          265    i.MX_ADC2_Init      adc.o
    0x08004564   0x08004564   0x00000080   Code   RO          266    i.MX_ADC3_Init      adc.o
    0x080045e4   0x080045e4   0x0000006c   Code   RO          316    i.MX_DMA_Init       dma.o
    0x08004650   0x08004650   0x00000080   Code   RO          238    i.MX_GPIO_Init      gpio.o
    0x080046d0   0x080046d0   0x00000040   Code   RO          342    i.MX_I2C1_Init      i2c.o
    0x08004710   0x08004710   0x00000040   Code   RO          343    i.MX_I2C3_Init      i2c.o
    0x08004750   0x08004750   0x000000ac   Code   RO          393    i.MX_TIM2_Init      tim.o
    0x080047fc   0x080047fc   0x00000068   Code   RO          394    i.MX_TIM3_Init      tim.o
    0x08004864   0x08004864   0x000000ac   Code   RO          395    i.MX_TIM4_Init      tim.o
    0x08004910   0x08004910   0x00000068   Code   RO          396    i.MX_TIM5_Init      tim.o
    0x08004978   0x08004978   0x0000004c   Code   RO          397    i.MX_TIM9_Init      tim.o
    0x080049c4   0x080049c4   0x00000038   Code   RO          474    i.MX_UART4_Init     usart.o
    0x080049fc   0x080049fc   0x00000038   Code   RO          475    i.MX_USART6_UART_Init  usart.o
    0x08004a34   0x08004a34   0x00000002   Code   RO          528    i.MemManage_Handler  stm32f4xx_it.o
    0x08004a36   0x08004a36   0x00000002   Code   RO          529    i.NMI_Handler       stm32f4xx_it.o
    0x08004a38   0x08004a38   0x00000002   Code   RO          530    i.PendSV_Handler    stm32f4xx_it.o
    0x08004a3a   0x08004a3a   0x00000002   Code   RO          531    i.SVC_Handler       stm32f4xx_it.o
    0x08004a3c   0x08004a3c   0x00000004   Code   RO          532    i.SysTick_Handler   stm32f4xx_it.o
    0x08004a40   0x08004a40   0x00000094   Code   RO           15    i.SystemClock_Config  main.o
    0x08004ad4   0x08004ad4   0x00000010   Code   RO         3897    i.SystemInit        system_stm32f4xx.o
    0x08004ae4   0x08004ae4   0x0000000c   Code   RO          533    i.TIM1_BRK_TIM9_IRQHandler  stm32f4xx_it.o
    0x08004af0   0x08004af0   0x0000000c   Code   RO          534    i.TIM3_IRQHandler   stm32f4xx_it.o
    0x08004afc   0x08004afc   0x0000000c   Code   RO          535    i.TIM5_IRQHandler   stm32f4xx_it.o
    0x08004b08   0x08004b08   0x000000d0   Code   RO         2655    i.TIM_Base_SetConfig  stm32f4xx_hal_tim.o
    0x08004bd8   0x08004bd8   0x0000001a   Code   RO         2656    i.TIM_CCxChannelCmd  stm32f4xx_hal_tim.o
    0x08004bf2   0x08004bf2   0x00000014   Code   RO         2666    i.TIM_ETR_SetConfig  stm32f4xx_hal_tim.o
    0x08004c06   0x08004c06   0x00000010   Code   RO         2667    i.TIM_ITRx_SetConfig  stm32f4xx_hal_tim.o
    0x08004c16   0x08004c16   0x00000002   PAD
    0x08004c18   0x08004c18   0x00000060   Code   RO         2668    i.TIM_OC1_SetConfig  stm32f4xx_hal_tim.o
    0x08004c78   0x08004c78   0x0000006c   Code   RO         2669    i.TIM_OC2_SetConfig  stm32f4xx_hal_tim.o
    0x08004ce4   0x08004ce4   0x00000068   Code   RO         2670    i.TIM_OC3_SetConfig  stm32f4xx_hal_tim.o
    0x08004d4c   0x08004d4c   0x00000050   Code   RO         2671    i.TIM_OC4_SetConfig  stm32f4xx_hal_tim.o
    0x08004d9c   0x08004d9c   0x00000022   Code   RO         2673    i.TIM_TI1_ConfigInputStage  stm32f4xx_hal_tim.o
    0x08004dbe   0x08004dbe   0x00000024   Code   RO         2675    i.TIM_TI2_ConfigInputStage  stm32f4xx_hal_tim.o
    0x08004de2   0x08004de2   0x00000002   PAD
    0x08004de4   0x08004de4   0x0000000c   Code   RO          536    i.UART4_IRQHandler  stm32f4xx_it.o
    0x08004df0   0x08004df0   0x0000000e   Code   RO         3576    i.UART_DMAAbortOnError  stm32f4xx_hal_uart.o
    0x08004dfe   0x08004dfe   0x0000004a   Code   RO         3577    i.UART_DMAError     stm32f4xx_hal_uart.o
    0x08004e48   0x08004e48   0x00000086   Code   RO         3578    i.UART_DMAReceiveCplt  stm32f4xx_hal_uart.o
    0x08004ece   0x08004ece   0x0000001e   Code   RO         3580    i.UART_DMARxHalfCplt  stm32f4xx_hal_uart.o
    0x08004eec   0x08004eec   0x0000004e   Code   RO         3586    i.UART_EndRxTransfer  stm32f4xx_hal_uart.o
    0x08004f3a   0x08004f3a   0x0000001c   Code   RO         3587    i.UART_EndTxTransfer  stm32f4xx_hal_uart.o
    0x08004f56   0x08004f56   0x000000c2   Code   RO         3588    i.UART_Receive_IT   stm32f4xx_hal_uart.o
    0x08005018   0x08005018   0x0000010c   Code   RO         3589    i.UART_SetConfig    stm32f4xx_hal_uart.o
    0x08005124   0x08005124   0x000000a0   Code   RO         3590    i.UART_Start_Receive_DMA  stm32f4xx_hal_uart.o
    0x080051c4   0x080051c4   0x00000072   Code   RO         3592    i.UART_WaitOnFlagUntilTimeout  stm32f4xx_hal_uart.o
    0x08005236   0x08005236   0x00000002   PAD
    0x08005238   0x08005238   0x0000000c   Code   RO          537    i.USART6_IRQHandler  stm32f4xx_it.o
    0x08005244   0x08005244   0x00000002   Code   RO          538    i.UsageFault_Handler  stm32f4xx_it.o
    0x08005246   0x08005246   0x00000002   PAD
    0x08005248   0x08005248   0x00000020   Code   RO         5374    i.__0printf         mc_w.l(printfa.o)
    0x08005268   0x08005268   0x00000020   Code   RO         1715    i.__NVIC_SetPriority  stm32f4xx_hal_cortex.o
    0x08005288   0x08005288   0x00000048   Code   RO         5122    i.__hardfp_fmaxf    m_wm.l(fmaxf.o)
    0x080052d0   0x080052d0   0x00000048   Code   RO         5126    i.__hardfp_fminf    m_wm.l(fminf.o)
    0x08005318   0x08005318   0x000000b0   Code   RO         5110    i.__hardfp_fmodf    m_wm.l(fmodf.o)
    0x080053c8   0x080053c8   0x00000010   Code   RO         5407    i.__mathlib_flt_invalid  m_wm.l(funder.o)
    0x080053d8   0x080053d8   0x0000000e   Code   RO         5473    i.__scatterload_copy  mc_w.l(handlers.o)
    0x080053e6   0x080053e6   0x00000002   Code   RO         5474    i.__scatterload_null  mc_w.l(handlers.o)
    0x080053e8   0x080053e8   0x0000000e   Code   RO         5475    i.__scatterload_zeroinit  mc_w.l(handlers.o)
    0x080053f6   0x080053f6   0x00000002   PAD
    0x080053f8   0x080053f8   0x0000000c   Code   RO         5443    i.__set_errno       mc_w.l(errno.o)
    0x08005404   0x08005404   0x00000184   Code   RO         5381    i._fp_digits        mc_w.l(printfa.o)
    0x08005588   0x08005588   0x000006b4   Code   RO         5382    i._printf_core      mc_w.l(printfa.o)
    0x08005c3c   0x08005c3c   0x00000024   Code   RO         5383    i._printf_post_padding  mc_w.l(printfa.o)
    0x08005c60   0x08005c60   0x0000002e   Code   RO         5384    i._printf_pre_padding  mc_w.l(printfa.o)
    0x08005c8e   0x08005c8e   0x00000002   PAD
    0x08005c90   0x08005c90   0x00000020   Code   RO         3945    i.adc_to_current    adc_measure.o
    0x08005cb0   0x08005cb0   0x00000006   Code   RO         4739    i.default_board_get_bus_voltage  simplefoc.o
    0x08005cb6   0x08005cb6   0x00000002   PAD
    0x08005cb8   0x08005cb8   0x0000000c   Code   RO         4740    i.default_board_get_velocity  simplefoc.o
    0x08005cc4   0x08005cc4   0x0000000c   Code   RO         4741    i.default_board_read_angle  simplefoc.o
    0x08005cd0   0x08005cd0   0x00000034   Code   RO         4742    i.default_board_read_currents  simplefoc.o
    0x08005d04   0x08005d04   0x000000d8   Code   RO         4743    i.default_board_set_voltages  simplefoc.o
    0x08005ddc   0x08005ddc   0x00000018   Code   RO         4567    i.fputc             serial.o
    0x08005df4   0x08005df4   0x000000c8   Code   RO         4295    i.key_currentLoop   key.o
    0x08005ebc   0x08005ebc   0x0000018c   Code   RO           16    i.main              main.o
    0x08006048   0x08006048   0x00000006   Code   RO         4744    i.motor2_get_bus_voltage  simplefoc.o
    0x0800604e   0x0800604e   0x00000002   PAD
    0x08006050   0x08006050   0x0000000c   Code   RO         4745    i.motor2_get_velocity  simplefoc.o
    0x0800605c   0x0800605c   0x0000000c   Code   RO         4746    i.motor2_read_angle  simplefoc.o
    0x08006068   0x08006068   0x00000040   Code   RO         4747    i.motor2_read_currents  simplefoc.o
    0x080060a8   0x080060a8   0x000000d8   Code   RO         4748    i.motor2_set_voltages  simplefoc.o
    0x08006180   0x08006180   0x00000140   Code   RO         4656    i.vofa_currentLoop_Allmotor  vofa.o
    0x080062c0   0x080062c0   0x00000008   Data   RO         1429    .constdata          stm32f4xx_hal_dma.o
    0x080062c8   0x080062c8   0x00000010   Data   RO         3898    .constdata          system_stm32f4xx.o
    0x080062d8   0x080062d8   0x00000008   Data   RO         3899    .constdata          system_stm32f4xx.o
    0x080062e0   0x080062e0   0x000034fc   Data   RO         4371    .constdata          lcd.o
    0x080097dc   0x080097dc   0x00000028   Data   RO         4749    .constdata          simplefoc.o
    0x08009804   0x08009804   0x00000804   Data   RO         5103    .rodata.sinTable_f32  arm_cortexM4lf_math.lib(arm_common_tables.o)
    0x0800a008   0x0800a008   0x00000020   Data   RO         5471    Region$$Table       anon$$obj.o


    Execution Region RW_IRAM1 (Exec base: 0x20000000, Load base: 0x0800a028, Size: 0x00000d00, Max: 0x0001c000, ABSOLUTE)

    Exec Addr    Load Addr    Size         Type   Attr      Idx    E Section Name        Object

    0x20000000   0x0800a028   0x0000000c   Data   RW         1874    .data               stm32f4xx_hal.o
    0x2000000c   0x0800a034   0x00000004   Data   RW         3900    .data               system_stm32f4xx.o
    0x20000010   0x0800a038   0x0000003c   Data   RW         3946    .data               adc_measure.o
    0x2000004c   0x0800a074   0x00000008   Data   RW         4166    .data               jy60.o
    0x20000054   0x0800a07c   0x0000001c   Data   RW         4298    .data               key.o
    0x20000070   0x0800a098   0x00000001   Data   RW         4604    .data               blance.o
    0x20000071   0x0800a099   0x00000003   PAD
    0x20000074   0x0800a09c   0x00000004   Data   RW         5434    .data               mc_w.l(stdout.o)
    0x20000078   0x0800a0a0   0x00000004   Data   RW         5444    .data               mc_w.l(errno.o)
    0x2000007c        -       0x00000220   Zero   RW           17    .bss                main.o
    0x2000029c        -       0x00000198   Zero   RW          267    .bss                adc.o
    0x20000434        -       0x000000a8   Zero   RW          344    .bss                i2c.o
    0x200004dc        -       0x00000168   Zero   RW          398    .bss                tim.o
    0x20000644        -       0x00000150   Zero   RW          476    .bss                usart.o
    0x20000794        -       0x00000010   Zero   RW         4051    .bss                as5600.o
    0x200007a4        -       0x00000133   Zero   RW         4165    .bss                jy60.o
    0x200008d7   0x0800a0a4   0x00000001   PAD
    0x200008d8        -       0x00000028   Zero   RW         4603    .bss                blance.o
    0x20000900        -       0x00000400   Zero   RW            1    STACK               startup_stm32f407xx.o


    Execution Region RW_IRAM2 (Exec base: 0x2001c000, Load base: 0x0800a0a4, Size: 0x00000000, Max: 0x00004000, ABSOLUTE)

    **** No section assigned to this execution region ****


==============================================================================

Image component sizes


      Code (inc. data)   RO Data    RW Data    ZI Data      Debug   Object Name

       728         66          0          0        408       3379   adc.o
       904         90          0         60          0       7024   adc_measure.o
       196         16          0          0         16       4559   as5600.o
       148         40          0          1         40       1779   blance.o
       108          4          0          0          0        830   dma.o
       128         10          0          0          0        971   gpio.o
       360         52          0          0        168       2390   i2c.o
       540         52          0          8        307       5128   jy60.o
       200         36          0         28          0       2422   key.o
       652         18      13564          0          0       5995   lcd.o
       820         22          0          0          0       5911   lcd_init.o
       552         96          0          0        544     724677   main.o
        24          6          0          0          0       2288   serial.o
      3106        200         40          0          0      41265   simplefoc.o
        36          8        392          0       1024        832   startup_stm32f407xx.o
       180         28          0         12          0       9389   stm32f4xx_hal.o
      1614         66          0          0          0       9245   stm32f4xx_hal_adc.o
         2          0          0          0          0        977   stm32f4xx_hal_adc_ex.o
       198         14          0          0          0      33799   stm32f4xx_hal_cortex.o
      1084         16          8          0          0       7322   stm32f4xx_hal_dma.o
       516         46          0          0          0       2835   stm32f4xx_hal_gpio.o
       618         24          0          0          0       4952   stm32f4xx_hal_i2c.o
        48          6          0          0          0        854   stm32f4xx_hal_msp.o
      1344         72          0          0          0       5236   stm32f4xx_hal_rcc.o
      1972        136          0          0          0      16452   stm32f4xx_hal_tim.o
       148         28          0          0          0       2473   stm32f4xx_hal_tim_ex.o
      2076         28          0          0          0      14893   stm32f4xx_hal_uart.o
       164         66          0          0          0       8889   stm32f4xx_it.o
        16          4         24          4          0       1115   system_stm32f4xx.o
       992         88          0          0        360       5834   tim.o
       428         42          0          0        336       2569   usart.o
       320         80          0          0          0        544   vofa.o

    ----------------------------------------------------------------------
     20268       1460      14060        116       3204     936828   Object Totals
         0          0         32          0          0          0   (incl. Generated)
        46          0          0          3          1          0   (incl. Padding)

    ----------------------------------------------------------------------

      Code (inc. data)   RO Data    RW Data    ZI Data      Debug   Library Member Name

         0          0       2052          0          0       6294   arm_common_tables.o
       152         12          0          0          0       1104   arm_cos_f32.o
       144         12          0          0          0       1092   arm_sin_f32.o
        72          0          0          0          0        148   fmaxf.o
        72          0          0          0          0        148   fminf.o
       176          0          0          0          0        168   fmodf.o
        16          6          0          0          0        116   funder.o
         0          0          0          0          0          0   entry.o
         0          0          0          0          0          0   entry10a.o
         0          0          0          0          0          0   entry11a.o
         4          0          0          0          0          0   entry12b.o
         8          4          0          0          0          0   entry2.o
         4          0          0          0          0          0   entry5.o
         0          0          0          0          0          0   entry7b.o
         0          0          0          0          0          0   entry8b.o
         8          4          0          0          0          0   entry9a.o
        12          6          0          4          0         68   errno.o
        30          0          0          0          0          0   handlers.o
        36          8          0          0          0         68   init.o
         0          0          0          0          0          0   iusefp.o
        30          0          0          0          0         68   llshl.o
        36          0          0          0          0         68   llsshr.o
        32          0          0          0          0         68   llushr.o
        36          0          0          0          0         68   memcpya.o
        36          0          0          0          0        108   memseta.o
      2218         90          0          0          0        464   printfa.o
         0          0          0          4          0          0   stdout.o
        44          0          0          0          0         80   uidiv.o
        98          0          0          0          0         92   uldiv.o
        48          0          0          0          0         68   cdrcmple.o
       334          0          0          0          0        148   dadd.o
       222          0          0          0          0        100   ddiv.o
       186          0          0          0          0        176   depilogue.o
        48          0          0          0          0         68   dfixul.o
       228          0          0          0          0         96   dmul.o
        38          0          0          0          0         68   f2d.o
        54          0          0          0          0         68   fcmp4.o
       110          0          0          0          0        168   fepilogue.o
        82          0          0          0          0         96   frem.o

    ----------------------------------------------------------------------
      4620        142       2052          8          0      11278   Library Totals
         6          0          0          0          0          0   (incl. Padding)

    ----------------------------------------------------------------------

      Code (inc. data)   RO Data    RW Data    ZI Data      Debug   Library Name

       296         24       2052          0          0       8490   arm_cortexM4lf_math.lib
       336          6          0          0          0        580   m_wm.l
      2632        112          0          8          0       1152   mc_w.l
      1350          0          0          0          0       1056   mf_w.l

    ----------------------------------------------------------------------
      4620        142       2052          8          0      11278   Library Totals

    ----------------------------------------------------------------------

==============================================================================


      Code (inc. data)   RO Data    RW Data    ZI Data      Debug   

     24888       1602      16112        124       3204     928902   Grand Totals
     24888       1602      16112        124       3204     928902   ELF Image Totals
     24888       1602      16112        124          0          0   ROM Totals

==============================================================================

    Total RO  Size (Code + RO Data)                41000 (  40.04kB)
    Total RW  Size (RW Data + ZI Data)              3328 (   3.25kB)
    Total ROM Size (Code + RO Data + RW Data)      41124 (  40.16kB)

==============================================================================

