Component: ARM Compiler 5.06 update 7 (build 960) Tool: armlink [4d3601]

==============================================================================

Section Cross References

    startup_stm32f407xx.o(RESET) refers to startup_stm32f407xx.o(STACK) for __initial_sp
    startup_stm32f407xx.o(RESET) refers to startup_stm32f407xx.o(.text) for Reset_Handler
    startup_stm32f407xx.o(RESET) refers to stm32f4xx_it.o(i.NMI_Handler) for NMI_Handler
    startup_stm32f407xx.o(RESET) refers to stm32f4xx_it.o(i.HardFault_Handler) for HardFault_Handler
    startup_stm32f407xx.o(RESET) refers to stm32f4xx_it.o(i.MemManage_Handler) for MemManage_Handler
    startup_stm32f407xx.o(RESET) refers to stm32f4xx_it.o(i.BusFault_Handler) for BusFault_Handler
    startup_stm32f407xx.o(RESET) refers to stm32f4xx_it.o(i.UsageFault_Handler) for UsageFault_Handler
    startup_stm32f407xx.o(RESET) refers to stm32f4xx_it.o(i.SVC_Handler) for SVC_Handler
    startup_stm32f407xx.o(RESET) refers to stm32f4xx_it.o(i.DebugMon_Handler) for DebugMon_Handler
    startup_stm32f407xx.o(RESET) refers to stm32f4xx_it.o(i.PendSV_Handler) for PendSV_Handler
    startup_stm32f407xx.o(RESET) refers to stm32f4xx_it.o(i.SysTick_Handler) for SysTick_Handler
    startup_stm32f407xx.o(RESET) refers to stm32f4xx_it.o(i.DMA1_Stream2_IRQHandler) for DMA1_Stream2_IRQHandler
    startup_stm32f407xx.o(RESET) refers to stm32f4xx_it.o(i.DMA1_Stream4_IRQHandler) for DMA1_Stream4_IRQHandler
    startup_stm32f407xx.o(RESET) refers to stm32f4xx_it.o(i.ADC_IRQHandler) for ADC_IRQHandler
    startup_stm32f407xx.o(RESET) refers to stm32f4xx_it.o(i.TIM3_IRQHandler) for TIM3_IRQHandler
    startup_stm32f407xx.o(RESET) refers to stm32f4xx_it.o(i.I2C1_EV_IRQHandler) for I2C1_EV_IRQHandler
    startup_stm32f407xx.o(RESET) refers to stm32f4xx_it.o(i.I2C1_ER_IRQHandler) for I2C1_ER_IRQHandler
    startup_stm32f407xx.o(RESET) refers to stm32f4xx_it.o(i.UART4_IRQHandler) for UART4_IRQHandler
    startup_stm32f407xx.o(RESET) refers to stm32f4xx_it.o(i.DMA2_Stream0_IRQHandler) for DMA2_Stream0_IRQHandler
    startup_stm32f407xx.o(RESET) refers to stm32f4xx_it.o(i.DMA2_Stream2_IRQHandler) for DMA2_Stream2_IRQHandler
    startup_stm32f407xx.o(RESET) refers to stm32f4xx_it.o(i.USART6_IRQHandler) for USART6_IRQHandler
    startup_stm32f407xx.o(RESET) refers to stm32f4xx_it.o(i.I2C3_EV_IRQHandler) for I2C3_EV_IRQHandler
    startup_stm32f407xx.o(RESET) refers to stm32f4xx_it.o(i.I2C3_ER_IRQHandler) for I2C3_ER_IRQHandler
    startup_stm32f407xx.o(.text) refers to system_stm32f4xx.o(i.SystemInit) for SystemInit
    startup_stm32f407xx.o(.text) refers to entry.o(.ARM.Collect$$$$00000000) for __main
    main.o(i.HAL_I2C_ErrorCallback) refers to as5600.o(i.AS5600_ErrorCallback) for AS5600_ErrorCallback
    main.o(i.HAL_I2C_ErrorCallback) refers to main.o(.bss) for .bss
    main.o(i.HAL_I2C_MasterRxCpltCallback) refers to as5600.o(i.AS5600_RxCpltCallback) for AS5600_RxCpltCallback
    main.o(i.HAL_I2C_MasterRxCpltCallback) refers to main.o(.bss) for .bss
    main.o(i.HAL_TIM_PeriodElapsedCallback) refers to as5600.o(i.AS5600_RequestAngle_IT) for AS5600_RequestAngle_IT
    main.o(i.HAL_TIM_PeriodElapsedCallback) refers to foc_core.o(i.FOC_RunCurrentLoop) for FOC_RunCurrentLoop
    main.o(i.HAL_TIM_PeriodElapsedCallback) refers to main.o(.bss) for .bss
    main.o(i.SystemClock_Config) refers to memseta.o(.text) for __aeabi_memclr4
    main.o(i.SystemClock_Config) refers to stm32f4xx_hal_rcc.o(i.HAL_RCC_OscConfig) for HAL_RCC_OscConfig
    main.o(i.SystemClock_Config) refers to stm32f4xx_hal_rcc.o(i.HAL_RCC_ClockConfig) for HAL_RCC_ClockConfig
    main.o(i.main) refers to stm32f4xx_hal.o(i.HAL_Init) for HAL_Init
    main.o(i.main) refers to main.o(i.SystemClock_Config) for SystemClock_Config
    main.o(i.main) refers to gpio.o(i.MX_GPIO_Init) for MX_GPIO_Init
    main.o(i.main) refers to dma.o(i.MX_DMA_Init) for MX_DMA_Init
    main.o(i.main) refers to tim.o(i.MX_TIM2_Init) for MX_TIM2_Init
    main.o(i.main) refers to tim.o(i.MX_TIM3_Init) for MX_TIM3_Init
    main.o(i.main) refers to tim.o(i.MX_TIM4_Init) for MX_TIM4_Init
    main.o(i.main) refers to adc.o(i.MX_ADC1_Init) for MX_ADC1_Init
    main.o(i.main) refers to adc.o(i.MX_ADC2_Init) for MX_ADC2_Init
    main.o(i.main) refers to adc.o(i.MX_ADC3_Init) for MX_ADC3_Init
    main.o(i.main) refers to i2c.o(i.MX_I2C1_Init) for MX_I2C1_Init
    main.o(i.main) refers to i2c.o(i.MX_I2C3_Init) for MX_I2C3_Init
    main.o(i.main) refers to usart.o(i.MX_USART6_UART_Init) for MX_USART6_UART_Init
    main.o(i.main) refers to usart.o(i.MX_UART4_Init) for MX_UART4_Init
    main.o(i.main) refers to tim.o(i.MX_TIM8_Init) for MX_TIM8_Init
    main.o(i.main) refers to lcd_init.o(i.LCD_Init) for LCD_Init
    main.o(i.main) refers to lcd.o(i.LCD_Fill) for LCD_Fill
    main.o(i.main) refers to jy60.o(i.JY60DMA_Init) for JY60DMA_Init
    main.o(i.main) refers to adc_measure.o(i.ADC_Measure_Init) for ADC_Measure_Init
[...]
    I2C_MasterTransmit_TXE                   0x08003525   Thumb Code   182  stm32f4xx_hal_i2c.o(i.I2C_MasterTransmit_TXE)
    i.I2C_Master_ADDR                        0x080035dc   Section        0  stm32f4xx_hal_i2c.o(i.I2C_Master_ADDR)
    I2C_Master_ADDR                          0x080035dd   Thumb Code   276  stm32f4xx_hal_i2c.o(i.I2C_Master_ADDR)
    i.I2C_Master_SB                          0x080036f4   Section        0  stm32f4xx_hal_i2c.o(i.I2C_Master_SB)
    I2C_Master_SB                            0x080036f5   Thumb Code   140  stm32f4xx_hal_i2c.o(i.I2C_Master_SB)
    i.I2C_MemoryTransmit_TXE_BTF             0x08003780   Section        0  stm32f4xx_hal_i2c.o(i.I2C_MemoryTransmit_TXE_BTF)
    I2C_MemoryTransmit_TXE_BTF               0x08003781   Thumb Code   168  stm32f4xx_hal_i2c.o(i.I2C_MemoryTransmit_TXE_BTF)
    i.I2C_Slave_ADDR                         0x08003828   Section        0  stm32f4xx_hal_i2c.o(i.I2C_Slave_ADDR)
    I2C_Slave_ADDR                           0x08003829   Thumb Code    70  stm32f4xx_hal_i2c.o(i.I2C_Slave_ADDR)
    i.I2C_Slave_AF                           0x08003870   Section        0  stm32f4xx_hal_i2c.o(i.I2C_Slave_AF)
    I2C_Slave_AF                             0x08003871   Thumb Code   138  stm32f4xx_hal_i2c.o(i.I2C_Slave_AF)
    i.I2C_Slave_STOPF                        0x08003900   Section        0  stm32f4xx_hal_i2c.o(i.I2C_Slave_STOPF)
    I2C_Slave_STOPF                          0x08003901   Thumb Code   338  stm32f4xx_hal_i2c.o(i.I2C_Slave_STOPF)
    i.Inverse_Park_Transform                 0x08003a5c   Section        0  clarke_park.o(i.Inverse_Park_Transform)
    i.JY60DMA_Init                           0x08003aac   Section        0  jy60.o(i.JY60DMA_Init)
    i.JY60DMA_ParseByte                      0x08003ae0   Section        0  jy60.o(i.JY60DMA_ParseByte)
    JY60DMA_ParseByte                        0x08003ae1   Thumb Code   304  jy60.o(i.JY60DMA_ParseByte)
    i.LCD_Address_Set                        0x08003c28   Section        0  lcd.o(i.LCD_Address_Set)
    i.LCD_DrawPoint                          0x08003c9c   Section        0  lcd.o(i.LCD_DrawPoint)
    i.LCD_Fill                               0x08003cbe   Section        0  lcd.o(i.LCD_Fill)
    i.LCD_GPIO_Init                          0x08003d3c   Section        0  lcd_init.o(i.LCD_GPIO_Init)
    i.LCD_Init                               0x08003db8   Section        0  lcd_init.o(i.LCD_Init)
    i.LCD_ShowChar                           0x08003fd8   Section        0  lcd.o(i.LCD_ShowChar)
    i.LCD_ShowFloatNum1                      0x08004118   Section        0  lcd.o(i.LCD_ShowFloatNum1)
    i.LCD_ShowIntNum                         0x080041b0   Section        0  lcd.o(i.LCD_ShowIntNum)
    i.LCD_ShowString                         0x0800422e   Section        0  lcd.o(i.LCD_ShowString)
    i.LCD_WR_DATA                            0x08004268   Section        0  lcd_init.o(i.LCD_WR_DATA)
    i.LCD_WR_DATA8                           0x0800427c   Section        0  lcd_init.o(i.LCD_WR_DATA8)
    i.LCD_WR_REG                             0x08004280   Section        0  lcd_init.o(i.LCD_WR_REG)
    i.LCD_Writ_Bus                           0x080042a8   Section        0  lcd_init.o(i.LCD_Writ_Bus)
    i.MX_ADC1_Init                           0x08004300   Section        0  adc.o(i.MX_ADC1_Init)
    i.MX_ADC2_Init                           0x08004364   Section        0  adc.o(i.MX_ADC2_Init)
    i.MX_ADC3_Init                           0x080043e0   Section        0  adc.o(i.MX_ADC3_Init)
    i.MX_DMA_Init                            0x0800445c   Section        0  dma.o(i.MX_DMA_Init)
    i.MX_GPIO_Init                           0x080044c8   Section        0  gpio.o(i.MX_GPIO_Init)
    i.MX_I2C1_Init                           0x08004548   Section        0  i2c.o(i.MX_I2C1_Init)
    i.MX_I2C3_Init                           0x08004588   Section        0  i2c.o(i.MX_I2C3_Init)
    i.MX_TIM2_Init                           0x080045c8   Section        0  tim.o(i.MX_TIM2_Init)
    i.MX_TIM3_Init                           0x08004658   Section        0  tim.o(i.MX_TIM3_Init)
    i.MX_TIM4_Init                           0x080046c0   Section        0  tim.o(i.MX_TIM4_Init)
    i.MX_TIM8_Init                           0x08004750   Section        0  tim.o(i.MX_TIM8_Init)
    i.MX_UART4_Init                          0x080047b8   Section        0  usart.o(i.MX_UART4_Init)
    i.MX_USART6_UART_Init                    0x080047f0   Section        0  usart.o(i.MX_USART6_UART_Init)
    i.MemManage_Handler                      0x08004828   Section        0  stm32f4xx_it.o(i.MemManage_Handler)
    i.Motor1_Get_Phase_Current_A             0x0800482c   Section        0  adc_measure.o(i.Motor1_Get_Phase_Current_A)
    i.Motor1_Get_Phase_Current_B             0x08004914   Section        0  adc_measure.o(i.Motor1_Get_Phase_Current_B)
    i.Motor2_Get_Phase_Current_A             0x080049fc   Section        0  adc_measure.o(i.Motor2_Get_Phase_Current_A)
    i.Motor2_Get_Phase_Current_B             0x08004ae4   Section        0  adc_measure.o(i.Motor2_Get_Phase_Current_B)
    i.NMI_Handler                            0x08004bcc   Section        0  stm32f4xx_it.o(i.NMI_Handler)
    i.PI_Calc                                0x08004bce   Section        0  pi.o(i.PI_Calc)
    i.PI_Init                                0x08004c2c   Section        0  pi.o(i.PI_Init)
    i.Park_Transform                         0x08004c48   Section        0  clarke_park.o(i.Park_Transform)
    i.PendSV_Handler                         0x08004c98   Section        0  stm32f4xx_it.o(i.PendSV_Handler)
    i.SVC_Handler                            0x08004c9a   Section        0  stm32f4xx_it.o(i.SVC_Handler)
    i.SVPWM_Calculate                        0x08004c9c   Section        0  svpwm.o(i.SVPWM_Calculate)
    i.SysTick_Handler                        0x08004de0   Section        0  stm32f4xx_it.o(i.SysTick_Handler)
    i.SystemClock_Config                     0x08004de4   Section        0  main.o(i.SystemClock_Config)
    i.SystemInit                             0x08004e78   Section        0  system_stm32f4xx.o(i.SystemInit)
    i.TIM3_IRQHandler                        0x08004e88   Section        0  stm32f4xx_it.o(i.TIM3_IRQHandler)
    i.TIM_Base_SetConfig                     0x08004e94   Section        0  stm32f4xx_hal_tim.o(i.TIM_Base_SetConfig)
    i.TIM_CCxChannelCmd                      0x08004f64   Section        0  stm32f4xx_hal_tim.o(i.TIM_CCxChannelCmd)
    i.TIM_ETR_SetConfig                      0x08004f7e   Section        0  stm32f4xx_hal_tim.o(i.TIM_ETR_SetConfig)
    i.TIM_ITRx_SetConfig                     0x08004f92   Section        0  stm32f4xx_hal_tim.o(i.TIM_ITRx_SetConfig)
    TIM_ITRx_SetConfig                       0x08004f93   Thumb Code    16  stm32f4xx_hal_tim.o(i.TIM_ITRx_SetConfig)
    i.TIM_OC1_SetConfig                      0x08004fa4   Section        0  stm32f4xx_hal_tim.o(i.TIM_OC1_SetConfig)
    TIM_OC1_SetConfig                        0x08004fa5   Thumb Code    88  stm32f4xx_hal_tim.o(i.TIM_OC1_SetConfig)
    i.TIM_OC2_SetConfig                      0x08005004   Section        0  stm32f4xx_hal_tim.o(i.TIM_OC2_SetConfig)
    i.TIM_OC3_SetConfig                      0x08005070   Section        0  stm32f4xx_hal_tim.o(i.TIM_OC3_SetConfig)
    TIM_OC3_SetConfig                        0x08005071   Thumb Code    96  stm32f4xx_hal_tim.o(i.TIM_OC3_SetConfig)
    i.TIM_OC4_SetConfig                      0x080050d8   Section        0  stm32f4xx_hal_tim.o(i.TIM_OC4_SetConfig)
    TIM_OC4_SetConfig                        0x080050d9   Thumb Code    70  stm32f4xx_hal_tim.o(i.TIM_OC4_SetConfig)
    i.TIM_TI1_ConfigInputStage               0x08005128   Section        0  stm32f4xx_hal_tim.o(i.TIM_TI1_ConfigInputStage)
    TIM_TI1_ConfigInputStage                 0x08005129   Thumb Code    34  stm32f4xx_hal_tim.o(i.TIM_TI1_ConfigInputStage)
    i.TIM_TI2_ConfigInputStage               0x0800514a   Section        0  stm32f4xx_hal_tim.o(i.TIM_TI2_ConfigInputStage)
    TIM_TI2_ConfigInputStage                 0x0800514b   Thumb Code    36  stm32f4xx_hal_tim.o(i.TIM_TI2_ConfigInputStage)
    i.UART4_IRQHandler                       0x08005170   Section        0  stm32f4xx_it.o(i.UART4_IRQHandler)
    i.UART_DMAAbortOnError                   0x0800517c   Section        0  stm32f4xx_hal_uart.o(i.UART_DMAAbortOnError)
    UART_DMAAbortOnError                     0x0800517d   Thumb Code    14  stm32f4xx_hal_uart.o(i.UART_DMAAbortOnError)
    i.UART_DMAError                          0x0800518a   Section        0  stm32f4xx_hal_uart.o(i.UART_DMAError)
    UART_DMAError                            0x0800518b   Thumb Code    74  stm32f4xx_hal_uart.o(i.UART_DMAError)
    i.UART_DMAReceiveCplt                    0x080051d4   Section        0  stm32f4xx_hal_uart.o(i.UART_DMAReceiveCplt)
    UART_DMAReceiveCplt                      0x080051d5   Thumb Code   134  stm32f4xx_hal_uart.o(i.UART_DMAReceiveCplt)
    i.UART_DMARxHalfCplt                     0x0800525a   Section        0  stm32f4xx_hal_uart.o(i.UART_DMARxHalfCplt)
    UART_DMARxHalfCplt                       0x0800525b   Thumb Code    30  stm32f4xx_hal_uart.o(i.UART_DMARxHalfCplt)
    i.UART_EndRxTransfer                     0x08005278   Section        0  stm32f4xx_hal_uart.o(i.UART_EndRxTransfer)
    UART_EndRxTransfer                       0x08005279   Thumb Code    78  stm32f4xx_hal_uart.o(i.UART_EndRxTransfer)
    i.UART_EndTxTransfer                     0x080052c6   Section        0  stm32f4xx_hal_uart.o(i.UART_EndTxTransfer)
    UART_EndTxTransfer                       0x080052c7   Thumb Code    28  stm32f4xx_hal_uart.o(i.UART_EndTxTransfer)
    i.UART_Receive_IT                        0x080052e2   Section        0  stm32f4xx_hal_uart.o(i.UART_Receive_IT)
    UART_Receive_IT                          0x080052e3   Thumb Code   194  stm32f4xx_hal_uart.o(i.UART_Receive_IT)
    i.UART_SetConfig                         0x080053a4   Section        0  stm32f4xx_hal_uart.o(i.UART_SetConfig)
    UART_SetConfig                           0x080053a5   Thumb Code   258  stm32f4xx_hal_uart.o(i.UART_SetConfig)
    i.UART_Start_Receive_DMA                 0x080054b0   Section        0  stm32f4xx_hal_uart.o(i.UART_Start_Receive_DMA)
    i.USART6_IRQHandler                      0x08005550   Section        0  stm32f4xx_it.o(i.USART6_IRQHandler)
    i.UsageFault_Handler                     0x0800555c   Section        0  stm32f4xx_it.o(i.UsageFault_Handler)
    i.__ARM_fpclassifyf                      0x0800555e   Section        0  fpclassifyf.o(i.__ARM_fpclassifyf)
    i.__NVIC_SetPriority                     0x08005584   Section        0  stm32f4xx_hal_cortex.o(i.__NVIC_SetPriority)
    __NVIC_SetPriority                       0x08005585   Thumb Code    32  stm32f4xx_hal_cortex.o(i.__NVIC_SetPriority)
    i.__hardfp_cosf                          0x080055a4   Section        0  cosf.o(i.__hardfp_cosf)
    i.__hardfp_fmaxf                         0x080056f4   Section        0  fmaxf.o(i.__hardfp_fmaxf)
    i.__hardfp_fminf                         0x0800573c   Section        0  fminf.o(i.__hardfp_fminf)
    i.__hardfp_sinf                          0x08005784   Section        0  sinf.o(i.__hardfp_sinf)
    i.__hardfp_sqrtf                         0x08005914   Section        0  sqrtf.o(i.__hardfp_sqrtf)
    i.__mathlib_flt_infnan                   0x0800594e   Section        0  funder.o(i.__mathlib_flt_infnan)
    i.__mathlib_flt_invalid                  0x08005954   Section        0  funder.o(i.__mathlib_flt_invalid)
    i.__mathlib_flt_underflow                0x08005964   Section        0  funder.o(i.__mathlib_flt_underflow)
    i.__mathlib_rredf2                       0x08005974   Section        0  rredf.o(i.__mathlib_rredf2)
    i.__scatterload_copy                     0x08005ac8   Section       14  handlers.o(i.__scatterload_copy)
    i.__scatterload_null                     0x08005ad6   Section        2  handlers.o(i.__scatterload_null)
    i.__scatterload_zeroinit                 0x08005ad8   Section       14  handlers.o(i.__scatterload_zeroinit)
    i.__set_errno                            0x08005ae8   Section        0  errno.o(i.__set_errno)
    i.hal_delay_ms                           0x08005af4   Section        0  foc_hal_stm32.o(i.hal_delay_ms)
    i.hal_get_electrical_angle               0x08005af8   Section        0  foc_hal_stm32.o(i.hal_get_electrical_angle)
    i.hal_get_electrical_angle_raw           0x08005b28   Section        0  foc_hal_stm32.o(i.hal_get_electrical_angle_raw)
    i.hal_get_phase_current_a                0x08005b40   Section        0  foc_hal_stm32.o(i.hal_get_phase_current_a)
    i.hal_get_phase_current_b                0x08005b4a   Section        0  foc_hal_stm32.o(i.hal_get_phase_current_b)
    i.hal_pwm_apply                          0x08005b54   Section        0  foc_hal_stm32.o(i.hal_pwm_apply)
    i.int16_to_float                         0x08005bc0   Section        0  jy60.o(i.int16_to_float)
    int16_to_float                           0x08005bc1   Thumb Code    22  jy60.o(i.int16_to_float)
    i.key_scan                               0x08005bdc   Section        0  key.o(i.key_scan)
    i.main                                   0x08005c50   Section        0  main.o(i.main)
    i.mypow                                  0x08006094   Section        0  lcd.o(i.mypow)
    .constdata                               0x080060a4   Section        8  stm32f4xx_hal_dma.o(.constdata)
    flagBitshiftOffset                       0x080060a4   Data           8  stm32f4xx_hal_dma.o(.constdata)
    .constdata                               0x080060ac   Section       16  system_stm32f4xx.o(.constdata)
    .constdata                               0x080060bc   Section        8  system_stm32f4xx.o(.constdata)
    .constdata                               0x080060c4   Section    14620  lcd.o(.constdata)
    .constdata                               0x080099e0   Section       32  rredf.o(.constdata)
    twooverpi                                0x080099e0   Data          32  rredf.o(.constdata)
    .data                                    0x20000000   Section       16  main.o(.data)
    last_tick                                0x20000000   Data           4  main.o(.data)
    .data                                    0x20000010   Section       12  stm32f4xx_hal.o(.data)
    .data                                    0x2000001c   Section        4  system_stm32f4xx.o(.data)
    .data                                    0x20000020   Section       88  adc_measure.o(.data)
    m1a_buffer_index                         0x20000020   Data           1  adc_measure.o(.data)
    m1a_buffer_filled                        0x20000021   Data           1  adc_measure.o(.data)
    m1a_first_call                           0x20000022   Data           1  adc_measure.o(.data)
    m1b_buffer_index                         0x20000023   Data           1  adc_measure.o(.data)
    m1b_buffer_filled                        0x20000024   Data           1  adc_measure.o(.data)
    m1b_first_call                           0x20000025   Data           1  adc_measure.o(.data)
    m2a_buffer_index                         0x20000026   Data           1  adc_measure.o(.data)
    m2a_buffer_filled                        0x20000027   Data           1  adc_measure.o(.data)
    m2a_first_call                           0x20000028   Data           1  adc_measure.o(.data)
    m2b_buffer_index                         0x20000029   Data           1  adc_measure.o(.data)
    m2b_buffer_filled                        0x2000002a   Data           1  adc_measure.o(.data)
    m2b_first_call                           0x2000002b   Data           1  adc_measure.o(.data)
    first_call                               0x2000002c   Data           1  adc_measure.o(.data)
    m1a_filtered_current                     0x20000064   Data           4  adc_measure.o(.data)
    m1b_filtered_current                     0x20000068   Data           4  adc_measure.o(.data)
    m2a_filtered_current                     0x2000006c   Data           4  adc_measure.o(.data)
    m2b_filtered_current                     0x20000070   Data           4  adc_measure.o(.data)
    filtered_voltage                         0x20000074   Data           4  adc_measure.o(.data)
    .data                                    0x20000078   Section        1  jy60.o(.data)
    s_frame_idx                              0x20000078   Data           1  jy60.o(.data)
    .data                                    0x2000007c   Section       12  key.o(.data)
    last_time                                0x20000080   Data           4  key.o(.data)
    .data                                    0x20000088   Section        4  errno.o(.data)
    _errno                                   0x20000088   Data           4  errno.o(.data)
    .bss                                     0x2000008c   Section      432  main.o(.bss)
    .bss                                     0x2000023c   Section      408  adc.o(.bss)
    .bss                                     0x200003d4   Section      168  i2c.o(.bss)
    .bss                                     0x2000047c   Section      288  tim.o(.bss)
    .bss                                     0x2000059c   Section      336  usart.o(.bss)
    .bss                                     0x200006ec   Section       64  adc_measure.o(.bss)
    m1a_current_buffer                       0x200006ec   Data          16  adc_measure.o(.bss)
    m1b_current_buffer                       0x200006fc   Data          16  adc_measure.o(.bss)
    m2a_current_buffer                       0x2000070c   Data          16  adc_measure.o(.bss)
    m2b_current_buffer                       0x2000071c   Data          16  adc_measure.o(.bss)
    .bss                                     0x2000072c   Section      307  jy60.o(.bss)
    s_rx_buf                                 0x2000072c   Data         256  jy60.o(.bss)
    s_data                                   0x2000082c   Data          40  jy60.o(.bss)
    s_frame_buf                              0x20000854   Data          11  jy60.o(.bss)
    STACK                                    0x20000860   Section     1024  startup_stm32f407xx.o(STACK)

    Global Symbols

    Symbol Name                              Value     Ov Type        Size  Object(Section)

    BuildAttributes$$THM_ISAv4$E$P$D$K$B$S$7EM$VFPi3$EXTD16$VFPS$VFMA$PE$A:L22UL41UL21$X:L11$S22US41US21$IEEE1$IW$USESV6$~STKCKD$USESV7$~SHL$OTIME$ROPI$IEEEX$EBA8$MICROLIB$REQ8$PRES8$EABIv2 0x00000000   Number         0  anon$$obj.o ABSOLUTE
    __ARM_use_no_argv                        0x00000000   Number         0  main.o ABSOLUTE
    _printf_a                                0x00000000   Number         0  stubs.o ABSOLUTE
    _printf_c                                0x00000000   Number         0  stubs.o ABSOLUTE
    _printf_charcount                        0x00000000   Number         0  stubs.o ABSOLUTE
    _printf_d                                0x00000000   Number         0  stubs.o ABSOLUTE
    _printf_e                                0x00000000   Number         0  stubs.o ABSOLUTE
    _printf_f                                0x00000000   Number         0  stubs.o ABSOLUTE
    _printf_flags                            0x00000000   Number         0  stubs.o ABSOLUTE
    _printf_fp_dec                           0x00000000   Number         0  stubs.o ABSOLUTE
    _printf_fp_hex                           0x00000000   Number         0  stubs.o ABSOLUTE
    _printf_g                                0x00000000   Number         0  stubs.o ABSOLUTE
    _printf_i                                0x00000000   Number         0  stubs.o ABSOLUTE
    _printf_int_dec                          0x00000000   Number         0  stubs.o ABSOLUTE
    _printf_l                                0x00000000   Number         0  stubs.o ABSOLUTE
    _printf_lc                               0x00000000   Number         0  stubs.o ABSOLUTE
    _printf_ll                               0x00000000   Number         0  stubs.o ABSOLUTE
    _printf_lld                              0x00000000   Number         0  stubs.o ABSOLUTE
    _printf_lli                              0x00000000   Number         0  stubs.o ABSOLUTE
    _printf_llo                              0x00000000   Number         0  stubs.o ABSOLUTE
    _printf_llu                              0x00000000   Number         0  stubs.o ABSOLUTE
    _printf_llx                              0x00000000   Number         0  stubs.o ABSOLUTE
    _printf_longlong_dec                     0x00000000   Number         0  stubs.o ABSOLUTE
    _printf_longlong_hex                     0x00000000   Number         0  stubs.o ABSOLUTE
    _printf_longlong_oct                     0x00000000   Number         0  stubs.o ABSOLUTE
    _printf_ls                               0x00000000   Number         0  stubs.o ABSOLUTE
    _printf_mbtowc                           0x00000000   Number         0  stubs.o ABSOLUTE
    _printf_n                                0x00000000   Number         0  stubs.o ABSOLUTE
    _printf_o                                0x00000000   Number         0  stubs.o ABSOLUTE
    _printf_p                                0x00000000   Number         0  stubs.o ABSOLUTE
    _printf_percent                          0x00000000   Number         0  stubs.o ABSOLUTE
    _printf_pre_padding                      0x00000000   Number         0  stubs.o ABSOLUTE
    _printf_return_value                     0x00000000   Number         0  stubs.o ABSOLUTE
    _printf_s                                0x00000000   Number         0  stubs.o ABSOLUTE
    _printf_sizespec                         0x00000000   Number         0  stubs.o ABSOLUTE
    _printf_str                              0x00000000   Number         0  stubs.o ABSOLUTE
    _printf_truncate_signed                  0x00000000   Number         0  stubs.o ABSOLUTE
    _printf_truncate_unsigned                0x00000000   Number         0  stubs.o ABSOLUTE
    _printf_u                                0x00000000   Number         0  stubs.o ABSOLUTE
    _printf_wc                               0x00000000   Number         0  stubs.o ABSOLUTE
    _printf_wctomb                           0x00000000   Number         0  stubs.o ABSOLUTE
    _printf_widthprec                        0x00000000   Number         0  stubs.o ABSOLUTE
    _printf_x                                0x00000000   Number         0  stubs.o ABSOLUTE
    __arm_fini_                               - Undefined Weak Reference
    __cpp_initialize__aeabi_                  - Undefined Weak Reference
    __cxa_finalize                            - Undefined Weak Reference
    __decompress                              - Undefined Weak Reference
    _clock_init                               - Undefined Weak Reference
    _microlib_exit                            - Undefined Weak Reference
    __Vectors_Size                           0x00000188   Number         0  startup_stm32f407xx.o ABSOLUTE
    __Vectors                                0x08000000   Data           4  startup_stm32f407xx.o(RESET)
    __Vectors_End                            0x08000188   Data           0  startup_stm32f407xx.o(RESET)
    __main                                   0x08000189   Thumb Code     0  entry.o(.ARM.Collect$$$$00000000)
    _main_stk                                0x08000189   Thumb Code     0  entry2.o(.ARM.Collect$$$$00000001)
    _main_scatterload                        0x0800018d   Thumb Code     0  entry5.o(.ARM.Collect$$$$00000004)
    __main_after_scatterload                 0x08000191   Thumb Code     0  entry5.o(.ARM.Collect$$$$00000004)
    _main_clock                              0x08000191   Thumb Code     0  entry7b.o(.ARM.Collect$$$$00000008)
    _main_cpp_init                           0x08000191   Thumb Code     0  entry8b.o(.ARM.Collect$$$$0000000A)
    _main_init                               0x08000191   Thumb Code     0  entry9a.o(.ARM.Collect$$$$0000000B)
    __rt_lib_shutdown_fini                   0x08000199   Thumb Code     0  entry12b.o(.ARM.Collect$$$$0000000E)
    __rt_final_cpp                           0x0800019d   Thumb Code     0  entry10a.o(.ARM.Collect$$$$0000000F)
    __rt_final_exit                          0x0800019d   Thumb Code     0  entry11a.o(.ARM.Collect$$$$00000011)
    Reset_Handler                            0x080001a1   Thumb Code     8  startup_stm32f407xx.o(.text)
    CAN1_RX0_IRQHandler                      0x080001bb   Thumb Code     0  startup_stm32f407xx.o(.text)
    CAN1_RX1_IRQHandler                      0x080001bb   Thumb Code     0  startup_stm32f407xx.o(.text)
    CAN1_SCE_IRQHandler                      0x080001bb   Thumb Code     0  startup_stm32f407xx.o(.text)
    CAN1_TX_IRQHandler                       0x080001bb   Thumb Code     0  startup_stm32f407xx.o(.text)
    CAN2_RX0_IRQHandler                      0x080001bb   Thumb Code     0  startup_stm32f407xx.o(.text)
    CAN2_RX1_IRQHandler                      0x080001bb   Thumb Code     0  startup_stm32f407xx.o(.text)
    CAN2_SCE_IRQHandler                      0x080001bb   Thumb Code     0  startup_stm32f407xx.o(.text)
    CAN2_TX_IRQHandler                       0x080001bb   Thumb Code     0  startup_stm32f407xx.o(.text)
    DCMI_IRQHandler                          0x080001bb   Thumb Code     0  startup_stm32f407xx.o(.text)
    DMA1_Stream0_IRQHandler                  0x080001bb   Thumb Code     0  startup_stm32f407xx.o(.text)
    DMA1_Stream1_IRQHandler                  0x080001bb   Thumb Code     0  startup_stm32f407xx.o(.text)
    DMA1_Stream3_IRQHandler                  0x080001bb   Thumb Code     0  startup_stm32f407xx.o(.text)
    DMA1_Stream5_IRQHandler                  0x080001bb   Thumb Code     0  startup_stm32f407xx.o(.text)
    DMA1_Stream6_IRQHandler                  0x080001bb   Thumb Code     0  startup_stm32f407xx.o(.text)
    DMA1_Stream7_IRQHandler                  0x080001bb   Thumb Code     0  startup_stm32f407xx.o(.text)
    DMA2_Stream1_IRQHandler                  0x080001bb   Thumb Code     0  startup_stm32f407xx.o(.text)
    DMA2_Stream3_IRQHandler                  0x080001bb   Thumb Code     0  startup_stm32f407xx.o(.text)
    DMA2_Stream4_IRQHandler                  0x080001bb   Thumb Code     0  startup_stm32f407xx.o(.text)
    DMA2_Stream5_IRQHandler                  0x080001bb   Thumb Code     0  startup_stm32f407xx.o(.text)
    DMA2_Stream6_IRQHandler                  0x080001bb   Thumb Code     0  startup_stm32f407xx.o(.text)
    DMA2_Stream7_IRQHandler                  0x080001bb   Thumb Code     0  startup_stm32f407xx.o(.text)
    ETH_IRQHandler                           0x080001bb   Thumb Code     0  startup_stm32f407xx.o(.text)
    ETH_WKUP_IRQHandler                      0x080001bb   Thumb Code     0  startup_stm32f407xx.o(.text)
    EXTI0_IRQHandler                         0x080001bb   Thumb Code     0  startup_stm32f407xx.o(.text)
    EXTI15_10_IRQHandler                     0x080001bb   Thumb Code     0  startup_stm32f407xx.o(.text)
    EXTI1_IRQHandler                         0x080001bb   Thumb Code     0  startup_stm32f407xx.o(.text)
    EXTI2_IRQHandler                         0x080001bb   Thumb Code     0  startup_stm32f407xx.o(.text)
    EXTI3_IRQHandler                         0x080001bb   Thumb Code     0  startup_stm32f407xx.o(.text)
    EXTI4_IRQHandler                         0x080001bb   Thumb Code     0  startup_stm32f407xx.o(.text)
    EXTI9_5_IRQHandler                       0x080001bb   Thumb Code     0  startup_stm32f407xx.o(.text)
    FLASH_IRQHandler                         0x080001bb   Thumb Code     0  startup_stm32f407xx.o(.text)
    FMC_IRQHandler                           0x080001bb   Thumb Code     0  startup_stm32f407xx.o(.text)
    FPU_IRQHandler                           0x080001bb   Thumb Code     0  startup_stm32f407xx.o(.text)
    HASH_RNG_IRQHandler                      0x080001bb   Thumb Code     0  startup_stm32f407xx.o(.text)
    I2C2_ER_IRQHandler                       0x080001bb   Thumb Code     0  startup_stm32f407xx.o(.text)
    I2C2_EV_IRQHandler                       0x080001bb   Thumb Code     0  startup_stm32f407xx.o(.text)
    OTG_FS_IRQHandler                        0x080001bb   Thumb Code     0  startup_stm32f407xx.o(.text)
    OTG_FS_WKUP_IRQHandler                   0x080001bb   Thumb Code     0  startup_stm32f407xx.o(.text)
    OTG_HS_EP1_IN_IRQHandler                 0x080001bb   Thumb Code     0  startup_stm32f407xx.o(.text)
    OTG_HS_EP1_OUT_IRQHandler                0x080001bb   Thumb Code     0  startup_stm32f407xx.o(.text)
    OTG_HS_IRQHandler                        0x080001bb   Thumb Code     0  startup_stm32f407xx.o(.text)
    OTG_HS_WKUP_IRQHandler                   0x080001bb   Thumb Code     0  startup_stm32f407xx.o(.text)
    PVD_IRQHandler                           0x080001bb   Thumb Code     0  startup_stm32f407xx.o(.text)
    RCC_IRQHandler                           0x080001bb   Thumb Code     0  startup_stm32f407xx.o(.text)
    RTC_Alarm_IRQHandler                     0x080001bb   Thumb Code     0  startup_stm32f407xx.o(.text)
    RTC_WKUP_IRQHandler                      0x080001bb   Thumb Code     0  startup_stm32f407xx.o(.text)
    SDIO_IRQHandler                          0x080001bb   Thumb Code     0  startup_stm32f407xx.o(.text)
    SPI1_IRQHandler                          0x080001bb   Thumb Code     0  startup_stm32f407xx.o(.text)
    SPI2_IRQHandler                          0x080001bb   Thumb Code     0  startup_stm32f407xx.o(.text)
    SPI3_IRQHandler                          0x080001bb   Thumb Code     0  startup_stm32f407xx.o(.text)
    TAMP_STAMP_IRQHandler                    0x080001bb   Thumb Code     0  startup_stm32f407xx.o(.text)
    TIM1_BRK_TIM9_IRQHandler                 0x080001bb   Thumb Code     0  startup_stm32f407xx.o(.text)
    TIM1_CC_IRQHandler                       0x080001bb   Thumb Code     0  startup_stm32f407xx.o(.text)
    TIM1_TRG_COM_TIM11_IRQHandler            0x080001bb   Thumb Code     0  startup_stm32f407xx.o(.text)
    TIM1_UP_TIM10_IRQHandler                 0x080001bb   Thumb Code     0  startup_stm32f407xx.o(.text)
    TIM2_IRQHandler                          0x080001bb   Thumb Code     0  startup_stm32f407xx.o(.text)
    TIM4_IRQHandler                          0x080001bb   Thumb Code     0  startup_stm32f407xx.o(.text)
    TIM5_IRQHandler                          0x080001bb   Thumb Code     0  startup_stm32f407xx.o(.text)
    TIM6_DAC_IRQHandler                      0x080001bb   Thumb Code     0  startup_stm32f407xx.o(.text)
    TIM7_IRQHandler                          0x080001bb   Thumb Code     0  startup_stm32f407xx.o(.text)
    TIM8_BRK_TIM12_IRQHandler                0x080001bb   Thumb Code     0  startup_stm32f407xx.o(.text)
    TIM8_CC_IRQHandler                       0x080001bb   Thumb Code     0  startup_stm32f407xx.o(.text)
    TIM8_TRG_COM_TIM14_IRQHandler            0x080001bb   Thumb Code     0  startup_stm32f407xx.o(.text)
    TIM8_UP_TIM13_IRQHandler                 0x080001bb   Thumb Code     0  startup_stm32f407xx.o(.text)
    UART5_IRQHandler                         0x080001bb   Thumb Code     0  startup_stm32f407xx.o(.text)
    USART1_IRQHandler                        0x080001bb   Thumb Code     0  startup_stm32f407xx.o(.text)
    USART2_IRQHandler                        0x080001bb   Thumb Code     0  startup_stm32f407xx.o(.text)
    USART3_IRQHandler                        0x080001bb   Thumb Code     0  startup_stm32f407xx.o(.text)
    WWDG_IRQHandler                          0x080001bb   Thumb Code     0  startup_stm32f407xx.o(.text)
    __aeabi_uldivmod                         0x080001c5   Thumb Code    98  uldiv.o(.text)
    __aeabi_memset                           0x08000227   Thumb Code    14  memseta.o(.text)
    __aeabi_memset4                          0x08000227   Thumb Code     0  memseta.o(.text)
    __aeabi_memset8                          0x08000227   Thumb Code     0  memseta.o(.text)
    __aeabi_memclr                           0x08000235   Thumb Code     4  memseta.o(.text)
    __aeabi_memclr4                          0x08000235   Thumb Code     0  memseta.o(.text)
    __aeabi_memclr8                          0x08000235   Thumb Code     0  memseta.o(.text)
    _memset$wrapper                          0x08000239   Thumb Code    18  memseta.o(.text)
    __aeabi_llsl                             0x0800024b   Thumb Code    30  llshl.o(.text)
    _ll_shift_l                              0x0800024b   Thumb Code     0  llshl.o(.text)
    __aeabi_llsr                             0x08000269   Thumb Code    32  llushr.o(.text)
    _ll_ushift_r                             0x08000269   Thumb Code     0  llushr.o(.text)
    __ARM_fcmp4                              0x08000289   Thumb Code    54  fcmp4.o(.text)
    __I$use$fp                               0x08000289   Thumb Code     0  iusefp.o(.text)
    _fcmp4                                   0x08000289   Thumb Code     0  fcmp4.o(.text)
    __scatterload                            0x080002c1   Thumb Code    28  init.o(.text)
    __scatterload_rt2                        0x080002c1   Thumb Code     0  init.o(.text)
    ADC_Calibrate_Current_Sensors            0x080002e5   Thumb Code   304  adc_measure.o(i.ADC_Calibrate_Current_Sensors)
    ADC_IRQHandler                           0x080004bd   Thumb Code    24  stm32f4xx_it.o(i.ADC_IRQHandler)
    ADC_Measure_Init                         0x08000609   Thumb Code   120  adc_measure.o(i.ADC_Measure_Init)
    AS5600_ErrorCallback                     0x08000691   Thumb Code     6  as5600.o(i.AS5600_ErrorCallback)
    AS5600_Init                              0x08000699   Thumb Code    20  as5600.o(i.AS5600_Init)
    AS5600_RequestAngle_IT                   0x080006b1   Thumb Code    36  as5600.o(i.AS5600_RequestAngle_IT)
    AS5600_RxCpltCallback                    0x080006d5   Thumb Code    62  as5600.o(i.AS5600_RxCpltCallback)
    BusFault_Handler                         0x0800071d   Thumb Code     2  stm32f4xx_it.o(i.BusFault_Handler)
    Clarke_Transform                         0x08000721   Thumb Code    34  clarke_park.o(i.Clarke_Transform)
    DMA1_Stream2_IRQHandler                  0x08000749   Thumb Code     6  stm32f4xx_it.o(i.DMA1_Stream2_IRQHandler)
    DMA1_Stream4_IRQHandler                  0x08000755   Thumb Code     6  stm32f4xx_it.o(i.DMA1_Stream4_IRQHandler)
    DMA2_Stream0_IRQHandler                  0x08000761   Thumb Code     6  stm32f4xx_it.o(i.DMA2_Stream0_IRQHandler)
    DMA2_Stream2_IRQHandler                  0x0800076d   Thumb Code     6  stm32f4xx_it.o(i.DMA2_Stream2_IRQHandler)
    DebugMon_Handler                         0x0800081d   Thumb Code     2  stm32f4xx_it.o(i.DebugMon_Handler)
    Error_Handler                            0x0800081f   Thumb Code     4  main.o(i.Error_Handler)
    FOC_Calibrate                            0x08000825   Thumb Code   148  foc_core.o(i.FOC_Calibrate)
    FOC_HandleInit                           0x080008c5   Thumb Code   172  foc_core.o(i.FOC_HandleInit)
    FOC_RunCurrentLoop                       0x0800098d   Thumb Code   256  foc_core.o(i.FOC_RunCurrentLoop)
    FOC_SetCurrentTarget                     0x08000a91   Thumb Code    10  foc_core.o(i.FOC_SetCurrentTarget)
    FOC_SetMode                              0x08000a9b   Thumb Code    14  foc_core.o(i.FOC_SetMode)
    FOC_SetVoltage                           0x08000aa9   Thumb Code    62  foc_core.o(i.FOC_SetVoltage)
    HAL_ADCEx_InjectedConvCpltCallback       0x08000ae7   Thumb Code     2  stm32f4xx_hal_adc_ex.o(i.HAL_ADCEx_InjectedConvCpltCallback)
    HAL_ADC_ConfigChannel                    0x08000ae9   Thumb Code   316  stm32f4xx_hal_adc.o(i.HAL_ADC_ConfigChannel)
    HAL_ADC_ConvCpltCallback                 0x08000c35   Thumb Code     2  adc_measure.o(i.HAL_ADC_ConvCpltCallback)
    HAL_ADC_ConvHalfCpltCallback             0x08000c37   Thumb Code     2  stm32f4xx_hal_adc.o(i.HAL_ADC_ConvHalfCpltCallback)
    HAL_ADC_ErrorCallback                    0x08000c39   Thumb Code     2  stm32f4xx_hal_adc.o(i.HAL_ADC_ErrorCallback)
    HAL_ADC_IRQHandler                       0x08000c3b   Thumb Code   302  stm32f4xx_hal_adc.o(i.HAL_ADC_IRQHandler)
    HAL_ADC_Init                             0x08000d69   Thumb Code    84  stm32f4xx_hal_adc.o(i.HAL_ADC_Init)
    HAL_ADC_LevelOutOfWindowCallback         0x08000dbd   Thumb Code     2  stm32f4xx_hal_adc.o(i.HAL_ADC_LevelOutOfWindowCallback)
    HAL_ADC_MspInit                          0x08000dc1   Thumb Code   338  adc.o(i.HAL_ADC_MspInit)
    HAL_ADC_Start_DMA                        0x08000f39   Thumb Code   306  stm32f4xx_hal_adc.o(i.HAL_ADC_Start_DMA)
    HAL_ADC_Stop_DMA                         0x08001091   Thumb Code   108  stm32f4xx_hal_adc.o(i.HAL_ADC_Stop_DMA)
    HAL_DMA_Abort                            0x080010fd   Thumb Code   146  stm32f4xx_hal_dma.o(i.HAL_DMA_Abort)
    HAL_DMA_Abort_IT                         0x0800118f   Thumb Code    36  stm32f4xx_hal_dma.o(i.HAL_DMA_Abort_IT)
    HAL_DMA_GetState                         0x080011b3   Thumb Code     6  stm32f4xx_hal_dma.o(i.HAL_DMA_GetState)
    HAL_DMA_IRQHandler                       0x080011b9   Thumb Code   412  stm32f4xx_hal_dma.o(i.HAL_DMA_IRQHandler)
    HAL_DMA_Init                             0x08001359   Thumb Code   206  stm32f4xx_hal_dma.o(i.HAL_DMA_Init)
    HAL_DMA_Start_IT                         0x0800142d   Thumb Code   110  stm32f4xx_hal_dma.o(i.HAL_DMA_Start_IT)
    HAL_Delay                                0x0800149d   Thumb Code    32  stm32f4xx_hal.o(i.HAL_Delay)
    HAL_GPIO_Init                            0x080014c1   Thumb Code   450  stm32f4xx_hal_gpio.o(i.HAL_GPIO_Init)
    HAL_GPIO_ReadPin                         0x080016b1   Thumb Code    10  stm32f4xx_hal_gpio.o(i.HAL_GPIO_ReadPin)
    HAL_GPIO_WritePin                        0x080016bb   Thumb Code    10  stm32f4xx_hal_gpio.o(i.HAL_GPIO_WritePin)
    HAL_GetTick                              0x080016c5   Thumb Code     6  stm32f4xx_hal.o(i.HAL_GetTick)
    HAL_I2C_AbortCpltCallback                0x080016d1   Thumb Code     2  stm32f4xx_hal_i2c.o(i.HAL_I2C_AbortCpltCallback)
    HAL_I2C_AddrCallback                     0x080016d3   Thumb Code     2  stm32f4xx_hal_i2c.o(i.HAL_I2C_AddrCallback)
    HAL_I2C_ER_IRQHandler                    0x080016d5   Thumb Code   186  stm32f4xx_hal_i2c.o(i.HAL_I2C_ER_IRQHandler)
    HAL_I2C_EV_IRQHandler                    0x0800178f   Thumb Code   560  stm32f4xx_hal_i2c.o(i.HAL_I2C_EV_IRQHandler)
    HAL_I2C_ErrorCallback                    0x080019c1   Thumb Code    28  main.o(i.HAL_I2C_ErrorCallback)
    HAL_I2C_Init                             0x080019e9   Thumb Code   376  stm32f4xx_hal_i2c.o(i.HAL_I2C_Init)
    HAL_I2C_ListenCpltCallback               0x08001b71   Thumb Code     2  stm32f4xx_hal_i2c.o(i.HAL_I2C_ListenCpltCallback)
    HAL_I2C_MasterRxCpltCallback             0x08001b75   Thumb Code    28  main.o(i.HAL_I2C_MasterRxCpltCallback)
    HAL_I2C_MasterTxCpltCallback             0x08001b9d   Thumb Code     2  stm32f4xx_hal_i2c.o(i.HAL_I2C_MasterTxCpltCallback)
    HAL_I2C_MemRxCpltCallback                0x08001b9f   Thumb Code     2  stm32f4xx_hal_i2c.o(i.HAL_I2C_MemRxCpltCallback)
    HAL_I2C_MemTxCpltCallback                0x08001ba1   Thumb Code     2  stm32f4xx_hal_i2c.o(i.HAL_I2C_MemTxCpltCallback)
    HAL_I2C_Mem_Read_IT                      0x08001ba5   Thumb Code   212  stm32f4xx_hal_i2c.o(i.HAL_I2C_Mem_Read_IT)
    HAL_I2C_MspInit                          0x08001c81   Thumb Code   270  i2c.o(i.HAL_I2C_MspInit)
    HAL_I2C_SlaveRxCpltCallback              0x08001da9   Thumb Code     2  stm32f4xx_hal_i2c.o(i.HAL_I2C_SlaveRxCpltCallback)
    HAL_I2C_SlaveTxCpltCallback              0x08001dab   Thumb Code     2  stm32f4xx_hal_i2c.o(i.HAL_I2C_SlaveTxCpltCallback)
    HAL_IncTick                              0x08001dad   Thumb Code    12  stm32f4xx_hal.o(i.HAL_IncTick)
    HAL_Init                                 0x08001dbd   Thumb Code    48  stm32f4xx_hal.o(i.HAL_Init)
    HAL_InitTick                             0x08001df1   Thumb Code    54  stm32f4xx_hal.o(i.HAL_InitTick)
    HAL_MspInit                              0x08001e31   Thumb Code    42  stm32f4xx_hal_msp.o(i.HAL_MspInit)
    HAL_NVIC_EnableIRQ                       0x08001e61   Thumb Code    26  stm32f4xx_hal_cortex.o(i.HAL_NVIC_EnableIRQ)
    HAL_NVIC_SetPriority                     0x08001e7d   Thumb Code    60  stm32f4xx_hal_cortex.o(i.HAL_NVIC_SetPriority)
    HAL_NVIC_SetPriorityGrouping             0x08001ebd   Thumb Code    26  stm32f4xx_hal_cortex.o(i.HAL_NVIC_SetPriorityGrouping)
    HAL_RCC_ClockConfig                      0x08001ee1   Thumb Code   288  stm32f4xx_hal_rcc.o(i.HAL_RCC_ClockConfig)
    HAL_RCC_GetPCLK1Freq                     0x08002015   Thumb Code    20  stm32f4xx_hal_rcc.o(i.HAL_RCC_GetPCLK1Freq)
    HAL_RCC_GetPCLK2Freq                     0x08002035   Thumb Code    20  stm32f4xx_hal_rcc.o(i.HAL_RCC_GetPCLK2Freq)
    HAL_RCC_GetSysClockFreq                  0x08002055   Thumb Code    88  stm32f4xx_hal_rcc.o(i.HAL_RCC_GetSysClockFreq)
    HAL_RCC_OscConfig                        0x080020b5   Thumb Code   856  stm32f4xx_hal_rcc.o(i.HAL_RCC_OscConfig)
    HAL_SYSTICK_Config                       0x08002421   Thumb Code    40  stm32f4xx_hal_cortex.o(i.HAL_SYSTICK_Config)
    HAL_TIMEx_BreakCallback                  0x08002449   Thumb Code     2  stm32f4xx_hal_tim_ex.o(i.HAL_TIMEx_BreakCallback)
    HAL_TIMEx_CommutCallback                 0x0800244b   Thumb Code     2  stm32f4xx_hal_tim_ex.o(i.HAL_TIMEx_CommutCallback)
    HAL_TIMEx_MasterConfigSynchronization    0x0800244d   Thumb Code   116  stm32f4xx_hal_tim_ex.o(i.HAL_TIMEx_MasterConfigSynchronization)
    HAL_TIM_Base_Init                        0x080024dd   Thumb Code    90  stm32f4xx_hal_tim.o(i.HAL_TIM_Base_Init)
    HAL_TIM_Base_MspInit                     0x08002539   Thumb Code    76  tim.o(i.HAL_TIM_Base_MspInit)
    HAL_TIM_Base_Start                       0x08002591   Thumb Code    90  stm32f4xx_hal_tim.o(i.HAL_TIM_Base_Start)
    HAL_TIM_Base_Start_IT                    0x08002609   Thumb Code   100  stm32f4xx_hal_tim.o(i.HAL_TIM_Base_Start_IT)
    HAL_TIM_ConfigClockSource                0x08002689   Thumb Code   220  stm32f4xx_hal_tim.o(i.HAL_TIM_ConfigClockSource)
    HAL_TIM_IC_CaptureCallback               0x08002765   Thumb Code     2  stm32f4xx_hal_tim.o(i.HAL_TIM_IC_CaptureCallback)
    HAL_TIM_IRQHandler                       0x08002767   Thumb Code   304  stm32f4xx_hal_tim.o(i.HAL_TIM_IRQHandler)
    HAL_TIM_MspPostInit                      0x08002899   Thumb Code   148  tim.o(i.HAL_TIM_MspPostInit)
    HAL_TIM_OC_DelayElapsedCallback          0x08002941   Thumb Code     2  stm32f4xx_hal_tim.o(i.HAL_TIM_OC_DelayElapsedCallback)
    HAL_TIM_PWM_ConfigChannel                0x08002943   Thumb Code   204  stm32f4xx_hal_tim.o(i.HAL_TIM_PWM_ConfigChannel)
    HAL_TIM_PWM_Init                         0x08002a0f   Thumb Code    90  stm32f4xx_hal_tim.o(i.HAL_TIM_PWM_Init)
    HAL_TIM_PWM_MspInit                      0x08002a69   Thumb Code    52  tim.o(i.HAL_TIM_PWM_MspInit)
    HAL_TIM_PWM_PulseFinishedCallback        0x08002aa5   Thumb Code     2  stm32f4xx_hal_tim.o(i.HAL_TIM_PWM_PulseFinishedCallback)
    HAL_TIM_PWM_Start                        0x08002aa9   Thumb Code   172  stm32f4xx_hal_tim.o(i.HAL_TIM_PWM_Start)
    HAL_TIM_PeriodElapsedCallback            0x08002b71   Thumb Code    68  main.o(i.HAL_TIM_PeriodElapsedCallback)
    HAL_TIM_TriggerCallback                  0x08002bc5   Thumb Code     2  stm32f4xx_hal_tim.o(i.HAL_TIM_TriggerCallback)
    HAL_UARTEx_ReceiveToIdle_DMA             0x08002bc7   Thumb Code    74  stm32f4xx_hal_uart.o(i.HAL_UARTEx_ReceiveToIdle_DMA)
    HAL_UARTEx_RxEventCallback               0x08002c11   Thumb Code    60  jy60.o(i.HAL_UARTEx_RxEventCallback)
    HAL_UART_ErrorCallback                   0x08002c55   Thumb Code     2  stm32f4xx_hal_uart.o(i.HAL_UART_ErrorCallback)
    HAL_UART_IRQHandler                      0x08002c59   Thumb Code   636  stm32f4xx_hal_uart.o(i.HAL_UART_IRQHandler)
    HAL_UART_Init                            0x08002ed9   Thumb Code   100  stm32f4xx_hal_uart.o(i.HAL_UART_Init)
    HAL_UART_MspInit                         0x08002f3d   Thumb Code   286  usart.o(i.HAL_UART_MspInit)
    HAL_UART_RxCpltCallback                  0x08003075   Thumb Code     2  stm32f4xx_hal_uart.o(i.HAL_UART_RxCpltCallback)
    HAL_UART_RxHalfCpltCallback              0x08003077   Thumb Code     2  stm32f4xx_hal_uart.o(i.HAL_UART_RxHalfCpltCallback)
    HAL_UART_TxCpltCallback                  0x08003079   Thumb Code     2  stm32f4xx_hal_uart.o(i.HAL_UART_TxCpltCallback)
    HardFault_Handler                        0x0800307b   Thumb Code     2  stm32f4xx_it.o(i.HardFault_Handler)
    I2C1_ER_IRQHandler                       0x0800307d   Thumb Code     6  stm32f4xx_it.o(i.I2C1_ER_IRQHandler)
    I2C1_EV_IRQHandler                       0x08003089   Thumb Code     6  stm32f4xx_it.o(i.I2C1_EV_IRQHandler)
    I2C3_ER_IRQHandler                       0x08003095   Thumb Code     6  stm32f4xx_it.o(i.I2C3_ER_IRQHandler)
    I2C3_EV_IRQHandler                       0x080030a1   Thumb Code     6  stm32f4xx_it.o(i.I2C3_EV_IRQHandler)
    Inverse_Park_Transform                   0x08003a5d   Thumb Code    80  clarke_park.o(i.Inverse_Park_Transform)
    JY60DMA_Init                             0x08003aad   Thumb Code    38  jy60.o(i.JY60DMA_Init)
    LCD_Address_Set                          0x08003c29   Thumb Code   116  lcd.o(i.LCD_Address_Set)
    LCD_DrawPoint                            0x08003c9d   Thumb Code    34  lcd.o(i.LCD_DrawPoint)
    LCD_Fill                                 0x08003cbf   Thumb Code   124  lcd.o(i.LCD_Fill)
    LCD_GPIO_Init                            0x08003d3d   Thumb Code   116  lcd_init.o(i.LCD_GPIO_Init)
    LCD_Init                                 0x08003db9   Thumb Code   540  lcd_init.o(i.LCD_Init)
    LCD_ShowChar                             0x08003fd9   Thumb Code   302  lcd.o(i.LCD_ShowChar)
    LCD_ShowFloatNum1                        0x08004119   Thumb Code   146  lcd.o(i.LCD_ShowFloatNum1)
    LCD_ShowIntNum                           0x080041b1   Thumb Code   126  lcd.o(i.LCD_ShowIntNum)
    LCD_ShowString                           0x0800422f   Thumb Code    58  lcd.o(i.LCD_ShowString)
    LCD_WR_DATA                              0x08004269   Thumb Code    20  lcd_init.o(i.LCD_WR_DATA)
    LCD_WR_DATA8                             0x0800427d   Thumb Code     4  lcd_init.o(i.LCD_WR_DATA8)
    LCD_WR_REG                               0x08004281   Thumb Code    36  lcd_init.o(i.LCD_WR_REG)
    LCD_Writ_Bus                             0x080042a9   Thumb Code    82  lcd_init.o(i.LCD_Writ_Bus)
    MX_ADC1_Init                             0x08004301   Thumb Code    88  adc.o(i.MX_ADC1_Init)
    MX_ADC2_Init                             0x08004365   Thumb Code   116  adc.o(i.MX_ADC2_Init)
    MX_ADC3_Init                             0x080043e1   Thumb Code   116  adc.o(i.MX_ADC3_Init)
    MX_DMA_Init                              0x0800445d   Thumb Code   104  dma.o(i.MX_DMA_Init)
    MX_GPIO_Init                             0x080044c9   Thumb Code   118  gpio.o(i.MX_GPIO_Init)
    MX_I2C1_Init                             0x08004549   Thumb Code    50  i2c.o(i.MX_I2C1_Init)
    MX_I2C3_Init                             0x08004589   Thumb Code    50  i2c.o(i.MX_I2C3_Init)
    MX_TIM2_Init                             0x080045c9   Thumb Code   138  tim.o(i.MX_TIM2_Init)
    MX_TIM3_Init                             0x08004659   Thumb Code    94  tim.o(i.MX_TIM3_Init)
    MX_TIM4_Init                             0x080046c1   Thumb Code   136  tim.o(i.MX_TIM4_Init)
    MX_TIM8_Init                             0x08004751   Thumb Code    96  tim.o(i.MX_TIM8_Init)
    MX_UART4_Init                            0x080047b9   Thumb Code    48  usart.o(i.MX_UART4_Init)
    MX_USART6_UART_Init                      0x080047f1   Thumb Code    48  usart.o(i.MX_USART6_UART_Init)
    MemManage_Handler                        0x08004829   Thumb Code     2  stm32f4xx_it.o(i.MemManage_Handler)
    Motor1_Get_Phase_Current_A               0x0800482d   Thumb Code   198  adc_measure.o(i.Motor1_Get_Phase_Current_A)
    Motor1_Get_Phase_Current_B               0x08004915   Thumb Code   198  adc_measure.o(i.Motor1_Get_Phase_Current_B)
    Motor2_Get_Phase_Current_A               0x080049fd   Thumb Code   198  adc_measure.o(i.Motor2_Get_Phase_Current_A)
    Motor2_Get_Phase_Current_B               0x08004ae5   Thumb Code   198  adc_measure.o(i.Motor2_Get_Phase_Current_B)
    NMI_Handler                              0x08004bcd   Thumb Code     2  stm32f4xx_it.o(i.NMI_Handler)
    PI_Calc                                  0x08004bcf   Thumb Code    94  pi.o(i.PI_Calc)
    PI_Init                                  0x08004c2d   Thumb Code    22  pi.o(i.PI_Init)
    Park_Transform                           0x08004c49   Thumb Code    80  clarke_park.o(i.Park_Transform)
    PendSV_Handler                           0x08004c99   Thumb Code     2  stm32f4xx_it.o(i.PendSV_Handler)
    SVC_Handler                              0x08004c9b   Thumb Code     2  stm32f4xx_it.o(i.SVC_Handler)
    SVPWM_Calculate                          0x08004c9d   Thumb Code   302  svpwm.o(i.SVPWM_Calculate)
    SysTick_Handler                          0x08004de1   Thumb Code     4  stm32f4xx_it.o(i.SysTick_Handler)
    SystemClock_Config                       0x08004de5   Thumb Code   138  main.o(i.SystemClock_Config)
    SystemInit                               0x08004e79   Thumb Code    12  system_stm32f4xx.o(i.SystemInit)
    TIM3_IRQHandler                          0x08004e89   Thumb Code     6  stm32f4xx_it.o(i.TIM3_IRQHandler)
    TIM_Base_SetConfig                       0x08004e95   Thumb Code   164  stm32f4xx_hal_tim.o(i.TIM_Base_SetConfig)
    TIM_CCxChannelCmd                        0x08004f65   Thumb Code    26  stm32f4xx_hal_tim.o(i.TIM_CCxChannelCmd)
    TIM_ETR_SetConfig                        0x08004f7f   Thumb Code    20  stm32f4xx_hal_tim.o(i.TIM_ETR_SetConfig)
    TIM_OC2_SetConfig                        0x08005005   Thumb Code    98  stm32f4xx_hal_tim.o(i.TIM_OC2_SetConfig)
    UART4_IRQHandler                         0x08005171   Thumb Code     6  stm32f4xx_it.o(i.UART4_IRQHandler)
    UART_Start_Receive_DMA                   0x080054b1   Thumb Code   146  stm32f4xx_hal_uart.o(i.UART_Start_Receive_DMA)
    USART6_IRQHandler                        0x08005551   Thumb Code     6  stm32f4xx_it.o(i.USART6_IRQHandler)
    UsageFault_Handler                       0x0800555d   Thumb Code     2  stm32f4xx_it.o(i.UsageFault_Handler)
    __ARM_fpclassifyf                        0x0800555f   Thumb Code    38  fpclassifyf.o(i.__ARM_fpclassifyf)
    __hardfp_cosf                            0x080055a5   Thumb Code   280  cosf.o(i.__hardfp_cosf)
    __hardfp_fmaxf                           0x080056f5   Thumb Code    72  fmaxf.o(i.__hardfp_fmaxf)
    __hardfp_fminf                           0x0800573d   Thumb Code    72  fminf.o(i.__hardfp_fminf)
    __hardfp_sinf                            0x08005785   Thumb Code   344  sinf.o(i.__hardfp_sinf)
    __hardfp_sqrtf                           0x08005915   Thumb Code    58  sqrtf.o(i.__hardfp_sqrtf)
    __mathlib_flt_infnan                     0x0800594f   Thumb Code     6  funder.o(i.__mathlib_flt_infnan)
    __mathlib_flt_invalid                    0x08005955   Thumb Code    10  funder.o(i.__mathlib_flt_invalid)
    __mathlib_flt_underflow                  0x08005965   Thumb Code    10  funder.o(i.__mathlib_flt_underflow)
    __mathlib_rredf2                         0x08005975   Thumb Code   316  rredf.o(i.__mathlib_rredf2)
    __scatterload_copy                       0x08005ac9   Thumb Code    14  handlers.o(i.__scatterload_copy)
    __scatterload_null                       0x08005ad7   Thumb Code     2  handlers.o(i.__scatterload_null)
    __scatterload_zeroinit                   0x08005ad9   Thumb Code    14  handlers.o(i.__scatterload_zeroinit)
    __set_errno                              0x08005ae9   Thumb Code     6  errno.o(i.__set_errno)
    hal_delay_ms                             0x08005af5   Thumb Code     4  foc_hal_stm32.o(i.hal_delay_ms)
    hal_get_electrical_angle                 0x08005af9   Thumb Code    32  foc_hal_stm32.o(i.hal_get_electrical_angle)
    hal_get_electrical_angle_raw             0x08005b29   Thumb Code    14  foc_hal_stm32.o(i.hal_get_electrical_angle_raw)
    hal_get_phase_current_a                  0x08005b41   Thumb Code    10  foc_hal_stm32.o(i.hal_get_phase_current_a)
    hal_get_phase_current_b                  0x08005b4b   Thumb Code    10  foc_hal_stm32.o(i.hal_get_phase_current_b)
    hal_pwm_apply                            0x08005b55   Thumb Code   100  foc_hal_stm32.o(i.hal_pwm_apply)
    key_scan                                 0x08005bdd   Thumb Code   104  key.o(i.key_scan)
    main                                     0x08005c51   Thumb Code   952  main.o(i.main)
    mypow                                    0x08006095   Thumb Code    16  lcd.o(i.mypow)
    AHBPrescTable                            0x080060ac   Data          16  system_stm32f4xx.o(.constdata)
    APBPrescTable                            0x080060bc   Data           8  system_stm32f4xx.o(.constdata)
    ascii_1206                               0x080060c4   Data        1140  lcd.o(.constdata)
    ascii_1608                               0x08006538   Data        1520  lcd.o(.constdata)
    ascii_2412                               0x08006b28   Data        4560  lcd.o(.constdata)
    ascii_3216                               0x08007cf8   Data        6080  lcd.o(.constdata)
    tfont12                                  0x080094b8   Data         130  lcd.o(.constdata)
    tfont16                                  0x0800953a   Data         170  lcd.o(.constdata)
    tfont24                                  0x080095e4   Data         370  lcd.o(.constdata)
    tfont32                                  0x08009756   Data         650  lcd.o(.constdata)
    Region$$Table$$Base                      0x08009a00   Number         0  anon$$obj.o(Region$$Table)
    Region$$Table$$Limit                     0x08009a20   Number         0  anon$$obj.o(Region$$Table)
    motor_param                              0x20000004   Data          12  main.o(.data)
    uwTickFreq                               0x20000010   Data           1  stm32f4xx_hal.o(.data)
    uwTickPrio                               0x20000014   Data           4  stm32f4xx_hal.o(.data)
    uwTick                                   0x20000018   Data           4  stm32f4xx_hal.o(.data)
    SystemCoreClock                          0x2000001c   Data           4  system_stm32f4xx.o(.data)
    motor1_adc_buffer                        0x2000002e   Data           4  adc_measure.o(.data)
    motor1_current_a                         0x20000034   Data           4  adc_measure.o(.data)
    motor1_current_b                         0x20000038   Data           4  adc_measure.o(.data)
    motor1_current_c                         0x2000003c   Data           4  adc_measure.o(.data)
    motor1_current_a_offset                  0x20000040   Data           4  adc_measure.o(.data)
    motor1_current_b_offset                  0x20000044   Data           4  adc_measure.o(.data)
    motor2_adc_buffer                        0x20000048   Data           4  adc_measure.o(.data)
    motor2_current_a                         0x2000004c   Data           4  adc_measure.o(.data)
    motor2_current_b                         0x20000050   Data           4  adc_measure.o(.data)
    motor2_current_c                         0x20000054   Data           4  adc_measure.o(.data)
    motor2_current_a_offset                  0x20000058   Data           4  adc_measure.o(.data)
    motor2_current_b_offset                  0x2000005c   Data           4  adc_measure.o(.data)
    motor_supply_voltage                     0x20000060   Data           4  adc_measure.o(.data)
    iq_target                                0x2000007c   Data           4  key.o(.data)
    Key                                      0x20000084   Data           4  key.o(.data)
    foc_motor0                               0x2000008c   Data         196  main.o(.bss)
    foc_motor1                               0x20000150   Data         196  main.o(.bss)
    as5600_m0                                0x20000214   Data          20  main.o(.bss)
    as5600_m1                                0x20000228   Data          20  main.o(.bss)
    hadc1                                    0x2000023c   Data          72  adc.o(.bss)
    hadc2                                    0x20000284   Data          72  adc.o(.bss)
    hadc3                                    0x200002cc   Data          72  adc.o(.bss)
    hdma_adc2                                0x20000314   Data          96  adc.o(.bss)
    hdma_adc3                                0x20000374   Data          96  adc.o(.bss)
    hi2c1                                    0x200003d4   Data          84  i2c.o(.bss)
    hi2c3                                    0x20000428   Data          84  i2c.o(.bss)
    htim2                                    0x2000047c   Data          72  tim.o(.bss)
    htim3                                    0x200004c4   Data          72  tim.o(.bss)
    htim4                                    0x2000050c   Data          72  tim.o(.bss)
    htim8                                    0x20000554   Data          72  tim.o(.bss)
    huart4                                   0x2000059c   Data          72  usart.o(.bss)
    huart6                                   0x200005e4   Data          72  usart.o(.bss)
    hdma_uart4_rx                            0x2000062c   Data          96  usart.o(.bss)
    hdma_uart4_tx                            0x2000068c   Data          96  usart.o(.bss)
    __initial_sp                             0x20000c60   Data           0  startup_stm32f407xx.o(STACK)



==============================================================================

Memory Map of the image

  Image Entry point : 0x08000189

  Load Region LR_IROM1 (Base: 0x08000000, Size: 0x00009aac, Max: 0x00100000, ABSOLUTE)

    Execution Region ER_IROM1 (Exec base: 0x08000000, Load base: 0x08000000, Size: 0x00009a20, Max: 0x00100000, ABSOLUTE)

    Exec Addr    Load Addr    Size         Type   Attr      Idx    E Section Name        Object

    0x08000000   0x08000000   0x00000188   Data   RO            3    RESET               startup_stm32f407xx.o
    0x08000188   0x08000188   0x00000000   Code   RO         4948  * .ARM.Collect$$$$00000000  mc_w.l(entry.o)
    0x08000188   0x08000188   0x00000004   Code   RO         5241    .ARM.Collect$$$$00000001  mc_w.l(entry2.o)
    0x0800018c   0x0800018c   0x00000004   Code   RO         5244    .ARM.Collect$$$$00000004  mc_w.l(entry5.o)
    0x08000190   0x08000190   0x00000000   Code   RO         5246    .ARM.Collect$$$$00000008  mc_w.l(entry7b.o)
    0x08000190   0x08000190   0x00000000   Code   RO         5248    .ARM.Collect$$$$0000000A  mc_w.l(entry8b.o)
    0x08000190   0x08000190   0x00000008   Code   RO         5249    .ARM.Collect$$$$0000000B  mc_w.l(entry9a.o)
    0x08000198   0x08000198   0x00000004   Code   RO         5256    .ARM.Collect$$$$0000000E  mc_w.l(entry12b.o)
    0x0800019c   0x0800019c   0x00000000   Code   RO         5251    .ARM.Collect$$$$0000000F  mc_w.l(entry10a.o)
    0x0800019c   0x0800019c   0x00000000   Code   RO         5253    .ARM.Collect$$$$00000011  mc_w.l(entry11a.o)
    0x0800019c   0x0800019c   0x00000004   Code   RO         5242    .ARM.Collect$$$$00002712  mc_w.l(entry2.o)
    0x080001a0   0x080001a0   0x00000024   Code   RO            4    .text               startup_stm32f407xx.o
    0x080001c4   0x080001c4   0x00000062   Code   RO         4951    .text               mc_w.l(uldiv.o)
    0x08000226   0x08000226   0x00000024   Code   RO         4955    .text               mc_w.l(memseta.o)
    0x0800024a   0x0800024a   0x0000001e   Code   RO         5260    .text               mc_w.l(llshl.o)
    0x08000268   0x08000268   0x00000020   Code   RO         5262    .text               mc_w.l(llushr.o)
    0x08000288   0x08000288   0x00000000   Code   RO         5271    .text               mc_w.l(iusefp.o)
    0x08000288   0x08000288   0x00000036   Code   RO         5282    .text               mf_w.l(fcmp4.o)
    0x080002be   0x080002be   0x00000002   PAD
    0x080002c0   0x080002c0   0x00000024   Code   RO         5284    .text               mc_w.l(init.o)
    0x080002e4   0x080002e4   0x00000148   Code   RO         4095    i.ADC_Calibrate_Current_Sensors  adc_measure.o
    0x0800042c   0x0800042c   0x0000006e   Code   RO          838    i.ADC_DMAConvCplt   stm32f4xx_hal_adc.o
    0x0800049a   0x0800049a   0x00000016   Code   RO          839    i.ADC_DMAError      stm32f4xx_hal_adc.o
    0x080004b0   0x080004b0   0x0000000a   Code   RO          840    i.ADC_DMAHalfConvCplt  stm32f4xx_hal_adc.o
    0x080004ba   0x080004ba   0x00000002   PAD
    0x080004bc   0x080004bc   0x00000024   Code   RO          648    i.ADC_IRQHandler    stm32f4xx_it.o
    0x080004e0   0x080004e0   0x00000128   Code   RO          841    i.ADC_Init          stm32f4xx_hal_adc.o
    0x08000608   0x08000608   0x00000088   Code   RO         4099    i.ADC_Measure_Init  adc_measure.o
    0x08000690   0x08000690   0x00000006   Code   RO         4202    i.AS5600_ErrorCallback  as5600.o
    0x08000696   0x08000696   0x00000002   PAD
    0x08000698   0x08000698   0x00000018   Code   RO         4203    i.AS5600_Init       as5600.o
    0x080006b0   0x080006b0   0x00000024   Code   RO         4204    i.AS5600_RequestAngle_IT  as5600.o
    0x080006d4   0x080006d4   0x00000048   Code   RO         4205    i.AS5600_RxCpltCallback  as5600.o
    0x0800071c   0x0800071c   0x00000002   Code   RO          649    i.BusFault_Handler  stm32f4xx_it.o
    0x0800071e   0x0800071e   0x00000002   PAD
    0x08000720   0x08000720   0x00000028   Code   RO         4687    i.Clarke_Transform  clarke_park.o
    0x08000748   0x08000748   0x0000000c   Code   RO          650    i.DMA1_Stream2_IRQHandler  stm32f4xx_it.o
    0x08000754   0x08000754   0x0000000c   Code   RO          651    i.DMA1_Stream4_IRQHandler  stm32f4xx_it.o
    0x08000760   0x08000760   0x0000000c   Code   RO          652    i.DMA2_Stream0_IRQHandler  stm32f4xx_it.o
    0x0800076c   0x0800076c   0x0000000c   Code   RO          653    i.DMA2_Stream2_IRQHandler  stm32f4xx_it.o
    0x08000778   0x08000778   0x00000028   Code   RO         1575    i.DMA_CalcBaseAndBitshift  stm32f4xx_hal_dma.o
    0x080007a0   0x080007a0   0x00000054   Code   RO         1576    i.DMA_CheckFifoParam  stm32f4xx_hal_dma.o
    0x080007f4   0x080007f4   0x00000028   Code   RO         1577    i.DMA_SetConfig     stm32f4xx_hal_dma.o
    0x0800081c   0x0800081c   0x00000002   Code   RO          654    i.DebugMon_Handler  stm32f4xx_it.o
    0x0800081e   0x0800081e   0x00000004   Code   RO           13    i.Error_Handler     main.o
    0x08000822   0x08000822   0x00000002   PAD
    0x08000824   0x08000824   0x000000a0   Code   RO         4756    i.FOC_Calibrate     foc_core.o
    0x080008c4   0x080008c4   0x000000c8   Code   RO         4757    i.FOC_HandleInit    foc_core.o
    0x0800098c   0x0800098c   0x00000104   Code   RO         4758    i.FOC_RunCurrentLoop  foc_core.o
    0x08000a90   0x08000a90   0x0000000a   Code   RO         4759    i.FOC_SetCurrentTarget  foc_core.o
    0x08000a9a   0x08000a9a   0x0000000e   Code   RO         4760    i.FOC_SetMode       foc_core.o
    0x08000aa8   0x08000aa8   0x0000003e   Code   RO         4763    i.FOC_SetVoltage    foc_core.o
    0x08000ae6   0x08000ae6   0x00000002   Code   RO         1012    i.HAL_ADCEx_InjectedConvCpltCallback  stm32f4xx_hal_adc_ex.o
    0x08000ae8   0x08000ae8   0x0000014c   Code   RO          843    i.HAL_ADC_ConfigChannel  stm32f4xx_hal_adc.o
    0x08000c34   0x08000c34   0x00000002   Code   RO         4101    i.HAL_ADC_ConvCpltCallback  adc_measure.o
    0x08000c36   0x08000c36   0x00000002   Code   RO          845    i.HAL_ADC_ConvHalfCpltCallback  stm32f4xx_hal_adc.o
    0x08000c38   0x08000c38   0x00000002   Code   RO          847    i.HAL_ADC_ErrorCallback  stm32f4xx_hal_adc.o
    0x08000c3a   0x08000c3a   0x0000012e   Code   RO          851    i.HAL_ADC_IRQHandler  stm32f4xx_hal_adc.o
    0x08000d68   0x08000d68   0x00000054   Code   RO          852    i.HAL_ADC_Init      stm32f4xx_hal_adc.o
    0x08000dbc   0x08000dbc   0x00000002   Code   RO          853    i.HAL_ADC_LevelOutOfWindowCallback  stm32f4xx_hal_adc.o
    0x08000dbe   0x08000dbe   0x00000002   PAD
    0x08000dc0   0x08000dc0   0x00000178   Code   RO          394    i.HAL_ADC_MspInit   adc.o
    0x08000f38   0x08000f38   0x00000158   Code   RO          859    i.HAL_ADC_Start_DMA  stm32f4xx_hal_adc.o
    0x08001090   0x08001090   0x0000006c   Code   RO          862    i.HAL_ADC_Stop_DMA  stm32f4xx_hal_adc.o
    0x080010fc   0x080010fc   0x00000092   Code   RO         1578    i.HAL_DMA_Abort     stm32f4xx_hal_dma.o
    0x0800118e   0x0800118e   0x00000024   Code   RO         1579    i.HAL_DMA_Abort_IT  stm32f4xx_hal_dma.o
    0x080011b2   0x080011b2   0x00000006   Code   RO         1582    i.HAL_DMA_GetState  stm32f4xx_hal_dma.o
    0x080011b8   0x080011b8   0x000001a0   Code   RO         1583    i.HAL_DMA_IRQHandler  stm32f4xx_hal_dma.o
    0x08001358   0x08001358   0x000000d4   Code   RO         1584    i.HAL_DMA_Init      stm32f4xx_hal_dma.o
    0x0800142c   0x0800142c   0x0000006e   Code   RO         1588    i.HAL_DMA_Start_IT  stm32f4xx_hal_dma.o
    0x0800149a   0x0800149a   0x00000002   PAD
    0x0800149c   0x0800149c   0x00000024   Code   RO         2015    i.HAL_Delay         stm32f4xx_hal.o
    0x080014c0   0x080014c0   0x000001f0   Code   RO         1471    i.HAL_GPIO_Init     stm32f4xx_hal_gpio.o
    0x080016b0   0x080016b0   0x0000000a   Code   RO         1473    i.HAL_GPIO_ReadPin  stm32f4xx_hal_gpio.o
    0x080016ba   0x080016ba   0x0000000a   Code   RO         1475    i.HAL_GPIO_WritePin  stm32f4xx_hal_gpio.o
    0x080016c4   0x080016c4   0x0000000c   Code   RO         2021    i.HAL_GetTick       stm32f4xx_hal.o
    0x080016d0   0x080016d0   0x00000002   Code   RO         2266    i.HAL_I2C_AbortCpltCallback  stm32f4xx_hal_i2c.o
    0x080016d2   0x080016d2   0x00000002   Code   RO         2267    i.HAL_I2C_AddrCallback  stm32f4xx_hal_i2c.o
    0x080016d4   0x080016d4   0x000000ba   Code   RO         2270    i.HAL_I2C_ER_IRQHandler  stm32f4xx_hal_i2c.o
    0x0800178e   0x0800178e   0x00000230   Code   RO         2271    i.HAL_I2C_EV_IRQHandler  stm32f4xx_hal_i2c.o
    0x080019be   0x080019be   0x00000002   PAD
    0x080019c0   0x080019c0   0x00000028   Code   RO           14    i.HAL_I2C_ErrorCallback  main.o
    0x080019e8   0x080019e8   0x00000188   Code   RO         2277    i.HAL_I2C_Init      stm32f4xx_hal_i2c.o
    0x08001b70   0x08001b70   0x00000002   Code   RO         2279    i.HAL_I2C_ListenCpltCallback  stm32f4xx_hal_i2c.o
    0x08001b72   0x08001b72   0x00000002   PAD
    0x08001b74   0x08001b74   0x00000028   Code   RO           15    i.HAL_I2C_MasterRxCpltCallback  main.o
    0x08001b9c   0x08001b9c   0x00000002   Code   RO         2281    i.HAL_I2C_MasterTxCpltCallback  stm32f4xx_hal_i2c.o
    0x08001b9e   0x08001b9e   0x00000002   Code   RO         2293    i.HAL_I2C_MemRxCpltCallback  stm32f4xx_hal_i2c.o
    0x08001ba0   0x08001ba0   0x00000002   Code   RO         2294    i.HAL_I2C_MemTxCpltCallback  stm32f4xx_hal_i2c.o
    0x08001ba2   0x08001ba2   0x00000002   PAD
    0x08001ba4   0x08001ba4   0x000000dc   Code   RO         2297    i.HAL_I2C_Mem_Read_IT  stm32f4xx_hal_i2c.o
    0x08001c80   0x08001c80   0x00000128   Code   RO          475    i.HAL_I2C_MspInit   i2c.o
    0x08001da8   0x08001da8   0x00000002   Code   RO         2303    i.HAL_I2C_SlaveRxCpltCallback  stm32f4xx_hal_i2c.o
    0x08001daa   0x08001daa   0x00000002   Code   RO         2304    i.HAL_I2C_SlaveTxCpltCallback  stm32f4xx_hal_i2c.o
    0x08001dac   0x08001dac   0x00000010   Code   RO         2027    i.HAL_IncTick       stm32f4xx_hal.o
    0x08001dbc   0x08001dbc   0x00000034   Code   RO         2028    i.HAL_Init          stm32f4xx_hal.o
    0x08001df0   0x08001df0   0x00000040   Code   RO         2029    i.HAL_InitTick      stm32f4xx_hal.o
    0x08001e30   0x08001e30   0x00000030   Code   RO          814    i.HAL_MspInit       stm32f4xx_hal_msp.o
    0x08001e60   0x08001e60   0x0000001a   Code   RO         1863    i.HAL_NVIC_EnableIRQ  stm32f4xx_hal_cortex.o
    0x08001e7a   0x08001e7a   0x00000002   PAD
    0x08001e7c   0x08001e7c   0x00000040   Code   RO         1869    i.HAL_NVIC_SetPriority  stm32f4xx_hal_cortex.o
    0x08001ebc   0x08001ebc   0x00000024   Code   RO         1870    i.HAL_NVIC_SetPriorityGrouping  stm32f4xx_hal_cortex.o
    0x08001ee0   0x08001ee0   0x00000134   Code   RO         1117    i.HAL_RCC_ClockConfig  stm32f4xx_hal_rcc.o
    0x08002014   0x08002014   0x00000020   Code   RO         1124    i.HAL_RCC_GetPCLK1Freq  stm32f4xx_hal_rcc.o
    0x08002034   0x08002034   0x00000020   Code   RO         1125    i.HAL_RCC_GetPCLK2Freq  stm32f4xx_hal_rcc.o
    0x08002054   0x08002054   0x00000060   Code   RO         1126    i.HAL_RCC_GetSysClockFreq  stm32f4xx_hal_rcc.o
    0x080020b4   0x080020b4   0x0000036c   Code   RO         1129    i.HAL_RCC_OscConfig  stm32f4xx_hal_rcc.o
    0x08002420   0x08002420   0x00000028   Code   RO         1874    i.HAL_SYSTICK_Config  stm32f4xx_hal_cortex.o
    0x08002448   0x08002448   0x00000002   Code   RO         3427    i.HAL_TIMEx_BreakCallback  stm32f4xx_hal_tim_ex.o
    0x0800244a   0x0800244a   0x00000002   Code   RO         3428    i.HAL_TIMEx_CommutCallback  stm32f4xx_hal_tim_ex.o
    0x0800244c   0x0800244c   0x00000090   Code   RO         3446    i.HAL_TIMEx_MasterConfigSynchronization  stm32f4xx_hal_tim_ex.o
    0x080024dc   0x080024dc   0x0000005a   Code   RO         2723    i.HAL_TIM_Base_Init  stm32f4xx_hal_tim.o
    0x08002536   0x08002536   0x00000002   PAD
    0x08002538   0x08002538   0x00000058   Code   RO          523    i.HAL_TIM_Base_MspInit  tim.o
    0x08002590   0x08002590   0x00000078   Code   RO         2726    i.HAL_TIM_Base_Start  stm32f4xx_hal_tim.o
    0x08002608   0x08002608   0x00000080   Code   RO         2728    i.HAL_TIM_Base_Start_IT  stm32f4xx_hal_tim.o
    0x08002688   0x08002688   0x000000dc   Code   RO         2732    i.HAL_TIM_ConfigClockSource  stm32f4xx_hal_tim.o
    0x08002764   0x08002764   0x00000002   Code   RO         2757    i.HAL_TIM_IC_CaptureCallback  stm32f4xx_hal_tim.o
    0x08002766   0x08002766   0x00000130   Code   RO         2771    i.HAL_TIM_IRQHandler  stm32f4xx_hal_tim.o
    0x08002896   0x08002896   0x00000002   PAD
    0x08002898   0x08002898   0x000000a8   Code   RO          524    i.HAL_TIM_MspPostInit  tim.o
    0x08002940   0x08002940   0x00000002   Code   RO         2774    i.HAL_TIM_OC_DelayElapsedCallback  stm32f4xx_hal_tim.o
    0x08002942   0x08002942   0x000000cc   Code   RO         2795    i.HAL_TIM_PWM_ConfigChannel  stm32f4xx_hal_tim.o
    0x08002a0e   0x08002a0e   0x0000005a   Code   RO         2798    i.HAL_TIM_PWM_Init  stm32f4xx_hal_tim.o
    0x08002a68   0x08002a68   0x0000003c   Code   RO          526    i.HAL_TIM_PWM_MspInit  tim.o
    0x08002aa4   0x08002aa4   0x00000002   Code   RO         2801    i.HAL_TIM_PWM_PulseFinishedCallback  stm32f4xx_hal_tim.o
    0x08002aa6   0x08002aa6   0x00000002   PAD
    0x08002aa8   0x08002aa8   0x000000c8   Code   RO         2803    i.HAL_TIM_PWM_Start  stm32f4xx_hal_tim.o
    0x08002b70   0x08002b70   0x00000054   Code   RO           16    i.HAL_TIM_PeriodElapsedCallback  main.o
    0x08002bc4   0x08002bc4   0x00000002   Code   RO         2814    i.HAL_TIM_TriggerCallback  stm32f4xx_hal_tim.o
    0x08002bc6   0x08002bc6   0x0000004a   Code   RO         3704    i.HAL_UARTEx_ReceiveToIdle_DMA  stm32f4xx_hal_uart.o
    0x08002c10   0x08002c10   0x00000044   Code   RO         4251    i.HAL_UARTEx_RxEventCallback  jy60.o
    0x08002c54   0x08002c54   0x00000002   Code   RO         3720    i.HAL_UART_ErrorCallback  stm32f4xx_hal_uart.o
    0x08002c56   0x08002c56   0x00000002   PAD
    0x08002c58   0x08002c58   0x00000280   Code   RO         3723    i.HAL_UART_IRQHandler  stm32f4xx_hal_uart.o
    0x08002ed8   0x08002ed8   0x00000064   Code   RO         3724    i.HAL_UART_Init     stm32f4xx_hal_uart.o
    0x08002f3c   0x08002f3c   0x00000138   Code   RO          601    i.HAL_UART_MspInit  usart.o
    0x08003074   0x08003074   0x00000002   Code   RO         3730    i.HAL_UART_RxCpltCallback  stm32f4xx_hal_uart.o
    0x08003076   0x08003076   0x00000002   Code   RO         3731    i.HAL_UART_RxHalfCpltCallback  stm32f4xx_hal_uart.o
    0x08003078   0x08003078   0x00000002   Code   RO         3735    i.HAL_UART_TxCpltCallback  stm32f4xx_hal_uart.o
    0x0800307a   0x0800307a   0x00000002   Code   RO          655    i.HardFault_Handler  stm32f4xx_it.o
    0x0800307c   0x0800307c   0x0000000c   Code   RO          656    i.I2C1_ER_IRQHandler  stm32f4xx_it.o
    0x08003088   0x08003088   0x0000000c   Code   RO          657    i.I2C1_EV_IRQHandler  stm32f4xx_it.o
    0x08003094   0x08003094   0x0000000c   Code   RO          658    i.I2C3_ER_IRQHandler  stm32f4xx_it.o
    0x080030a0   0x080030a0   0x0000000c   Code   RO          659    i.I2C3_EV_IRQHandler  stm32f4xx_it.o
    0x080030ac   0x080030ac   0x000000bc   Code   RO         2315    i.I2C_DMAAbort      stm32f4xx_hal_i2c.o
    0x08003168   0x08003168   0x00000010   Code   RO         2318    i.I2C_Flush_DR      stm32f4xx_hal_i2c.o
    0x08003178   0x08003178   0x00000158   Code   RO         2319    i.I2C_ITError       stm32f4xx_hal_i2c.o
    0x080032d0   0x080032d0   0x000000da   Code   RO         2321    i.I2C_MasterReceive_BTF  stm32f4xx_hal_i2c.o
    0x080033aa   0x080033aa   0x00000002   PAD
    0x080033ac   0x080033ac   0x000000f4   Code   RO         2322    i.I2C_MasterReceive_RXNE  stm32f4xx_hal_i2c.o
    0x080034a0   0x080034a0   0x00000082   Code   RO         2325    i.I2C_MasterTransmit_BTF  stm32f4xx_hal_i2c.o
    0x08003522   0x08003522   0x00000002   PAD
    0x08003524   0x08003524   0x000000b6   Code   RO         2326    i.I2C_MasterTransmit_TXE  stm32f4xx_hal_i2c.o
    0x080035da   0x080035da   0x00000002   PAD
    0x080035dc   0x080035dc   0x00000118   Code   RO         2327    i.I2C_Master_ADDR   stm32f4xx_hal_i2c.o
    0x080036f4   0x080036f4   0x0000008c   Code   RO         2328    i.I2C_Master_SB     stm32f4xx_hal_i2c.o
    0x08003780   0x08003780   0x000000a8   Code   RO         2329    i.I2C_MemoryTransmit_TXE_BTF  stm32f4xx_hal_i2c.o
    0x08003828   0x08003828   0x00000046   Code   RO         2332    i.I2C_Slave_ADDR    stm32f4xx_hal_i2c.o
    0x0800386e   0x0800386e   0x00000002   PAD
    0x08003870   0x08003870   0x00000090   Code   RO         2333    i.I2C_Slave_AF      stm32f4xx_hal_i2c.o
    0x08003900   0x08003900   0x0000015c   Code   RO         2334    i.I2C_Slave_STOPF   stm32f4xx_hal_i2c.o
    0x08003a5c   0x08003a5c   0x00000050   Code   RO         4688    i.Inverse_Park_Transform  clarke_park.o
    0x08003aac   0x08003aac   0x00000034   Code   RO         4266    i.JY60DMA_Init      jy60.o
    0x08003ae0   0x08003ae0   0x00000148   Code   RO         4267    i.JY60DMA_ParseByte  jy60.o
    0x08003c28   0x08003c28   0x00000074   Code   RO         4424    i.LCD_Address_Set   lcd.o
    0x08003c9c   0x08003c9c   0x00000022   Code   RO         4429    i.LCD_DrawPoint     lcd.o
    0x08003cbe   0x08003cbe   0x0000007c   Code   RO         4431    i.LCD_Fill          lcd.o
    0x08003d3a   0x08003d3a   0x00000002   PAD
    0x08003d3c   0x08003d3c   0x0000007c   Code   RO         4589    i.LCD_GPIO_Init     lcd_init.o
    0x08003db8   0x08003db8   0x00000220   Code   RO         4590    i.LCD_Init          lcd_init.o
    0x08003fd8   0x08003fd8   0x00000140   Code   RO         4432    i.LCD_ShowChar      lcd.o
    0x08004118   0x08004118   0x00000098   Code   RO         4438    i.LCD_ShowFloatNum1  lcd.o
    0x080041b0   0x080041b0   0x0000007e   Code   RO         4439    i.LCD_ShowIntNum    lcd.o
    0x0800422e   0x0800422e   0x0000003a   Code   RO         4443    i.LCD_ShowString    lcd.o
    0x08004268   0x08004268   0x00000014   Code   RO         4591    i.LCD_WR_DATA       lcd_init.o
    0x0800427c   0x0800427c   0x00000004   Code   RO         4592    i.LCD_WR_DATA8      lcd_init.o
    0x08004280   0x08004280   0x00000028   Code   RO         4593    i.LCD_WR_REG        lcd_init.o
    0x080042a8   0x080042a8   0x00000058   Code   RO         4594    i.LCD_Writ_Bus      lcd_init.o
    0x08004300   0x08004300   0x00000064   Code   RO          395    i.MX_ADC1_Init      adc.o
    0x08004364   0x08004364   0x0000007c   Code   RO          396    i.MX_ADC2_Init      adc.o
    0x080043e0   0x080043e0   0x0000007c   Code   RO          397    i.MX_ADC3_Init      adc.o
    0x0800445c   0x0800445c   0x0000006c   Code   RO          447    i.MX_DMA_Init       dma.o
    0x080044c8   0x080044c8   0x00000080   Code   RO          261    i.MX_GPIO_Init      gpio.o
    0x08004548   0x08004548   0x00000040   Code   RO          476    i.MX_I2C1_Init      i2c.o
    0x08004588   0x08004588   0x00000040   Code   RO          477    i.MX_I2C3_Init      i2c.o
    0x080045c8   0x080045c8   0x00000090   Code   RO          527    i.MX_TIM2_Init      tim.o
    0x08004658   0x08004658   0x00000068   Code   RO          528    i.MX_TIM3_Init      tim.o
    0x080046c0   0x080046c0   0x00000090   Code   RO          529    i.MX_TIM4_Init      tim.o
    0x08004750   0x08004750   0x00000068   Code   RO          530    i.MX_TIM8_Init      tim.o
    0x080047b8   0x080047b8   0x00000038   Code   RO          602    i.MX_UART4_Init     usart.o
    0x080047f0   0x080047f0   0x00000038   Code   RO          603    i.MX_USART6_UART_Init  usart.o
    0x08004828   0x08004828   0x00000002   Code   RO          660    i.MemManage_Handler  stm32f4xx_it.o
    0x0800482a   0x0800482a   0x00000002   PAD
    0x0800482c   0x0800482c   0x000000e8   Code   RO         4102    i.Motor1_Get_Phase_Current_A  adc_measure.o
    0x08004914   0x08004914   0x000000e8   Code   RO         4103    i.Motor1_Get_Phase_Current_B  adc_measure.o
    0x080049fc   0x080049fc   0x000000e8   Code   RO         4105    i.Motor2_Get_Phase_Current_A  adc_measure.o
    0x08004ae4   0x08004ae4   0x000000e8   Code   RO         4106    i.Motor2_Get_Phase_Current_B  adc_measure.o
    0x08004bcc   0x08004bcc   0x00000002   Code   RO          661    i.NMI_Handler       stm32f4xx_it.o
    0x08004bce   0x08004bce   0x0000005e   Code   RO         4714    i.PI_Calc           pi.o
    0x08004c2c   0x08004c2c   0x0000001c   Code   RO         4715    i.PI_Init           pi.o
    0x08004c48   0x08004c48   0x00000050   Code   RO         4689    i.Park_Transform    clarke_park.o
    0x08004c98   0x08004c98   0x00000002   Code   RO          662    i.PendSV_Handler    stm32f4xx_it.o
    0x08004c9a   0x08004c9a   0x00000002   Code   RO          663    i.SVC_Handler       stm32f4xx_it.o
    0x08004c9c   0x08004c9c   0x00000144   Code   RO         4741    i.SVPWM_Calculate   svpwm.o
    0x08004de0   0x08004de0   0x00000004   Code   RO          664    i.SysTick_Handler   stm32f4xx_it.o
    0x08004de4   0x08004de4   0x00000094   Code   RO           17    i.SystemClock_Config  main.o
    0x08004e78   0x08004e78   0x00000010   Code   RO         4058    i.SystemInit        system_stm32f4xx.o
    0x08004e88   0x08004e88   0x0000000c   Code   RO          665    i.TIM3_IRQHandler   stm32f4xx_it.o
    0x08004e94   0x08004e94   0x000000d0   Code   RO         2816    i.TIM_Base_SetConfig  stm32f4xx_hal_tim.o
    0x08004f64   0x08004f64   0x0000001a   Code   RO         2817    i.TIM_CCxChannelCmd  stm32f4xx_hal_tim.o
    0x08004f7e   0x08004f7e   0x00000014   Code   RO         2827    i.TIM_ETR_SetConfig  stm32f4xx_hal_tim.o
    0x08004f92   0x08004f92   0x00000010   Code   RO         2828    i.TIM_ITRx_SetConfig  stm32f4xx_hal_tim.o
    0x08004fa2   0x08004fa2   0x00000002   PAD
    0x08004fa4   0x08004fa4   0x00000060   Code   RO         2829    i.TIM_OC1_SetConfig  stm32f4xx_hal_tim.o
    0x08005004   0x08005004   0x0000006c   Code   RO         2830    i.TIM_OC2_SetConfig  stm32f4xx_hal_tim.o
    0x08005070   0x08005070   0x00000068   Code   RO         2831    i.TIM_OC3_SetConfig  stm32f4xx_hal_tim.o
    0x080050d8   0x080050d8   0x00000050   Code   RO         2832    i.TIM_OC4_SetConfig  stm32f4xx_hal_tim.o
    0x08005128   0x08005128   0x00000022   Code   RO         2834    i.TIM_TI1_ConfigInputStage  stm32f4xx_hal_tim.o
    0x0800514a   0x0800514a   0x00000024   Code   RO         2836    i.TIM_TI2_ConfigInputStage  stm32f4xx_hal_tim.o
    0x0800516e   0x0800516e   0x00000002   PAD
    0x08005170   0x08005170   0x0000000c   Code   RO          666    i.UART4_IRQHandler  stm32f4xx_it.o
    0x0800517c   0x0800517c   0x0000000e   Code   RO         3737    i.UART_DMAAbortOnError  stm32f4xx_hal_uart.o
    0x0800518a   0x0800518a   0x0000004a   Code   RO         3738    i.UART_DMAError     stm32f4xx_hal_uart.o
    0x080051d4   0x080051d4   0x00000086   Code   RO         3739    i.UART_DMAReceiveCplt  stm32f4xx_hal_uart.o
    0x0800525a   0x0800525a   0x0000001e   Code   RO         3741    i.UART_DMARxHalfCplt  stm32f4xx_hal_uart.o
    0x08005278   0x08005278   0x0000004e   Code   RO         3747    i.UART_EndRxTransfer  stm32f4xx_hal_uart.o
    0x080052c6   0x080052c6   0x0000001c   Code   RO         3748    i.UART_EndTxTransfer  stm32f4xx_hal_uart.o
    0x080052e2   0x080052e2   0x000000c2   Code   RO         3749    i.UART_Receive_IT   stm32f4xx_hal_uart.o
    0x080053a4   0x080053a4   0x0000010c   Code   RO         3750    i.UART_SetConfig    stm32f4xx_hal_uart.o
    0x080054b0   0x080054b0   0x000000a0   Code   RO         3751    i.UART_Start_Receive_DMA  stm32f4xx_hal_uart.o
    0x08005550   0x08005550   0x0000000c   Code   RO          667    i.USART6_IRQHandler  stm32f4xx_it.o
    0x0800555c   0x0800555c   0x00000002   Code   RO          668    i.UsageFault_Handler  stm32f4xx_it.o
    0x0800555e   0x0800555e   0x00000026   Code   RO         5222    i.__ARM_fpclassifyf  m_wm.l(fpclassifyf.o)
    0x08005584   0x08005584   0x00000020   Code   RO         1876    i.__NVIC_SetPriority  stm32f4xx_hal_cortex.o
    0x080055a4   0x080055a4   0x00000150   Code   RO         4904    i.__hardfp_cosf     m_wm.l(cosf.o)
    0x080056f4   0x080056f4   0x00000048   Code   RO         4940    i.__hardfp_fmaxf    m_wm.l(fmaxf.o)
    0x0800573c   0x0800573c   0x00000048   Code   RO         4944    i.__hardfp_fminf    m_wm.l(fminf.o)
    0x08005784   0x08005784   0x00000190   Code   RO         4916    i.__hardfp_sinf     m_wm.l(sinf.o)
    0x08005914   0x08005914   0x0000003a   Code   RO         4928    i.__hardfp_sqrtf    m_wm.l(sqrtf.o)
    0x0800594e   0x0800594e   0x00000006   Code   RO         5225    i.__mathlib_flt_infnan  m_wm.l(funder.o)
    0x08005954   0x08005954   0x00000010   Code   RO         5227    i.__mathlib_flt_invalid  m_wm.l(funder.o)
    0x08005964   0x08005964   0x00000010   Code   RO         5230    i.__mathlib_flt_underflow  m_wm.l(funder.o)
    0x08005974   0x08005974   0x00000154   Code   RO         5238    i.__mathlib_rredf2  m_wm.l(rredf.o)
    0x08005ac8   0x08005ac8   0x0000000e   Code   RO         5292    i.__scatterload_copy  mc_w.l(handlers.o)
    0x08005ad6   0x08005ad6   0x00000002   Code   RO         5293    i.__scatterload_null  mc_w.l(handlers.o)
    0x08005ad8   0x08005ad8   0x0000000e   Code   RO         5294    i.__scatterload_zeroinit  mc_w.l(handlers.o)
    0x08005ae6   0x08005ae6   0x00000002   PAD
    0x08005ae8   0x08005ae8   0x0000000c   Code   RO         5266    i.__set_errno       mc_w.l(errno.o)
    0x08005af4   0x08005af4   0x00000004   Code   RO         4816    i.hal_delay_ms      foc_hal_stm32.o
    0x08005af8   0x08005af8   0x00000030   Code   RO         4817    i.hal_get_electrical_angle  foc_hal_stm32.o
    0x08005b28   0x08005b28   0x00000018   Code   RO         4818    i.hal_get_electrical_angle_raw  foc_hal_stm32.o
    0x08005b40   0x08005b40   0x0000000a   Code   RO         4819    i.hal_get_phase_current_a  foc_hal_stm32.o
    0x08005b4a   0x08005b4a   0x0000000a   Code   RO         4820    i.hal_get_phase_current_b  foc_hal_stm32.o
    0x08005b54   0x08005b54   0x0000006c   Code   RO         4822    i.hal_pwm_apply     foc_hal_stm32.o
    0x08005bc0   0x08005bc0   0x0000001c   Code   RO         4268    i.int16_to_float    jy60.o
    0x08005bdc   0x08005bdc   0x00000074   Code   RO         4392    i.key_scan          key.o
    0x08005c50   0x08005c50   0x00000444   Code   RO           18    i.main              main.o
    0x08006094   0x08006094   0x00000010   Code   RO         4444    i.mypow             lcd.o
    0x080060a4   0x080060a4   0x00000008   Data   RO         1590    .constdata          stm32f4xx_hal_dma.o
    0x080060ac   0x080060ac   0x00000010   Data   RO         4059    .constdata          system_stm32f4xx.o
    0x080060bc   0x080060bc   0x00000008   Data   RO         4060    .constdata          system_stm32f4xx.o
    0x080060c4   0x080060c4   0x0000391c   Data   RO         4446    .constdata          lcd.o
    0x080099e0   0x080099e0   0x00000020   Data   RO         5239    .constdata          m_wm.l(rredf.o)
    0x08009a00   0x08009a00   0x00000020   Data   RO         5290    Region$$Table       anon$$obj.o


    Execution Region RW_IRAM1 (Exec base: 0x20000000, Load base: 0x08009a20, Size: 0x00000c60, Max: 0x0001c000, ABSOLUTE)

    Exec Addr    Load Addr    Size         Type   Attr      Idx    E Section Name        Object

    0x20000000   0x08009a20   0x00000010   Data   RW           20    .data               main.o
    0x20000010   0x08009a30   0x0000000c   Data   RW         2035    .data               stm32f4xx_hal.o
    0x2000001c   0x08009a3c   0x00000004   Data   RW         4061    .data               system_stm32f4xx.o
    0x20000020   0x08009a40   0x00000058   Data   RW         4109    .data               adc_measure.o
    0x20000078   0x08009a98   0x00000001   Data   RW         4270    .data               jy60.o
    0x20000079   0x08009a99   0x00000003   PAD
    0x2000007c   0x08009a9c   0x0000000c   Data   RW         4393    .data               key.o
    0x20000088   0x08009aa8   0x00000004   Data   RW         5267    .data               mc_w.l(errno.o)
    0x2000008c        -       0x000001b0   Zero   RW           19    .bss                main.o
    0x2000023c        -       0x00000198   Zero   RW          398    .bss                adc.o
    0x200003d4        -       0x000000a8   Zero   RW          478    .bss                i2c.o
    0x2000047c        -       0x00000120   Zero   RW          531    .bss                tim.o
    0x2000059c        -       0x00000150   Zero   RW          604    .bss                usart.o
    0x200006ec        -       0x00000040   Zero   RW         4108    .bss                adc_measure.o
    0x2000072c        -       0x00000133   Zero   RW         4269    .bss                jy60.o
    0x2000085f   0x08009aac   0x00000001   PAD
    0x20000860        -       0x00000400   Zero   RW            1    STACK               startup_stm32f407xx.o


    Execution Region RW_IRAM2 (Exec base: 0x2001c000, Load base: 0x08009aac, Size: 0x00000000, Max: 0x00004000, ABSOLUTE)

    **** No section assigned to this execution region ****


==============================================================================

Image component sizes


      Code (inc. data)   RO Data    RW Data    ZI Data      Debug   Object Name

       724         66          0          0        408       3315   adc.o
      1394        176          0         88         64       8484   adc_measure.o
       138         14          0          0          0       3066   as5600.o
       200          6          0          0          0       2893   clarke_park.o
       108          4          0          0          0        810   dma.o
       706         44          0          0          0       5380   foc_core.o
       204         34          0          0          0       5849   foc_hal_stm32.o
       128         10          0          0          0     715635   gpio.o
       424         54          0          0        168       2386   i2c.o
       476         52          0          1        307       3932   jy60.o
       116         12          0         12          0       1188   key.o
       946         24      14620          0          0       8604   lcd.o
       820         22          0          0          0       5847   lcd_init.o
      1408        190          0         16        432     706503   main.o
       122          6          0          0          0       1904   pi.o
        36          8        392          0       1024        824   startup_stm32f407xx.o
       180         28          0         12          0       9313   stm32f4xx_hal.o
      1614         66          0          0          0       9129   stm32f4xx_hal_adc.o
         2          0          0          0          0        961   stm32f4xx_hal_adc_ex.o
       198         14          0          0          0      33751   stm32f4xx_hal_cortex.o
      1090         16          8          0          0       7817   stm32f4xx_hal_dma.o
       516         46          0          0          0       2803   stm32f4xx_hal_gpio.o
      3846         64          0          0          0      23308   stm32f4xx_hal_i2c.o
        48          6          0          0          0        834   stm32f4xx_hal_msp.o
      1344         72          0          0          0       5188   stm32f4xx_hal_rcc.o
      2092        166          0          0          0      16913   stm32f4xx_hal_tim.o
       148         28          0          0          0       2437   stm32f4xx_hal_tim_ex.o
      1802         28          0          0          0      12573   stm32f4xx_hal_uart.o
       188         78          0          0          0      11496   stm32f4xx_it.o
       324         22          0          0          0       1834   svpwm.o
        16          4         24          4          0       1091   system_stm32f4xx.o
       812         72          0          0        288       5061   tim.o
       424         42          0          0        336       2521   usart.o

    ----------------------------------------------------------------------
     22638       1474      15076        136       3028    1623650   Object Totals
         0          0         32          0          0          0   (incl. Generated)
        44          0          0          3          1          0   (incl. Padding)

    ----------------------------------------------------------------------

      Code (inc. data)   RO Data    RW Data    ZI Data      Debug   Library Member Name

       336         56          0          0          0        136   cosf.o
        72          0          0          0          0        148   fmaxf.o
        72          0          0          0          0        148   fminf.o
        38          0          0          0          0        116   fpclassifyf.o
        38         12          0          0          0        348   funder.o
       340         24         32          0          0        160   rredf.o
       400         56          0          0          0        212   sinf.o
        58          0          0          0          0        136   sqrtf.o
         0          0          0          0          0          0   entry.o
         0          0          0          0          0          0   entry10a.o
         0          0          0          0          0          0   entry11a.o
         4          0          0          0          0          0   entry12b.o
         8          4          0          0          0          0   entry2.o
         4          0          0          0          0          0   entry5.o
         0          0          0          0          0          0   entry7b.o
         0          0          0          0          0          0   entry8b.o
         8          4          0          0          0          0   entry9a.o
        12          6          0          4          0         68   errno.o
        30          0          0          0          0          0   handlers.o
        36          8          0          0          0         68   init.o
         0          0          0          0          0          0   iusefp.o
        30          0          0          0          0         68   llshl.o
        32          0          0          0          0         68   llushr.o
        36          0          0          0          0        108   memseta.o
        98          0          0          0          0         92   uldiv.o
        54          0          0          0          0         68   fcmp4.o

    ----------------------------------------------------------------------
      1710        170         32          4          0       1944   Library Totals
         4          0          0          0          0          0   (incl. Padding)

    ----------------------------------------------------------------------

      Code (inc. data)   RO Data    RW Data    ZI Data      Debug   Library Name

      1354        148         32          0          0       1404   m_wm.l
       298         22          0          4          0        472   mc_w.l
        54          0          0          0          0         68   mf_w.l

    ----------------------------------------------------------------------
      1710        170         32          4          0       1944   Library Totals

    ----------------------------------------------------------------------

==============================================================================


      Code (inc. data)   RO Data    RW Data    ZI Data      Debug   

     24348       1644      15108        140       3028    1606094   Grand Totals
     24348       1644      15108        140       3028    1606094   ELF Image Totals
     24348       1644      15108        140          0          0   ROM Totals

==============================================================================

    Total RO  Size (Code + RO Data)                39456 (  38.53kB)
    Total RW  Size (RW Data + ZI Data)              3168 (   3.09kB)
    Total ROM Size (Code + RO Data + RW Data)      39596 (  38.67kB)

==============================================================================

